Component: ARM Compiler 6.16 Tool: armlink [5dfeaa00]

==============================================================================

Section Cross References

    main.o(.text.HAL_GetTick) refers to rtx_kernel.o(.text.osKernelGetState) for osKernelGetState
    main.o(.text.HAL_GetTick) refers to rtx_kernel.o(.text.osKernelGetTickCount) for osKernelGetTickCount
    main.o(.text.HAL_GetTick) refers to system_stm32f4xx.o(.data.SystemCoreClock) for SystemCoreClock
    main.o(.text.HAL_GetTick) refers to main.o(.bss.HAL_GetTick.ticks) for HAL_GetTick.ticks
    main.o(.ARM.exidx.text.HAL_GetTick) refers to main.o(.text.HAL_GetTick) for [Anonymous Symbol]
    main.o(.text.main) refers to stm32f4xx_hal.o(.text.HAL_Init) for HAL_Init
    main.o(.text.main) refers to main.o(.text.SystemClock_Config) for SystemClock_Config
    main.o(.text.main) refers to gpio.o(.text.MX_GPIO_Init) for MX_GPIO_Init
    main.o(.text.main) refers to dma.o(.text.MX_DMA_Init) for MX_DMA_Init
    main.o(.text.main) refers to tim.o(.text.MX_TIM1_Init) for MX_TIM1_Init
    main.o(.text.main) refers to tim.o(.text.MX_TIM2_Init) for MX_TIM2_Init
    main.o(.text.main) refers to tim.o(.text.MX_TIM3_Init) for MX_TIM3_Init
    main.o(.text.main) refers to usart.o(.text.MX_USART6_UART_Init) for MX_USART6_UART_Init
    main.o(.text.main) refers to system_stm32f4xx.o(.text.SystemCoreClockUpdate) for SystemCoreClockUpdate
    main.o(.text.main) refers to rtx_kernel.o(.text.osKernelInitialize) for osKernelInitialize
    main.o(.text.main) refers to app_main.o(.text.APP_Main) for APP_Main
    main.o(.text.main) refers to rtx_thread.o(.text.osThreadNew) for osThreadNew
    main.o(.text.main) refers to main.o(.bss.TID_AppMain) for TID_AppMain
    main.o(.text.main) refers to rtx_kernel.o(.text.osKernelStart) for osKernelStart
    main.o(.ARM.exidx.text.main) refers to main.o(.text.main) for [Anonymous Symbol]
    main.o(.text.SystemClock_Config) refers to rt_memclr_w.o(.text) for __aeabi_memclr4
    main.o(.text.SystemClock_Config) refers to stm32f4xx_hal_rcc.o(.text.HAL_RCC_OscConfig) for HAL_RCC_OscConfig
    main.o(.text.SystemClock_Config) refers to main.o(.text.Error_Handler) for Error_Handler
    main.o(.text.SystemClock_Config) refers to stm32f4xx_hal_rcc.o(.text.HAL_RCC_ClockConfig) for HAL_RCC_ClockConfig
    main.o(.ARM.exidx.text.SystemClock_Config) refers to main.o(.text.SystemClock_Config) for [Anonymous Symbol]
    main.o(.ARM.exidx.text.Error_Handler) refers to main.o(.text.Error_Handler) for [Anonymous Symbol]
    stm32f4xx_it.o(.ARM.exidx.text.NMI_Handler) refers to stm32f4xx_it.o(.text.NMI_Handler) for [Anonymous Symbol]
    stm32f4xx_it.o(.ARM.exidx.text.HardFault_Handler) refers to stm32f4xx_it.o(.text.HardFault_Handler) for [Anonymous Symbol]
    stm32f4xx_it.o(.ARM.exidx.text.MemManage_Handler) refers to stm32f4xx_it.o(.text.MemManage_Handler) for [Anonymous Symbol]
    stm32f4xx_it.o(.ARM.exidx.text.BusFault_Handler) refers to stm32f4xx_it.o(.text.BusFault_Handler) for [Anonymous Symbol]
    stm32f4xx_it.o(.ARM.exidx.text.UsageFault_Handler) refers to stm32f4xx_it.o(.text.UsageFault_Handler) for [Anonymous Symbol]
    stm32f4xx_it.o(.ARM.exidx.text.DebugMon_Handler) refers to stm32f4xx_it.o(.text.DebugMon_Handler) for [Anonymous Symbol]
    stm32f4xx_it.o(.text.DMA2_Stream1_IRQHandler) refers to usart.o(.bss.hdma_usart6_rx) for hdma_usart6_rx
    stm32f4xx_it.o(.text.DMA2_Stream1_IRQHandler) refers to stm32f4xx_hal_dma.o(.text.HAL_DMA_IRQHandler) for HAL_DMA_IRQHandler
    stm32f4xx_it.o(.ARM.exidx.text.DMA2_Stream1_IRQHandler) refers to stm32f4xx_it.o(.text.DMA2_Stream1_IRQHandler) for [Anonymous Symbol]
    stm32f4xx_it.o(.text.DMA2_Stream6_IRQHandler) refers to usart.o(.bss.hdma_usart6_tx) for hdma_usart6_tx
    stm32f4xx_it.o(.text.DMA2_Stream6_IRQHandler) refers to stm32f4xx_hal_dma.o(.text.HAL_DMA_IRQHandler) for HAL_DMA_IRQHandler
    stm32f4xx_it.o(.ARM.exidx.text.DMA2_Stream6_IRQHandler) refers to stm32f4xx_it.o(.text.DMA2_Stream6_IRQHandler) for [Anonymous Symbol]
    stm32f4xx_it.o(.text.USART6_IRQHandler) refers to usart.o(.bss.huart6) for huart6
    stm32f4xx_it.o(.text.USART6_IRQHandler) refers to stm32f4xx_hal_uart.o(.text.HAL_UART_IRQHandler) for HAL_UART_IRQHandler
    stm32f4xx_it.o(.ARM.exidx.text.USART6_IRQHandler) refers to stm32f4xx_it.o(.text.USART6_IRQHandler) for [Anonymous Symbol]
    gpio.o(.text.MX_GPIO_Init) refers to stm32f4xx_hal_gpio.o(.text.HAL_GPIO_WritePin) for HAL_GPIO_WritePin
    gpio.o(.text.MX_GPIO_Init) refers to stm32f4xx_hal_gpio.o(.text.HAL_GPIO_Init) for HAL_GPIO_Init
    gpio.o(.ARM.exidx.text.MX_GPIO_Init) refers to gpio.o(.text.MX_GPIO_Init) for [Anonymous Symbol]
    dma.o(.text.MX_DMA_Init) refers to stm32f4xx_hal_cortex.o(.text.HAL_NVIC_SetPriority) for HAL_NVIC_SetPriority
    dma.o(.text.MX_DMA_Init) refers to stm32f4xx_hal_cortex.o(.text.HAL_NVIC_EnableIRQ) for HAL_NVIC_EnableIRQ
    dma.o(.ARM.exidx.text.MX_DMA_Init) refers to dma.o(.text.MX_DMA_Init) for [Anonymous Symbol]
[...]
    _dcmple                                  0x0800beb9   Thumb Code   120  dleqf.o(x$fpl$dleqf)
    __fpl_dcmple_InfNaN                      0x0800bf1b   Thumb Code     0  dleqf.o(x$fpl$dleqf)
    __aeabi_dmul                             0x0800bf31   Thumb Code     0  dmul.o(x$fpl$dmul)
    _dmul                                    0x0800bf31   Thumb Code   332  dmul.o(x$fpl$dmul)
    __fpl_dnaninf                            0x0800c085   Thumb Code   156  dnaninf.o(x$fpl$dnaninf)
    __fpl_dretinf                            0x0800c121   Thumb Code    12  dretinf.o(x$fpl$dretinf)
    __aeabi_drsub                            0x0800c12d   Thumb Code     0  daddsub_clz.o(x$fpl$drsb)
    _drsb                                    0x0800c12d   Thumb Code    22  daddsub_clz.o(x$fpl$drsb)
    __aeabi_dsub                             0x0800c145   Thumb Code     0  daddsub_clz.o(x$fpl$dsub)
    _dsub                                    0x0800c145   Thumb Code   472  daddsub_clz.o(x$fpl$dsub)
    __aeabi_f2d                              0x0800c321   Thumb Code     0  f2d.o(x$fpl$f2d)
    _f2d                                     0x0800c321   Thumb Code    86  f2d.o(x$fpl$f2d)
    __aeabi_dcmpeq                           0x0800c377   Thumb Code     0  dcmp.o(x$fpl$fcmp)
    _deq                                     0x0800c377   Thumb Code    14  dcmp.o(x$fpl$fcmp)
    _dneq                                    0x0800c385   Thumb Code    14  dcmp.o(x$fpl$fcmp)
    __aeabi_dcmpgt                           0x0800c393   Thumb Code     0  dcmp.o(x$fpl$fcmp)
    _dgr                                     0x0800c393   Thumb Code    14  dcmp.o(x$fpl$fcmp)
    __aeabi_dcmpge                           0x0800c3a1   Thumb Code     0  dcmp.o(x$fpl$fcmp)
    _dgeq                                    0x0800c3a1   Thumb Code    14  dcmp.o(x$fpl$fcmp)
    __aeabi_dcmple                           0x0800c3af   Thumb Code     0  dcmp.o(x$fpl$fcmp)
    _dleq                                    0x0800c3af   Thumb Code    14  dcmp.o(x$fpl$fcmp)
    __aeabi_dcmplt                           0x0800c3bd   Thumb Code     0  dcmp.o(x$fpl$fcmp)
    _dls                                     0x0800c3bd   Thumb Code    14  dcmp.o(x$fpl$fcmp)
    __fpl_fnaninf                            0x0800c3cb   Thumb Code   140  fnaninf.o(x$fpl$fnaninf)
    $Super$$_fp_init                         0x0800c457   Thumb Code    26  fpinit.o(x$fpl$fpinit)
    __fplib_config_fpu_vfp                   0x0800c46f   Thumb Code     0  fpinit.o(x$fpl$fpinit)
    __fplib_config_pureend_doubles           0x0800c46f   Thumb Code     0  fpinit.o(x$fpl$fpinit)
    __fpl_fretinf                            0x0800c471   Thumb Code    10  fretinf.o(x$fpl$fretinf)
    _printf_fp_dec                           0x0800c47b   Thumb Code     4  printf1.o(x$fpl$printf1)
    _printf_fp_hex                           0x0800c47f   Thumb Code     4  printf2.o(x$fpl$printf2)
    __I$use$fp                               0x0800c482   Number         0  usenofp.o(x$fpl$usenofp)
    osRtxConfig                              0x0800c6ac   Data         112  rtx_lib.o(.rodata)
    os_cb_sections                           0x0800c71c   Data          56  rtx_lib.o(.rodata)
    AHBPrescTable                            0x0800c754   Data          16  system_stm32f4xx.o(.rodata.AHBPrescTable)
    APBPrescTable                            0x0800c764   Data           8  system_stm32f4xx.o(.rodata.APBPrescTable)
    osRtxUserSVC                             0x0800c774   Data           4  rtx_lib.o(.rodata.osRtxUserSVC)
    periodicTimerAttr                        0x0800c7d8   Data          16  encoder.o(.rodata.periodicTimerAttr)
    Region$$Table$$Base                      0x0800c82c   Number         0  anon$$obj.o(Region$$Table)
    Region$$Table$$Limit                     0x0800c84c   Number         0  anon$$obj.o(Region$$Table)
    __ctype                                  0x0800c875   Data           0  lc_ctype_c.o(locale$$data)
    DC_Motor                                 0x20000000   Data          20  app_main.o(.data.DC_Motor)
    MotorEncoder                             0x20000018   Data         104  app_main.o(.data.MotorEncoder)
    PendulumEncoder                          0x20000080   Data         104  app_main.o(.data.PendulumEncoder)
    PolePlacement                            0x200000e8   Data        3096  app_main.o(.data.PolePlacement)
    SystemCoreClock                          0x20000d00   Data           4  system_stm32f4xx.o(.data.SystemCoreClock)
    k1                                       0x20000d04   Data           4  pole_placement.o(.data.k1)
    k2                                       0x20000d08   Data           4  pole_placement.o(.data.k2)
    k3                                       0x20000d0c   Data           4  pole_placement.o(.data.k3)
    k4                                       0x20000d10   Data           4  pole_placement.o(.data.k4)
    osRtxInfo                                0x20000d14   Data         164  rtx_kernel.o(.data.os)
    polePlacementThreadAttr                  0x20000db8   Data          36  pole_placement.o(.data.polePlacementThreadAttr)
    uwTickFreq                               0x20000ddc   Data           1  stm32f4xx_hal.o(.data.uwTickFreq)
    uwTickPrio                               0x20000de0   Data           4  stm32f4xx_hal.o(.data.uwTickPrio)
    __libspace_start                         0x20000de8   Data          96  libspace.o(.bss)
    EVT_UART6                                0x20000e48   Data           4  usart.o(.bss.EVT_UART6)
    __temporary_stack_top$libspace           0x20000e48   Data           0  libspace.o(.bss)
    TID_AppMain                              0x20000e50   Data           4  main.o(.bss.TID_AppMain)
    UART_TX_Buff                             0x20000e54   Data         250  pole_placement.o(.bss.UART_TX_Buff)
    hdma_usart6_rx                           0x20000f50   Data          96  usart.o(.bss.hdma_usart6_rx)
    hdma_usart6_tx                           0x20000fb0   Data          96  usart.o(.bss.hdma_usart6_tx)
    htim1                                    0x20001010   Data          72  tim.o(.bss.htim1)
    htim2                                    0x20001058   Data          72  tim.o(.bss.htim2)
    htim3                                    0x200010a0   Data          72  tim.o(.bss.htim3)
    huart6                                   0x200010e8   Data          68  usart.o(.bss.huart6)
    .bss.os.msgqueue.cb$$Base                0x20009364   Number         0  rtx_lib.o(.bss.os.msgqueue.cb)
    .bss.os.msgqueue.cb$$Limit               0x20009398   Number         0  rtx_lib.o(.bss.os.msgqueue.cb)
    .bss.os.thread.cb$$Base                  0x200093e8   Number         0  rtx_lib.o(.bss.os.thread.cb)
    .bss.os.thread.cb$$Limit                 0x20009488   Number         0  rtx_lib.o(.bss.os.thread.cb)
    u                                        0x20009890   Data           8  pole_placement.o(.bss.u)



==============================================================================

Memory Map of the image

  Image Entry point : 0x08000195

  Load Region LR_IROM1 (Base: 0x08000000, Size: 0x0000d760, Max: 0x00040000, ABSOLUTE, COMPRESSED[0x0000ca58])

    Execution Region ER_IROM1 (Exec base: 0x08000000, Load base: 0x08000000, Size: 0x0000c978, Max: 0x00040000, ABSOLUTE)

    Exec Addr    Load Addr    Size         Type   Attr      Idx    E Section Name        Object

    0x08000000   0x08000000   0x00000194   Data   RO         2285    RESET               startup_stm32f401xc.o
    0x08000194   0x08000194   0x00000008   Code   RO         2322  * !!!main             c_w.l(__main.o)
    0x0800019c   0x0800019c   0x00000034   Code   RO         2775    !!!scatter          c_w.l(__scatter.o)
    0x080001d0   0x080001d0   0x0000003a   Code   RO         2773    !!dczerorl          c_w.l(__dczerorl.o)
    0x0800020a   0x0800020a   0x00000002   PAD
    0x0800020c   0x0800020c   0x0000001c   Code   RO         2777    !!handler_zi        c_w.l(__scatter_zi.o)
    0x08000228   0x08000228   0x00000000   Code   RO         2448    .ARM.Collect$$_printf_percent$$00000000  c_w.l(_printf_percent.o)
    0x08000228   0x08000228   0x00000006   Code   RO         2437    .ARM.Collect$$_printf_percent$$00000001  c_w.l(_printf_n.o)
    0x0800022e   0x0800022e   0x00000006   Code   RO         2439    .ARM.Collect$$_printf_percent$$00000002  c_w.l(_printf_p.o)
    0x08000234   0x08000234   0x00000006   Code   RO         2444    .ARM.Collect$$_printf_percent$$00000003  c_w.l(_printf_f.o)
    0x0800023a   0x0800023a   0x00000006   Code   RO         2445    .ARM.Collect$$_printf_percent$$00000004  c_w.l(_printf_e.o)
    0x08000240   0x08000240   0x00000006   Code   RO         2446    .ARM.Collect$$_printf_percent$$00000005  c_w.l(_printf_g.o)
    0x08000246   0x08000246   0x00000006   Code   RO         2447    .ARM.Collect$$_printf_percent$$00000006  c_w.l(_printf_a.o)
    0x0800024c   0x0800024c   0x0000000a   Code   RO         2452    .ARM.Collect$$_printf_percent$$00000007  c_w.l(_printf_ll.o)
    0x08000256   0x08000256   0x00000006   Code   RO         2441    .ARM.Collect$$_printf_percent$$00000008  c_w.l(_printf_i.o)
    0x0800025c   0x0800025c   0x00000006   Code   RO         2442    .ARM.Collect$$_printf_percent$$00000009  c_w.l(_printf_d.o)
    0x08000262   0x08000262   0x00000006   Code   RO         2443    .ARM.Collect$$_printf_percent$$0000000A  c_w.l(_printf_u.o)
    0x08000268   0x08000268   0x00000006   Code   RO         2440    .ARM.Collect$$_printf_percent$$0000000B  c_w.l(_printf_o.o)
    0x0800026e   0x0800026e   0x00000006   Code   RO         2438    .ARM.Collect$$_printf_percent$$0000000C  c_w.l(_printf_x.o)
    0x08000274   0x08000274   0x00000006   Code   RO         2449    .ARM.Collect$$_printf_percent$$0000000D  c_w.l(_printf_lli.o)
    0x0800027a   0x0800027a   0x00000006   Code   RO         2450    .ARM.Collect$$_printf_percent$$0000000E  c_w.l(_printf_lld.o)
    0x08000280   0x08000280   0x00000006   Code   RO         2451    .ARM.Collect$$_printf_percent$$0000000F  c_w.l(_printf_llu.o)
    0x08000286   0x08000286   0x00000006   Code   RO         2456    .ARM.Collect$$_printf_percent$$00000010  c_w.l(_printf_llo.o)
    0x0800028c   0x0800028c   0x00000006   Code   RO         2457    .ARM.Collect$$_printf_percent$$00000011  c_w.l(_printf_llx.o)
    0x08000292   0x08000292   0x0000000a   Code   RO         2453    .ARM.Collect$$_printf_percent$$00000012  c_w.l(_printf_l.o)
    0x0800029c   0x0800029c   0x00000006   Code   RO         2435    .ARM.Collect$$_printf_percent$$00000013  c_w.l(_printf_c.o)
    0x080002a2   0x080002a2   0x00000006   Code   RO         2436    .ARM.Collect$$_printf_percent$$00000014  c_w.l(_printf_s.o)
    0x080002a8   0x080002a8   0x00000006   Code   RO         2454    .ARM.Collect$$_printf_percent$$00000015  c_w.l(_printf_lc.o)
    0x080002ae   0x080002ae   0x00000006   Code   RO         2455    .ARM.Collect$$_printf_percent$$00000016  c_w.l(_printf_ls.o)
    0x080002b4   0x080002b4   0x00000004   Code   RO         2551    .ARM.Collect$$_printf_percent$$00000017  c_w.l(_printf_percent_end.o)
    0x080002b8   0x080002b8   0x00000002   Code   RO         2631    .ARM.Collect$$libinit$$00000000  c_w.l(libinit.o)
    0x080002ba   0x080002ba   0x00000004   Code   RO         2649    .ARM.Collect$$libinit$$00000001  c_w.l(libinit2.o)
    0x080002be   0x080002be   0x00000000   Code   RO         2652    .ARM.Collect$$libinit$$00000004  c_w.l(libinit2.o)
    0x080002be   0x080002be   0x00000000   Code   RO         2655    .ARM.Collect$$libinit$$0000000A  c_w.l(libinit2.o)
    0x080002be   0x080002be   0x00000000   Code   RO         2657    .ARM.Collect$$libinit$$0000000C  c_w.l(libinit2.o)
    0x080002be   0x080002be   0x00000000   Code   RO         2659    .ARM.Collect$$libinit$$0000000E  c_w.l(libinit2.o)
    0x080002be   0x080002be   0x00000006   Code   RO         2660    .ARM.Collect$$libinit$$0000000F  c_w.l(libinit2.o)
    0x080002c4   0x080002c4   0x00000000   Code   RO         2662    .ARM.Collect$$libinit$$00000011  c_w.l(libinit2.o)
    0x080002c4   0x080002c4   0x0000000c   Code   RO         2663    .ARM.Collect$$libinit$$00000012  c_w.l(libinit2.o)
    0x080002d0   0x080002d0   0x00000000   Code   RO         2664    .ARM.Collect$$libinit$$00000013  c_w.l(libinit2.o)
    0x080002d0   0x080002d0   0x00000000   Code   RO         2666    .ARM.Collect$$libinit$$00000015  c_w.l(libinit2.o)
    0x080002d0   0x080002d0   0x0000000a   Code   RO         2667    .ARM.Collect$$libinit$$00000016  c_w.l(libinit2.o)
    0x080002da   0x080002da   0x00000000   Code   RO         2668    .ARM.Collect$$libinit$$00000017  c_w.l(libinit2.o)
    0x080002da   0x080002da   0x00000000   Code   RO         2670    .ARM.Collect$$libinit$$00000019  c_w.l(libinit2.o)
    0x080002da   0x080002da   0x00000000   Code   RO         2672    .ARM.Collect$$libinit$$0000001B  c_w.l(libinit2.o)
    0x080002da   0x080002da   0x00000000   Code   RO         2674    .ARM.Collect$$libinit$$0000001D  c_w.l(libinit2.o)
    0x080002da   0x080002da   0x00000000   Code   RO         2676    .ARM.Collect$$libinit$$0000001F  c_w.l(libinit2.o)
    0x080002da   0x080002da   0x00000000   Code   RO         2678    .ARM.Collect$$libinit$$00000021  c_w.l(libinit2.o)
    0x080002da   0x080002da   0x00000000   Code   RO         2680    .ARM.Collect$$libinit$$00000023  c_w.l(libinit2.o)
    0x080002da   0x080002da   0x00000000   Code   RO         2682    .ARM.Collect$$libinit$$00000025  c_w.l(libinit2.o)
    0x080002da   0x080002da   0x00000000   Code   RO         2686    .ARM.Collect$$libinit$$0000002C  c_w.l(libinit2.o)
    0x080002da   0x080002da   0x00000000   Code   RO         2688    .ARM.Collect$$libinit$$0000002E  c_w.l(libinit2.o)
    0x080002da   0x080002da   0x00000000   Code   RO         2690    .ARM.Collect$$libinit$$00000030  c_w.l(libinit2.o)
    0x080002da   0x080002da   0x00000000   Code   RO         2692    .ARM.Collect$$libinit$$00000032  c_w.l(libinit2.o)
    0x080002da   0x080002da   0x00000002   Code   RO         2693    .ARM.Collect$$libinit$$00000033  c_w.l(libinit2.o)
    0x080002dc   0x080002dc   0x00000002   Code   RO         2728    .ARM.Collect$$libshutdown$$00000000  c_w.l(libshutdown.o)
    0x080002de   0x080002de   0x00000000   Code   RO         2756    .ARM.Collect$$libshutdown$$00000002  c_w.l(libshutdown2.o)
    0x080002de   0x080002de   0x00000000   Code   RO         2758    .ARM.Collect$$libshutdown$$00000004  c_w.l(libshutdown2.o)
    0x080002de   0x080002de   0x00000000   Code   RO         2761    .ARM.Collect$$libshutdown$$00000007  c_w.l(libshutdown2.o)
    0x080002de   0x080002de   0x00000000   Code   RO         2764    .ARM.Collect$$libshutdown$$0000000A  c_w.l(libshutdown2.o)
    0x080002de   0x080002de   0x00000000   Code   RO         2766    .ARM.Collect$$libshutdown$$0000000C  c_w.l(libshutdown2.o)
    0x080002de   0x080002de   0x00000000   Code   RO         2769    .ARM.Collect$$libshutdown$$0000000F  c_w.l(libshutdown2.o)
    0x080002de   0x080002de   0x00000002   Code   RO         2770    .ARM.Collect$$libshutdown$$00000010  c_w.l(libshutdown2.o)
    0x080002e0   0x080002e0   0x00000000   Code   RO         2360    .ARM.Collect$$rtentry$$00000000  c_w.l(__rtentry.o)
    0x080002e0   0x080002e0   0x00000000   Code   RO         2511    .ARM.Collect$$rtentry$$00000002  c_w.l(__rtentry2.o)
    0x080002e0   0x080002e0   0x00000006   Code   RO         2523    .ARM.Collect$$rtentry$$00000004  c_w.l(__rtentry4.o)
    0x080002e6   0x080002e6   0x00000008   Code   RO         2512    .ARM.Collect$$rtentry$$00000008  c_w.l(__rtentry2.o)
    0x080002ee   0x080002ee   0x00000004   Code   RO         2514    .ARM.Collect$$rtentry$$0000000A  c_w.l(__rtentry2.o)
    0x080002f2   0x080002f2   0x00000000   Code   RO         2516    .ARM.Collect$$rtentry$$0000000C  c_w.l(__rtentry2.o)
    0x080002f2   0x080002f2   0x00000008   Code   RO         2517    .ARM.Collect$$rtentry$$0000000D  c_w.l(__rtentry2.o)
    0x080002fa   0x080002fa   0x00000002   Code   RO         2634    .ARM.Collect$$rtexit$$00000000  c_w.l(rtexit.o)
    0x080002fc   0x080002fc   0x00000000   Code   RO         2699    .ARM.Collect$$rtexit$$00000002  c_w.l(rtexit2.o)
    0x080002fc   0x080002fc   0x00000004   Code   RO         2700    .ARM.Collect$$rtexit$$00000003  c_w.l(rtexit2.o)
    0x08000300   0x08000300   0x00000006   Code   RO         2701    .ARM.Collect$$rtexit$$00000004  c_w.l(rtexit2.o)
    0x08000306   0x08000306   0x00000002   PAD
    0x08000308   0x08000308   0x00000100   Code   RO          208    .text               irq_armv7m.o
    0x08000408   0x08000408   0x00000040   Code   RO         2286    .text               startup_stm32f401xc.o
    0x08000448   0x08000448   0x000000f0   Code   RO         2308    .text               c_w.l(lludivv7m.o)
    0x08000538   0x08000538   0x0000002c   Code   RO         2310    .text               c_w.l(sprintf.o)
    0x08000564   0x08000564   0x0000003e   Code   RO         2312    .text               c_w.l(strlen.o)
    0x080005a2   0x080005a2   0x0000008a   Code   RO         2314    .text               c_w.l(rt_memcpy_v6.o)
    0x0800062c   0x0800062c   0x00000044   Code   RO         2316    .text               c_w.l(rt_memclr.o)
    0x08000670   0x08000670   0x0000004e   Code   RO         2318    .text               c_w.l(rt_memclr_w.o)
    0x080006be   0x080006be   0x00000006   Code   RO         2320    .text               c_w.l(heapauxi.o)
    0x080006c4   0x080006c4   0x00000016   Code   RO         2365    .text               c_w.l(_rserrno.o)
    0x080006da   0x080006da   0x0000004e   Code   RO         2369    .text               c_w.l(_printf_pad.o)
    0x08000728   0x08000728   0x00000024   Code   RO         2371    .text               c_w.l(_printf_truncate.o)
    0x0800074c   0x0800074c   0x00000052   Code   RO         2373    .text               c_w.l(_printf_str.o)
    0x0800079e   0x0800079e   0x00000002   PAD
    0x080007a0   0x080007a0   0x00000078   Code   RO         2375    .text               c_w.l(_printf_dec.o)
    0x08000818   0x08000818   0x00000028   Code   RO         2377    .text               c_w.l(_printf_charcount.o)
    0x08000840   0x08000840   0x00000030   Code   RO         2379    .text               c_w.l(_printf_char_common.o)
    0x08000870   0x08000870   0x0000000a   Code   RO         2381    .text               c_w.l(_sputc.o)
    0x0800087a   0x0800087a   0x00000002   PAD
    0x0800087c   0x0800087c   0x000000bc   Code   RO         2383    .text               c_w.l(_printf_wctomb.o)
    0x08000938   0x08000938   0x0000007c   Code   RO         2386    .text               c_w.l(_printf_longlong_dec.o)
    0x080009b4   0x080009b4   0x00000070   Code   RO         2392    .text               c_w.l(_printf_oct_int_ll.o)
    0x08000a24   0x08000a24   0x00000094   Code   RO         2412    .text               c_w.l(_printf_hex_int_ll_ptr.o)
    0x08000ab8   0x08000ab8   0x00000188   Code   RO         2432    .text               c_w.l(__printf_flags_ss_wp.o)
    0x08000c40   0x08000c40   0x00000064   Code   RO         2458    .text               c_w.l(rt_memcpy_w.o)
    0x08000ca4   0x08000ca4   0x00000004   Code   RO         2532    .text               c_w.l(rt_errno_addr_twolibspace.o)
    0x08000ca8   0x08000ca8   0x0000008a   Code   RO         2534    .text               c_w.l(lludiv10.o)
    0x08000d32   0x08000d32   0x000000b2   Code   RO         2536    .text               c_w.l(_printf_intcommon.o)
    0x08000de4   0x08000de4   0x0000041c   Code   RO         2538    .text               c_w.l(_printf_fp_dec.o)
    0x08001200   0x08001200   0x000002fc   Code   RO         2542    .text               c_w.l(_printf_fp_hex.o)
    0x080014fc   0x080014fc   0x0000002c   Code   RO         2547    .text               c_w.l(_printf_char.o)
    0x08001528   0x08001528   0x0000002c   Code   RO         2549    .text               c_w.l(_printf_wchar.o)
    0x08001554   0x08001554   0x00000048   Code   RO         2552    .text               c_w.l(_c16rtomb.o)
    0x0800159c   0x0800159c   0x00000008   Code   RO         2576    .text               c_w.l(libspace.o)
    0x080015a4   0x080015a4   0x0000004a   Code   RO         2579    .text               c_w.l(sys_stackheap_outer.o)
    0x080015ee   0x080015ee   0x00000002   PAD
    0x080015f0   0x080015f0   0x00000010   Code   RO         2581    .text               c_w.l(rt_ctype_table.o)
    0x08001600   0x08001600   0x0000000a   Code   RO         2588    .text               c_w.l(rt_locale_twolibspace.o)
    0x0800160a   0x0800160a   0x00000002   PAD
    0x0800160c   0x0800160c   0x00000080   Code   RO         2590    .text               c_w.l(_printf_fp_infnan.o)
    0x0800168c   0x0800168c   0x000000e4   Code   RO         2592    .text               c_w.l(bigflt0.o)
    0x08001770   0x08001770   0x00000012   Code   RO         2622    .text               c_w.l(exit.o)
    0x08001782   0x08001782   0x00000006   PAD
    0x08001788   0x08001788   0x0000007c   Code   RO         2647    .text               c_w.l(strcmpv7em.o)
    0x08001804   0x08001804   0x0000000c   Code   RO         2694    .text               c_w.l(sys_exit.o)
    0x08001810   0x08001810   0x00000002   Code   RO         2717    .text               c_w.l(use_no_semi.o)
    0x08001812   0x08001812   0x00000000   Code   RO         2719    .text               c_w.l(indicate_semi.o)
    0x08001812   0x08001812   0x00000002   PAD
    0x08001814   0x08001814   0x00000016   Code   RO          790    .text.$Sub$$_fp_init  rtx_lib.o
    0x0800182a   0x0800182a   0x00000002   PAD
    0x0800182c   0x0800182c   0x00000042   Code   RO          118    .text.APP_Main      app_main.o
    0x0800186e   0x0800186e   0x00000002   PAD
    0x08001870   0x08001870   0x00000090   Code   RO          147    .text.ApplyLowpassFilter  disc_calc.o
    0x08001900   0x08001900   0x00000004   Code   RO           26    .text.BusFault_Handler  stm32f4xx_it.o
    0x08001904   0x08001904   0x00000010   Code   RO           32    .text.DMA2_Stream1_IRQHandler  stm32f4xx_it.o
    0x08001914   0x08001914   0x00000010   Code   RO           34    .text.DMA2_Stream6_IRQHandler  stm32f4xx_it.o
    0x08001924   0x08001924   0x00000056   Code   RO         1615    .text.DMA_CalcBaseAndBitshift  stm32f4xx_hal_dma.o
    0x0800197a   0x0800197a   0x00000002   PAD
    0x0800197c   0x0800197c   0x000000f0   Code   RO         1613    .text.DMA_CheckFifoParam  stm32f4xx_hal_dma.o
    0x08001a6c   0x08001a6c   0x00000050   Code   RO         1621    .text.DMA_SetConfig  stm32f4xx_hal_dma.o
    0x08001abc   0x08001abc   0x00000002   Code   RO           30    .text.DebugMon_Handler  stm32f4xx_it.o
    0x08001abe   0x08001abe   0x00000002   PAD
    0x08001ac0   0x08001ac0   0x000000f0   Code   RO          198    .text.ENC_GetAngularData  encoder.o
    0x08001bb0   0x08001bb0   0x00000068   Code   RO          194    .text.ENC_Init      encoder.o
    0x08001c18   0x08001c18   0x00000014   Code   RO          196    .text.ENC_PeriodicTimerFunc  encoder.o
    0x08001c2c   0x08001c2c   0x00000006   Code   RO            8    .text.Error_Handler  main.o
    0x08001c32   0x08001c32   0x00000002   PAD
    0x08001c34   0x08001c34   0x0000007c   Code   RO          269    .text.EventFlagsCheck  rtx_evflags.o
    0x08001cb0   0x08001cb0   0x0000001a   Code   RO          277    .text.EventFlagsSet  rtx_evflags.o
    0x08001cca   0x08001cca   0x00000002   PAD
    0x08001ccc   0x08001ccc   0x00000008   Code   RO          472    .text.EvrRtxDelay   rtx_evr.o
    0x08001cd4   0x08001cd4   0x00000008   Code   RO          480    .text.EvrRtxDelayCompleted  rtx_evr.o
    0x08001cdc   0x08001cdc   0x00000008   Code   RO          470    .text.EvrRtxDelayError  rtx_evr.o
    0x08001ce4   0x08001ce4   0x00000008   Code   RO          476    .text.EvrRtxDelayStarted  rtx_evr.o
    0x08001cec   0x08001cec   0x0000000a   Code   RO          510    .text.EvrRtxEventFlagsCreated  rtx_evr.o
    0x08001cf6   0x08001cf6   0x00000002   PAD
    0x08001cf8   0x08001cf8   0x0000000a   Code   RO          506    .text.EvrRtxEventFlagsError  rtx_evr.o
    0x08001d02   0x08001d02   0x00000002   PAD
    0x08001d04   0x08001d04   0x00000008   Code   RO          508    .text.EvrRtxEventFlagsNew  rtx_evr.o
    0x08001d0c   0x08001d0c   0x0000000a   Code   RO          514    .text.EvrRtxEventFlagsSet  rtx_evr.o
    0x08001d16   0x08001d16   0x00000002   PAD
    0x08001d18   0x08001d18   0x0000000a   Code   RO          516    .text.EvrRtxEventFlagsSetDone  rtx_evr.o
    0x08001d22   0x08001d22   0x00000002   PAD
    0x08001d24   0x08001d24   0x0000000e   Code   RO          524    .text.EvrRtxEventFlagsWait  rtx_evr.o
    0x08001d32   0x08001d32   0x00000002   PAD
    0x08001d34   0x08001d34   0x0000000e   Code   RO          530    .text.EvrRtxEventFlagsWaitCompleted  rtx_evr.o
    0x08001d42   0x08001d42   0x00000002   PAD
    0x08001d44   0x08001d44   0x0000000c   Code   RO          532    .text.EvrRtxEventFlagsWaitNotCompleted  rtx_evr.o
    0x08001d50   0x08001d50   0x0000000e   Code   RO          526    .text.EvrRtxEventFlagsWaitPending  rtx_evr.o
    0x08001d5e   0x08001d5e   0x00000002   PAD
    0x08001d60   0x08001d60   0x00000008   Code   RO          528    .text.EvrRtxEventFlagsWaitTimeout  rtx_evr.o
    0x08001d68   0x08001d68   0x00000008   Code   RO          316    .text.EvrRtxKernelError  rtx_evr.o
    0x08001d70   0x08001d70   0x0000000a   Code   RO          364    .text.EvrRtxKernelErrorNotify  rtx_evr.o
    0x08001d7a   0x08001d7a   0x00000002   PAD
    0x08001d7c   0x08001d7c   0x00000008   Code   RO          326    .text.EvrRtxKernelGetState  rtx_evr.o
    0x08001d84   0x08001d84   0x00000008   Code   RO          356    .text.EvrRtxKernelGetTickCount  rtx_evr.o
    0x08001d8c   0x08001d8c   0x00000002   Code   RO          318    .text.EvrRtxKernelInitialize  rtx_evr.o
    0x08001d8e   0x08001d8e   0x00000002   PAD
    0x08001d90   0x08001d90   0x00000002   Code   RO          320    .text.EvrRtxKernelInitialized  rtx_evr.o
    0x08001d92   0x08001d92   0x00000002   PAD
    0x08001d94   0x08001d94   0x00000002   Code   RO          328    .text.EvrRtxKernelStart  rtx_evr.o
    0x08001d96   0x08001d96   0x00000002   PAD
    0x08001d98   0x08001d98   0x00000002   Code   RO          330    .text.EvrRtxKernelStarted  rtx_evr.o
    0x08001d9a   0x08001d9a   0x00000002   PAD
    0x08001d9c   0x08001d9c   0x0000000e   Code   RO          306    .text.EvrRtxMemoryAlloc  rtx_evr.o
    0x08001daa   0x08001daa   0x00000002   PAD
    0x08001dac   0x08001dac   0x0000000a   Code   RO          312    .text.EvrRtxMemoryBlockAlloc  rtx_evr.o
    0x08001db6   0x08001db6   0x00000002   PAD
    0x08001db8   0x08001db8   0x0000000c   Code   RO          314    .text.EvrRtxMemoryBlockFree  rtx_evr.o
    0x08001dc4   0x08001dc4   0x0000000e   Code   RO          310    .text.EvrRtxMemoryBlockInit  rtx_evr.o
    0x08001dd2   0x08001dd2   0x00000002   PAD
    0x08001dd4   0x08001dd4   0x0000000c   Code   RO          308    .text.EvrRtxMemoryFree  rtx_evr.o
    0x08001de0   0x08001de0   0x0000000c   Code   RO          304    .text.EvrRtxMemoryInit  rtx_evr.o
    0x08001dec   0x08001dec   0x00000008   Code   RO          606    .text.EvrRtxMemoryPoolAllocTimeout  rtx_evr.o
    0x08001df4   0x08001df4   0x0000000a   Code   RO          634    .text.EvrRtxMessageQueueCreated  rtx_evr.o
    0x08001dfe   0x08001dfe   0x00000002   PAD
    0x08001e00   0x08001e00   0x0000000a   Code   RO          630    .text.EvrRtxMessageQueueError  rtx_evr.o
    0x08001e0a   0x08001e0a   0x00000002   PAD
    0x08001e0c   0x08001e0c   0x0000000e   Code   RO          650    .text.EvrRtxMessageQueueGet  rtx_evr.o
    0x08001e1a   0x08001e1a   0x00000002   PAD
    0x08001e1c   0x08001e1c   0x0000000c   Code   RO          652    .text.EvrRtxMessageQueueGetPending  rtx_evr.o
    0x08001e28   0x08001e28   0x00000008   Code   RO          654    .text.EvrRtxMessageQueueGetTimeout  rtx_evr.o
    0x08001e30   0x08001e30   0x0000000a   Code   RO          644    .text.EvrRtxMessageQueueInsertPending  rtx_evr.o
    0x08001e3a   0x08001e3a   0x00000002   PAD
    0x08001e3c   0x08001e3c   0x0000000a   Code   RO          646    .text.EvrRtxMessageQueueInserted  rtx_evr.o
    0x08001e46   0x08001e46   0x00000002   PAD
    0x08001e48   0x08001e48   0x0000000a   Code   RO          648    .text.EvrRtxMessageQueueNotInserted  rtx_evr.o
    0x08001e52   0x08001e52   0x00000002   PAD
    0x08001e54   0x08001e54   0x0000000a   Code   RO          658    .text.EvrRtxMessageQueueNotRetrieved  rtx_evr.o
    0x08001e5e   0x08001e5e   0x00000002   PAD
    0x08001e60   0x08001e60   0x00000010   Code   RO          638    .text.EvrRtxMessageQueuePut  rtx_evr.o
    0x08001e70   0x08001e70   0x0000000c   Code   RO          640    .text.EvrRtxMessageQueuePutPending  rtx_evr.o
    0x08001e7c   0x08001e7c   0x00000008   Code   RO          642    .text.EvrRtxMessageQueuePutTimeout  rtx_evr.o
    0x08001e84   0x08001e84   0x0000000a   Code   RO          656    .text.EvrRtxMessageQueueRetrieved  rtx_evr.o
    0x08001e8e   0x08001e8e   0x00000002   PAD
    0x08001e90   0x08001e90   0x0000000a   Code   RO          546    .text.EvrRtxMutexAcquire  rtx_evr.o
    0x08001e9a   0x08001e9a   0x00000002   PAD
    0x08001e9c   0x08001e9c   0x0000000a   Code   RO          548    .text.EvrRtxMutexAcquirePending  rtx_evr.o
    0x08001ea6   0x08001ea6   0x00000002   PAD
    0x08001ea8   0x08001ea8   0x00000008   Code   RO          550    .text.EvrRtxMutexAcquireTimeout  rtx_evr.o
    0x08001eb0   0x08001eb0   0x0000000a   Code   RO          552    .text.EvrRtxMutexAcquired  rtx_evr.o
    0x08001eba   0x08001eba   0x00000002   PAD
    0x08001ebc   0x08001ebc   0x0000000a   Code   RO          542    .text.EvrRtxMutexCreated  rtx_evr.o
    0x08001ec6   0x08001ec6   0x00000002   PAD
    0x08001ec8   0x08001ec8   0x00000008   Code   RO          562    .text.EvrRtxMutexDelete  rtx_evr.o
    0x08001ed0   0x08001ed0   0x00000008   Code   RO          564    .text.EvrRtxMutexDestroyed  rtx_evr.o
    0x08001ed8   0x08001ed8   0x0000000a   Code   RO          538    .text.EvrRtxMutexError  rtx_evr.o
    0x08001ee2   0x08001ee2   0x00000002   PAD
    0x08001ee4   0x08001ee4   0x00000008   Code   RO          540    .text.EvrRtxMutexNew  rtx_evr.o
    0x08001eec   0x08001eec   0x00000008   Code   RO          554    .text.EvrRtxMutexNotAcquired  rtx_evr.o
    0x08001ef4   0x08001ef4   0x00000008   Code   RO          556    .text.EvrRtxMutexRelease  rtx_evr.o
    0x08001efc   0x08001efc   0x0000000a   Code   RO          558    .text.EvrRtxMutexReleased  rtx_evr.o
    0x08001f06   0x08001f06   0x00000002   PAD
    0x08001f08   0x08001f08   0x00000008   Code   RO          578    .text.EvrRtxSemaphoreAcquireTimeout  rtx_evr.o
    0x08001f10   0x08001f10   0x0000000a   Code   RO          414    .text.EvrRtxThreadBlocked  rtx_evr.o
    0x08001f1a   0x08001f1a   0x00000002   PAD
    0x08001f1c   0x08001f1c   0x0000000c   Code   RO          372    .text.EvrRtxThreadCreated  rtx_evr.o
    0x08001f28   0x08001f28   0x00000008   Code   RO          426    .text.EvrRtxThreadDestroyed  rtx_evr.o
    0x08001f30   0x08001f30   0x0000000a   Code   RO          368    .text.EvrRtxThreadError  rtx_evr.o
    0x08001f3a   0x08001f3a   0x00000002   PAD
    0x08001f3c   0x08001f3c   0x00000002   Code   RO          422    .text.EvrRtxThreadExit  rtx_evr.o
    0x08001f3e   0x08001f3e   0x00000002   PAD
    0x08001f40   0x08001f40   0x0000000e   Code   RO          466    .text.EvrRtxThreadFlagsWaitCompleted  rtx_evr.o
    0x08001f4e   0x08001f4e   0x00000002   PAD
    0x08001f50   0x08001f50   0x00000008   Code   RO          464    .text.EvrRtxThreadFlagsWaitTimeout  rtx_evr.o
    0x08001f58   0x08001f58   0x00000008   Code   RO          380    .text.EvrRtxThreadGetId  rtx_evr.o
    0x08001f60   0x08001f60   0x00000008   Code   RO          412    .text.EvrRtxThreadJoined  rtx_evr.o
    0x08001f68   0x08001f68   0x0000000c   Code   RO          370    .text.EvrRtxThreadNew  rtx_evr.o
    0x08001f74   0x08001f74   0x00000008   Code   RO          418    .text.EvrRtxThreadPreempted  rtx_evr.o
    0x08001f7c   0x08001f7c   0x00000008   Code   RO          420    .text.EvrRtxThreadSwitched  rtx_evr.o
    0x08001f84   0x08001f84   0x0000000a   Code   RO          416    .text.EvrRtxThreadUnblocked  rtx_evr.o
    0x08001f8e   0x08001f8e   0x00000002   PAD
    0x08001f90   0x08001f90   0x0000000a   Code   RO          484    .text.EvrRtxTimerCallback  rtx_evr.o
    0x08001f9a   0x08001f9a   0x00000002   PAD
    0x08001f9c   0x08001f9c   0x0000000a   Code   RO          488    .text.EvrRtxTimerCreated  rtx_evr.o
    0x08001fa6   0x08001fa6   0x00000002   PAD
    0x08001fa8   0x08001fa8   0x0000000a   Code   RO          482    .text.EvrRtxTimerError  rtx_evr.o
    0x08001fb2   0x08001fb2   0x00000002   PAD
    0x08001fb4   0x08001fb4   0x00000010   Code   RO          486    .text.EvrRtxTimerNew  rtx_evr.o
    0x08001fc4   0x08001fc4   0x0000000a   Code   RO          492    .text.EvrRtxTimerStart  rtx_evr.o
    0x08001fce   0x08001fce   0x00000002   PAD
    0x08001fd0   0x08001fd0   0x00000008   Code   RO          494    .text.EvrRtxTimerStarted  rtx_evr.o
    0x08001fd8   0x08001fd8   0x00000052   Code   RO          143    .text.GetDiscreteDerivative  disc_calc.o
    0x0800202a   0x0800202a   0x00000002   PAD
    0x0800202c   0x0800202c   0x000000ec   Code   RO         1625    .text.HAL_DMA_Abort  stm32f4xx_hal_dma.o
    0x08002118   0x08002118   0x00000044   Code   RO         1627    .text.HAL_DMA_Abort_IT  stm32f4xx_hal_dma.o
    0x0800215c   0x0800215c   0x0000031e   Code   RO         1631    .text.HAL_DMA_IRQHandler  stm32f4xx_hal_dma.o
    0x0800247a   0x0800247a   0x00000002   PAD
    0x0800247c   0x0800247c   0x0000016e   Code   RO         1611    .text.HAL_DMA_Init  stm32f4xx_hal_dma.o
    0x080025ea   0x080025ea   0x00000002   PAD
    0x080025ec   0x080025ec   0x000000c2   Code   RO         1623    .text.HAL_DMA_Start_IT  stm32f4xx_hal_dma.o
    0x080026ae   0x080026ae   0x00000002   PAD
    0x080026b0   0x080026b0   0x00000362   Code   RO         1664    .text.HAL_GPIO_Init  stm32f4xx_hal_gpio.o
    0x08002a12   0x08002a12   0x00000002   PAD
    0x08002a14   0x08002a14   0x0000002e   Code   RO         1670    .text.HAL_GPIO_WritePin  stm32f4xx_hal_gpio.o
    0x08002a42   0x08002a42   0x00000002   PAD
    0x08002a44   0x08002a44   0x00000066   Code   RO            2    .text.HAL_GetTick   main.o
    0x08002aaa   0x08002aaa   0x00000002   PAD
    0x08002aac   0x08002aac   0x00000036   Code   RO         1476    .text.HAL_Init      stm32f4xx_hal.o
    0x08002ae2   0x08002ae2   0x00000002   PAD
    0x08002ae4   0x08002ae4   0x00000070   Code   RO         1478    .text.HAL_InitTick  stm32f4xx_hal.o
    0x08002b54   0x08002b54   0x0000004a   Code   RO         2276    .text.HAL_MspInit   stm32f4xx_hal_msp.o
    0x08002b9e   0x08002b9e   0x00000002   PAD
    0x08002ba0   0x08002ba0   0x00000014   Code   RO         1552    .text.HAL_NVIC_EnableIRQ  stm32f4xx_hal_cortex.o
    0x08002bb4   0x08002bb4   0x00000032   Code   RO         1544    .text.HAL_NVIC_SetPriority  stm32f4xx_hal_cortex.o
    0x08002be6   0x08002be6   0x00000002   PAD
    0x08002be8   0x08002be8   0x00000010   Code   RO         1540    .text.HAL_NVIC_SetPriorityGrouping  stm32f4xx_hal_cortex.o
    0x08002bf8   0x08002bf8   0x00000262   Code   RO         1761    .text.HAL_RCC_ClockConfig  stm32f4xx_hal_rcc.o
    0x08002e5a   0x08002e5a   0x00000002   PAD
    0x08002e5c   0x08002e5c   0x0000000c   Code   RO         1771    .text.HAL_RCC_GetHCLKFreq  stm32f4xx_hal_rcc.o
    0x08002e68   0x08002e68   0x00000022   Code   RO         1773    .text.HAL_RCC_GetPCLK1Freq  stm32f4xx_hal_rcc.o
    0x08002e8a   0x08002e8a   0x00000002   PAD
    0x08002e8c   0x08002e8c   0x00000022   Code   RO         1775    .text.HAL_RCC_GetPCLK2Freq  stm32f4xx_hal_rcc.o
    0x08002eae   0x08002eae   0x00000002   PAD
    0x08002eb0   0x08002eb0   0x000000e6   Code   RO         1763    .text.HAL_RCC_GetSysClockFreq  stm32f4xx_hal_rcc.o
    0x08002f96   0x08002f96   0x00000002   PAD
    0x08002f98   0x08002f98   0x000006be   Code   RO         1759    .text.HAL_RCC_OscConfig  stm32f4xx_hal_rcc.o
    0x08003656   0x08003656   0x00000002   PAD
    0x08003658   0x08003658   0x00000010   Code   RO         1564    .text.HAL_SYSTICK_Config  stm32f4xx_hal_cortex.o
    0x08003668   0x08003668   0x000000fe   Code   RO         2124    .text.HAL_TIMEx_MasterConfigSynchronization  stm32f4xx_hal_tim_ex.o
    0x08003766   0x08003766   0x00000002   PAD
    0x08003768   0x08003768   0x00000130   Code   RO         1925    .text.HAL_TIM_Encoder_Init  stm32f4xx_hal_tim.o
    0x08003898   0x08003898   0x00000104   Code   RO           69    .text.HAL_TIM_Encoder_MspInit  tim.o
    0x0800399c   0x0800399c   0x0000014e   Code   RO         1933    .text.HAL_TIM_Encoder_Start  stm32f4xx_hal_tim.o
    0x08003aea   0x08003aea   0x00000002   PAD
    0x08003aec   0x08003aec   0x00000062   Code   RO           65    .text.HAL_TIM_MspPostInit  tim.o
    0x08003b4e   0x08003b4e   0x00000002   PAD
    0x08003b50   0x08003b50   0x00000142   Code   RO         1977    .text.HAL_TIM_PWM_ConfigChannel  stm32f4xx_hal_tim.o
    0x08003c92   0x08003c92   0x00000002   PAD
    0x08003c94   0x08003c94   0x0000009c   Code   RO         1865    .text.HAL_TIM_PWM_Init  stm32f4xx_hal_tim.o
    0x08003d30   0x08003d30   0x00000038   Code   RO           71    .text.HAL_TIM_PWM_MspInit  tim.o
    0x08003d68   0x08003d68   0x00000180   Code   RO         1873    .text.HAL_TIM_PWM_Start  stm32f4xx_hal_tim.o
    0x08003ee8   0x08003ee8   0x0000000c   Code   RO         2237    .text.HAL_UARTEx_RxEventCallback  stm32f4xx_hal_uart.o
    0x08003ef4   0x08003ef4   0x00000008   Code   RO         2235    .text.HAL_UART_ErrorCallback  stm32f4xx_hal_uart.o
    0x08003efc   0x08003efc   0x0000041e   Code   RO         2229    .text.HAL_UART_IRQHandler  stm32f4xx_hal_uart.o
    0x0800431a   0x0800431a   0x00000002   PAD
    0x0800431c   0x0800431c   0x0000009a   Code   RO         2147    .text.HAL_UART_Init  stm32f4xx_hal_uart.o
    0x080043b6   0x080043b6   0x00000002   PAD
    0x080043b8   0x080043b8   0x0000014c   Code   RO           89    .text.HAL_UART_MspInit  usart.o
    0x08004504   0x08004504   0x00000044   Code   RO           95    .text.HAL_UART_RxCpltCallback  usart.o
    0x08004548   0x08004548   0x00000110   Code   RO         2175    .text.HAL_UART_Transmit_DMA  stm32f4xx_hal_uart.o
    0x08004658   0x08004658   0x00000044   Code   RO           93    .text.HAL_UART_TxCpltCallback  usart.o
    0x0800469c   0x0800469c   0x00000008   Code   RO         2245    .text.HAL_UART_TxHalfCpltCallback  stm32f4xx_hal_uart.o
    0x080046a4   0x080046a4   0x00000004   Code   RO           22    .text.HardFault_Handler  stm32f4xx_it.o
    0x080046a8   0x080046a8   0x00000022   Code   RO          265    .text.IsEventFlagsPtrValid  rtx_evflags.o
    0x080046ca   0x080046ca   0x00000002   PAD
    0x080046cc   0x080046cc   0x00000014   Code   RO          218    .text.IsException   rtx_delay.o
    0x080046e0   0x080046e0   0x00000014   Code   RO          237    .text.IsException   rtx_evflags.o
    0x080046f4   0x080046f4   0x00000014   Code   RO          689    .text.IsException   rtx_kernel.o
    0x08004708   0x08004708   0x00000014   Code   RO          931    .text.IsException   rtx_msgqueue.o
    0x0800471c   0x0800471c   0x00000014   Code   RO         1012    .text.IsException   rtx_mutex.o
    0x08004730   0x08004730   0x00000014   Code   RO         1215    .text.IsException   rtx_thread.o
    0x08004744   0x08004744   0x00000014   Code   RO         1390    .text.IsException   rtx_timer.o
    0x08004758   0x08004758   0x0000002e   Code   RO          220    .text.IsIrqMasked   rtx_delay.o
    0x08004786   0x08004786   0x00000002   PAD
    0x08004788   0x08004788   0x0000002e   Code   RO          239    .text.IsIrqMasked   rtx_evflags.o
    0x080047b6   0x080047b6   0x00000002   PAD
    0x080047b8   0x080047b8   0x0000002e   Code   RO          691    .text.IsIrqMasked   rtx_kernel.o
    0x080047e6   0x080047e6   0x00000002   PAD
    0x080047e8   0x080047e8   0x0000002e   Code   RO          933    .text.IsIrqMasked   rtx_msgqueue.o
    0x08004816   0x08004816   0x00000002   PAD
    0x08004818   0x08004818   0x0000002e   Code   RO         1014    .text.IsIrqMasked   rtx_mutex.o
    0x08004846   0x08004846   0x00000002   PAD
    0x08004848   0x08004848   0x0000002e   Code   RO         1217    .text.IsIrqMasked   rtx_thread.o
    0x08004876   0x08004876   0x00000002   PAD
    0x08004878   0x08004878   0x0000002e   Code   RO         1392    .text.IsIrqMasked   rtx_timer.o
    0x080048a6   0x080048a6   0x00000002   PAD
    0x080048a8   0x080048a8   0x00000022   Code   RO          967    .text.IsMessageQueuePtrValid  rtx_msgqueue.o
    0x080048ca   0x080048ca   0x00000002   PAD
    0x080048cc   0x080048cc   0x00000022   Code   RO         1030    .text.IsMutexPtrValid  rtx_mutex.o
    0x080048ee   0x080048ee   0x00000002   PAD
    0x080048f0   0x080048f0   0x00000014   Code   RO          695    .text.IsPrivileged  rtx_kernel.o
    0x08004904   0x08004904   0x00000022   Code   RO         1301    .text.IsThreadPtrValid  rtx_thread.o
    0x08004926   0x08004926   0x00000002   PAD
    0x08004928   0x08004928   0x00000022   Code   RO         1416    .text.IsTimerPtrValid  rtx_timer.o
    0x0800494a   0x0800494a   0x00000002   PAD
    0x0800494c   0x0800494c   0x0000002c   Code   RO          130    .text.MTR_Init      dc_motor.o
    0x08004978   0x08004978   0x00000046   Code   RO          134    .text.MTR_SetDirection  dc_motor.o
    0x080049be   0x080049be   0x00000002   PAD
    0x080049c0   0x080049c0   0x000000e4   Code   RO          132    .text.MTR_SetSpeed  dc_motor.o
    0x08004aa4   0x08004aa4   0x00000050   Code   RO           53    .text.MX_DMA_Init   dma.o
    0x08004af4   0x08004af4   0x00000082   Code   RO           45    .text.MX_GPIO_Init  gpio.o
    0x08004b76   0x08004b76   0x00000002   PAD
    0x08004b78   0x08004b78   0x00000082   Code   RO           61    .text.MX_TIM1_Init  tim.o
    0x08004bfa   0x08004bfa   0x00000002   PAD
    0x08004bfc   0x08004bfc   0x0000009a   Code   RO           63    .text.MX_TIM2_Init  tim.o
    0x08004c96   0x08004c96   0x00000002   PAD
    0x08004c98   0x08004c98   0x00000080   Code   RO           67    .text.MX_TIM3_Init  tim.o
    0x08004d18   0x08004d18   0x00000050   Code   RO           87    .text.MX_USART6_UART_Init  usart.o
    0x08004d68   0x08004d68   0x00000018   Code   RO          833    .text.MemBlockPtr   rtx_memory.o
    0x08004d80   0x08004d80   0x0000000a   Code   RO          831    .text.MemHeadPtr    rtx_memory.o
    0x08004d8a   0x08004d8a   0x00000002   PAD
    0x08004d8c   0x08004d8c   0x00000004   Code   RO           24    .text.MemManage_Handler  stm32f4xx_it.o
    0x08004d90   0x08004d90   0x00000052   Code   RO          983    .text.MessageQueueGet  rtx_msgqueue.o
    0x08004de2   0x08004de2   0x00000002   PAD
    0x08004de4   0x08004de4   0x000000ac   Code   RO          975    .text.MessageQueuePut  rtx_msgqueue.o
    0x08004e90   0x08004e90   0x00000042   Code   RO          971    .text.MessageQueueRemove  rtx_msgqueue.o
    0x08004ed2   0x08004ed2   0x00000002   PAD
    0x08004ed4   0x08004ed4   0x00000004   Code   RO           20    .text.NMI_Handler   stm32f4xx_it.o
    0x08004ed8   0x08004ed8   0x0000006c   Code   RO         1550    .text.NVIC_EncodePriority  stm32f4xx_hal_cortex.o
    0x08004f44   0x08004f44   0x0000000c   Code   RO         1445    .text.OS_Tick_AcknowledgeIRQ  os_systick.o
    0x08004f50   0x08004f50   0x0000003c   Code   RO         1441    .text.OS_Tick_Enable  os_systick.o
    0x08004f8c   0x08004f8c   0x00000006   Code   RO         1447    .text.OS_Tick_GetIRQn  os_systick.o
    0x08004f92   0x08004f92   0x00000002   PAD
    0x08004f94   0x08004f94   0x0000007e   Code   RO         1439    .text.OS_Tick_Setup  os_systick.o
    0x08005012   0x08005012   0x00000002   PAD
    0x08005014   0x08005014   0x00000034   Code   RO          162    .text.PolePlc_EnableController  pole_placement.o
    0x08005048   0x08005048   0x00000052   Code   RO          156    .text.PolePlc_Init  pole_placement.o
    0x0800509a   0x0800509a   0x00000002   PAD
    0x0800509c   0x0800509c   0x00000010   Code   RO          166    .text.PolePlc_IsControllerEnabled  pole_placement.o
    0x080050ac   0x080050ac   0x0000001a   Code   RO          158    .text.PolePlc_PeriodicTimerFunc  pole_placement.o
    0x080050c6   0x080050c6   0x00000002   PAD
    0x080050c8   0x080050c8   0x0000083c   Code   RO          160    .text.PolePlc_ThreadFunc  pole_placement.o
    0x08005904   0x08005904   0x00000050   Code   RO          753    .text.SVC_Setup     rtx_kernel.o
    0x08005954   0x08005954   0x00000010   Code   RO         1136    .text.SetPendSV     rtx_system.o
    0x08005964   0x08005964   0x00000034   Code   RO         1181    .text.SetPrivileged  rtx_thread.o
    0x08005998   0x08005998   0x00000018   Code   RO         1177    .text.StackOffsetR0  rtx_thread.o
    0x080059b0   0x080059b0   0x00000052   Code   RO         1566    .text.SysTick_Config  stm32f4xx_hal_cortex.o
    0x08005a02   0x08005a02   0x00000002   PAD
    0x08005a04   0x08005a04   0x000000ba   Code   RO            6    .text.SystemClock_Config  main.o
    0x08005abe   0x08005abe   0x00000002   PAD
    0x08005ac0   0x08005ac0   0x0000012e   Code   RO         2295    .text.SystemCoreClockUpdate  system_stm32f4xx.o
    0x08005bee   0x08005bee   0x00000002   PAD
    0x08005bf0   0x08005bf0   0x00000012   Code   RO         2293    .text.SystemInit    system_stm32f4xx.o
    0x08005c02   0x08005c02   0x00000002   PAD
    0x08005c04   0x08005c04   0x0000013a   Code   RO         1815    .text.TIM_Base_SetConfig  stm32f4xx_hal_tim.o
    0x08005d3e   0x08005d3e   0x00000002   PAD
    0x08005d40   0x08005d40   0x00000036   Code   RO         1849    .text.TIM_CCxChannelCmd  stm32f4xx_hal_tim.o
    0x08005d76   0x08005d76   0x00000002   PAD
    0x08005d78   0x08005d78   0x000000ca   Code   RO         1959    .text.TIM_OC1_SetConfig  stm32f4xx_hal_tim.o
    0x08005e42   0x08005e42   0x00000002   PAD
    0x08005e44   0x08005e44   0x000000d4   Code   RO         1961    .text.TIM_OC2_SetConfig  stm32f4xx_hal_tim.o
    0x08005f18   0x08005f18   0x000000d2   Code   RO         1963    .text.TIM_OC3_SetConfig  stm32f4xx_hal_tim.o
    0x08005fea   0x08005fea   0x00000002   PAD
    0x08005fec   0x08005fec   0x00000094   Code   RO         1965    .text.TIM_OC4_SetConfig  stm32f4xx_hal_tim.o
    0x08006080   0x08006080   0x0000007c   Code   RO         1309    .text.ThreadFlagsCheck  rtx_thread.o
    0x080060fc   0x080060fc   0x0000009e   Code   RO         1412    .text.TimerInsert   rtx_timer.o
    0x0800619a   0x0800619a   0x00000002   PAD
    0x0800619c   0x0800619c   0x00000048   Code   RO         1422    .text.TimerRemove   rtx_timer.o
    0x080061e4   0x080061e4   0x00000028   Code   RO         1408    .text.TimerUnlink   rtx_timer.o
    0x0800620c   0x0800620c   0x00000022   Code   RO           97    .text.UART_AsyncTransmit  usart.o
    0x0800622e   0x0800622e   0x00000002   PAD
    0x08006230   0x08006230   0x00000020   Code   RO         2233    .text.UART_DMAAbortOnError  stm32f4xx_hal_uart.o
    0x08006250   0x08006250   0x0000007c   Code   RO         2181    .text.UART_DMAError  stm32f4xx_hal_uart.o
    0x080062cc   0x080062cc   0x0000007a   Code   RO         2177    .text.UART_DMATransmitCplt  stm32f4xx_hal_uart.o
    0x08006346   0x08006346   0x00000002   PAD
    0x08006348   0x08006348   0x00000016   Code   RO         2179    .text.UART_DMATxHalfCplt  stm32f4xx_hal_uart.o
    0x0800635e   0x0800635e   0x00000002   PAD
    0x08006360   0x08006360   0x00000094   Code   RO         2195    .text.UART_EndRxTransfer  stm32f4xx_hal_uart.o
    0x080063f4   0x080063f4   0x00000026   Code   RO         2241    .text.UART_EndTransmit_IT  stm32f4xx_hal_uart.o
    0x0800641a   0x0800641a   0x00000002   PAD
    0x0800641c   0x0800641c   0x00000036   Code   RO         2193    .text.UART_EndTxTransfer  stm32f4xx_hal_uart.o
    0x08006452   0x08006452   0x00000002   PAD
    0x08006454   0x08006454   0x00000164   Code   RO         2231    .text.UART_Receive_IT  stm32f4xx_hal_uart.o
    0x080065b8   0x080065b8   0x0000013a   Code   RO         2151    .text.UART_SetConfig  stm32f4xx_hal_uart.o
    0x080066f2   0x080066f2   0x00000002   PAD
    0x080066f4   0x080066f4   0x00000094   Code   RO         2239    .text.UART_Transmit_IT  stm32f4xx_hal_uart.o
    0x08006788   0x08006788   0x0000004a   Code   RO           99    .text.UART_WaitSending  usart.o
    0x080067d2   0x080067d2   0x00000002   PAD
    0x080067d4   0x080067d4   0x00000010   Code   RO           36    .text.USART6_IRQHandler  stm32f4xx_it.o
    0x080067e4   0x080067e4   0x00000004   Code   RO           28    .text.UsageFault_Handler  stm32f4xx_it.o
    0x080067e8   0x080067e8   0x00000030   Code   RO         1554    .text.__NVIC_EnableIRQ  stm32f4xx_hal_cortex.o
    0x08006818   0x08006818   0x00000010   Code   RO          755    .text.__NVIC_GetPriorityGrouping  rtx_kernel.o
    0x08006828   0x08006828   0x00000010   Code   RO         1546    .text.__NVIC_GetPriorityGrouping  stm32f4xx_hal_cortex.o
    0x08006838   0x08006838   0x00000042   Code   RO         1548    .text.__NVIC_SetPriority  stm32f4xx_hal_cortex.o
    0x0800687a   0x0800687a   0x00000002   PAD
    0x0800687c   0x0800687c   0x0000003c   Code   RO         1542    .text.__NVIC_SetPriorityGrouping  stm32f4xx_hal_cortex.o
    0x080068b8   0x080068b8   0x00000096   Code   RO          792    .text.__user_perthread_libspace  rtx_lib.o
    0x0800694e   0x0800694e   0x00000002   PAD
    0x08006950   0x08006950   0x00000020   Code   RO          802    .text._mutex_acquire  rtx_lib.o
    0x08006970   0x08006970   0x00000012   Code   RO          806    .text._mutex_free   rtx_lib.o
    0x08006982   0x08006982   0x00000002   PAD
    0x08006984   0x08006984   0x00000032   Code   RO          800    .text._mutex_initialize  rtx_lib.o
    0x080069b6   0x080069b6   0x00000002   PAD
    0x080069b8   0x080069b8   0x0000001c   Code   RO          804    .text._mutex_release  rtx_lib.o
    0x080069d4   0x080069d4   0x00000008   Code   RO          788    .text._platform_post_stackheap_init  rtx_lib.o
    0x080069dc   0x080069dc   0x00000038   Code   RO          271    .text.atomic_chk32_all  rtx_evflags.o
    0x08006a14   0x08006a14   0x00000038   Code   RO         1311    .text.atomic_chk32_all  rtx_thread.o
    0x08006a4c   0x08006a4c   0x00000034   Code   RO          273    .text.atomic_chk32_any  rtx_evflags.o
    0x08006a80   0x08006a80   0x00000034   Code   RO         1313    .text.atomic_chk32_any  rtx_thread.o
    0x08006ab4   0x08006ab4   0x0000002c   Code   RO         1138    .text.atomic_dec16_nz  rtx_system.o
    0x08006ae0   0x08006ae0   0x00000020   Code   RO          858    .text.atomic_dec32  rtx_mempool.o
    0x08006b00   0x08006b00   0x00000028   Code   RO          985    .text.atomic_dec32_nz  rtx_msgqueue.o
    0x08006b28   0x08006b28   0x00000034   Code   RO         1140    .text.atomic_inc16_lim  rtx_system.o
    0x08006b5c   0x08006b5c   0x00000038   Code   RO         1144    .text.atomic_inc16_lt  rtx_system.o
    0x08006b94   0x08006b94   0x00000020   Code   RO          852    .text.atomic_inc32  rtx_mempool.o
    0x08006bb4   0x08006bb4   0x00000020   Code   RO          977    .text.atomic_inc32  rtx_msgqueue.o
    0x08006bd4   0x08006bd4   0x00000028   Code   RO          850    .text.atomic_link_get  rtx_mempool.o
    0x08006bfc   0x08006bfc   0x00000030   Code   RO          856    .text.atomic_link_put  rtx_mempool.o
    0x08006c2c   0x08006c2c   0x00000028   Code   RO          281    .text.atomic_set32  rtx_evflags.o
    0x08006c54   0x08006c54   0x00000028   Code   RO          987    .text.atomic_wr8    rtx_msgqueue.o
    0x08006c7c   0x08006c7c   0x0000006a   Code   RO          247    .text.isrRtxEventFlagsSet  rtx_evflags.o
    0x08006ce6   0x08006ce6   0x00000002   PAD
    0x08006ce8   0x08006ce8   0x0000008a   Code   RO          259    .text.isrRtxEventFlagsWait  rtx_evflags.o
    0x08006d72   0x08006d72   0x00000002   PAD
    0x08006d74   0x08006d74   0x000000ac   Code   RO          945    .text.isrRtxMessageQueueGet  rtx_msgqueue.o
    0x08006e20   0x08006e20   0x000000bc   Code   RO          941    .text.isrRtxMessageQueuePut  rtx_msgqueue.o
    0x08006edc   0x08006edc   0x00000054   Code   RO         1120    .text.isr_queue_get  rtx_system.o
    0x08006f30   0x08006f30   0x0000005e   Code   RO         1134    .text.isr_queue_put  rtx_system.o
    0x08006f8e   0x08006f8e   0x00000002   PAD
    0x08006f90   0x08006f90   0x00000054   Code   RO            4    .text.main          main.o
    0x08006fe4   0x08006fe4   0x00000054   Code   RO          216    .text.osDelay       rtx_delay.o
    0x08007038   0x08007038   0x00000056   Code   RO          235    .text.osEventFlagsNew  rtx_evflags.o
    0x0800708e   0x0800708e   0x00000002   PAD
    0x08007090   0x08007090   0x0000005e   Code   RO          245    .text.osEventFlagsSet  rtx_evflags.o
    0x080070ee   0x080070ee   0x00000002   PAD
    0x080070f0   0x080070f0   0x0000007e   Code   RO          257    .text.osEventFlagsWait  rtx_evflags.o
    0x0800716e   0x0800716e   0x00000002   PAD
    0x08007170   0x08007170   0x00000042   Code   RO          699    .text.osKernelGetState  rtx_kernel.o
    0x080071b2   0x080071b2   0x00000002   PAD
    0x080071b4   0x080071b4   0x0000003a   Code   RO          731    .text.osKernelGetTickCount  rtx_kernel.o
    0x080071ee   0x080071ee   0x00000002   PAD
    0x080071f0   0x080071f0   0x0000004a   Code   RO          687    .text.osKernelInitialize  rtx_kernel.o
    0x0800723a   0x0800723a   0x00000002   PAD
    0x0800723c   0x0800723c   0x00000046   Code   RO          703    .text.osKernelStart  rtx_kernel.o
    0x08007282   0x08007282   0x00000002   PAD
    0x08007284   0x08007284   0x0000007e   Code   RO          943    .text.osMessageQueueGet  rtx_msgqueue.o
    0x08007302   0x08007302   0x00000002   PAD
    0x08007304   0x08007304   0x0000008a   Code   RO          939    .text.osMessageQueuePut  rtx_msgqueue.o
    0x0800738e   0x0800738e   0x00000002   PAD
    0x08007390   0x08007390   0x00000064   Code   RO         1020    .text.osMutexAcquire  rtx_mutex.o
    0x080073f4   0x080073f4   0x00000056   Code   RO         1026    .text.osMutexDelete  rtx_mutex.o
    0x0800744a   0x0800744a   0x00000002   PAD
    0x0800744c   0x0800744c   0x00000056   Code   RO         1010    .text.osMutexNew    rtx_mutex.o
    0x080074a2   0x080074a2   0x00000002   PAD
    0x080074a4   0x080074a4   0x00000056   Code   RO         1022    .text.osMutexRelease  rtx_mutex.o
    0x080074fa   0x080074fa   0x00000002   PAD
    0x080074fc   0x080074fc   0x00000030   Code   RO         1467    .text.osRtxErrorNotify  rtx_config.o
    0x0800752c   0x0800752c   0x0000000a   Code   RO          275    .text.osRtxEventFlagsId  rtx_evflags.o
    0x08007536   0x08007536   0x00000002   PAD
    0x08007538   0x08007538   0x0000000a   Code   RO         1124    .text.osRtxEventFlagsObject  rtx_system.o
    0x08007542   0x08007542   0x00000002   PAD
    0x08007544   0x08007544   0x0000005c   Code   RO          267    .text.osRtxEventFlagsPostProcess  rtx_evflags.o
    0x080075a0   0x080075a0   0x00000008   Code   RO         1465    .text.osRtxIdleThread  rtx_config.o
    0x080075a8   0x080075a8   0x00000002   Code   RO          683    .text.osRtxKernelBeforeInit  rtx_kernel.o
    0x080075aa   0x080075aa   0x00000002   PAD
    0x080075ac   0x080075ac   0x0000001c   Code   RO          685    .text.osRtxKernelErrorNotify  rtx_kernel.o
    0x080075c8   0x080075c8   0x0000000c   Code   RO         1116    .text.osRtxKernelGetState  rtx_system.o
    0x080075d4   0x080075d4   0x0000000c   Code   RO         1185    .text.osRtxKernelGetState  rtx_thread.o
    0x080075e0   0x080075e0   0x0000000c   Code   RO          749    .text.osRtxKernelState  rtx_kernel.o
    0x080075ec   0x080075ec   0x0000014c   Code   RO          835    .text.osRtxMemoryAlloc  rtx_memory.o
    0x08007738   0x08007738   0x000000c2   Code   RO          837    .text.osRtxMemoryFree  rtx_memory.o
    0x080077fa   0x080077fa   0x00000002   PAD
    0x080077fc   0x080077fc   0x00000096   Code   RO          829    .text.osRtxMemoryInit  rtx_memory.o
    0x08007892   0x08007892   0x00000002   PAD
    0x08007894   0x08007894   0x0000004a   Code   RO          848    .text.osRtxMemoryPoolAlloc  rtx_mempool.o
    0x080078de   0x080078de   0x00000002   PAD
    0x080078e0   0x080078e0   0x00000064   Code   RO          854    .text.osRtxMemoryPoolFree  rtx_mempool.o
    0x08007944   0x08007944   0x00000098   Code   RO          846    .text.osRtxMemoryPoolInit  rtx_mempool.o
    0x080079dc   0x080079dc   0x0000000a   Code   RO         1128    .text.osRtxMemoryPoolObject  rtx_system.o
    0x080079e6   0x080079e6   0x00000002   PAD
    0x080079e8   0x080079e8   0x0000000a   Code   RO         1130    .text.osRtxMessageObject  rtx_system.o
    0x080079f2   0x080079f2   0x00000002   PAD
    0x080079f4   0x080079f4   0x0000000a   Code   RO          925    .text.osRtxMessageQueueId  rtx_msgqueue.o
    0x080079fe   0x080079fe   0x00000002   PAD
    0x08007a00   0x08007a00   0x00000144   Code   RO          969    .text.osRtxMessageQueuePostProcess  rtx_msgqueue.o
    0x08007b44   0x08007b44   0x0000003e   Code   RO          923    .text.osRtxMessageQueueTimerSetup  rtx_msgqueue.o
    0x08007b82   0x08007b82   0x00000002   PAD
    0x08007b84   0x08007b84   0x0000005a   Code   RO         1046    .text.osRtxMutexDestroy  rtx_mutex.o
    0x08007bde   0x08007bde   0x00000002   PAD
    0x08007be0   0x08007be0   0x0000000a   Code   RO         1032    .text.osRtxMutexId  rtx_mutex.o
    0x08007bea   0x08007bea   0x00000002   PAD
    0x08007bec   0x08007bec   0x0000000a   Code   RO         1173    .text.osRtxMutexObject  rtx_thread.o
    0x08007bf6   0x08007bf6   0x00000002   PAD
    0x08007bf8   0x08007bf8   0x00000098   Code   RO         1004    .text.osRtxMutexOwnerRelease  rtx_mutex.o
    0x08007c90   0x08007c90   0x000000ac   Code   RO         1008    .text.osRtxMutexOwnerRestore  rtx_mutex.o
    0x08007d3c   0x08007d3c   0x000000fc   Code   RO         1044    .text.osRtxMutexOwnerUnlock  rtx_mutex.o
    0x08007e38   0x08007e38   0x0000000a   Code   RO          279    .text.osRtxObject   rtx_evflags.o
    0x08007e42   0x08007e42   0x00000002   PAD
    0x08007e44   0x08007e44   0x0000000a   Code   RO          973    .text.osRtxObject   rtx_msgqueue.o
    0x08007e4e   0x08007e4e   0x00000002   PAD
    0x08007e50   0x08007e50   0x0000000a   Code   RO         1006    .text.osRtxObject   rtx_mutex.o
    0x08007e5a   0x08007e5a   0x00000002   PAD
    0x08007e5c   0x08007e5c   0x0000000a   Code   RO         1142    .text.osRtxObject   rtx_system.o
    0x08007e66   0x08007e66   0x00000002   PAD
    0x08007e68   0x08007e68   0x0000000a   Code   RO         1161    .text.osRtxObject   rtx_thread.o
    0x08007e72   0x08007e72   0x00000002   PAD
    0x08007e74   0x08007e74   0x000000b8   Code   RO         1118    .text.osRtxPendSV_Handler  rtx_system.o
    0x08007f2c   0x08007f2c   0x00000042   Code   RO         1132    .text.osRtxPostProcess  rtx_system.o
    0x08007f6e   0x08007f6e   0x00000002   PAD
    0x08007f70   0x08007f70   0x0000000a   Code   RO         1126    .text.osRtxSemaphoreObject  rtx_system.o
    0x08007f7a   0x08007f7a   0x00000002   PAD
    0x08007f7c   0x08007f7c   0x00000010   Code   RO          796    .text.osRtxThreadBeforeFree  rtx_lib.o
    0x08007f8c   0x08007f8c   0x00000088   Code   RO         1189    .text.osRtxThreadBlock  rtx_thread.o
    0x08008014   0x08008014   0x000000fa   Code   RO         1195    .text.osRtxThreadDelayInsert  rtx_thread.o
    0x0800810e   0x0800810e   0x00000002   PAD
    0x08008110   0x08008110   0x0000009c   Code   RO         1167    .text.osRtxThreadDelayRemove  rtx_thread.o
    0x080081ac   0x080081ac   0x00000150   Code   RO         1169    .text.osRtxThreadDelayTick  rtx_thread.o
    0x080082fc   0x080082fc   0x00000060   Code   RO         1201    .text.osRtxThreadDestroy  rtx_thread.o
    0x0800835c   0x0800835c   0x00000096   Code   RO         1183    .text.osRtxThreadDispatch  rtx_thread.o
    0x080083f2   0x080083f2   0x00000002   PAD
    0x080083f4   0x080083f4   0x000000a2   Code   RO         1203    .text.osRtxThreadFree  rtx_thread.o
    0x08008496   0x08008496   0x00000002   PAD
    0x08008498   0x08008498   0x0000000c   Code   RO          291    .text.osRtxThreadGetRunning  rtx_evflags.o
    0x080084a4   0x080084a4   0x0000000c   Code   RO          981    .text.osRtxThreadGetRunning  rtx_msgqueue.o
    0x080084b0   0x080084b0   0x0000000c   Code   RO         1036    .text.osRtxThreadGetRunning  rtx_mutex.o
    0x080084bc   0x080084bc   0x0000000c   Code   RO         1187    .text.osRtxThreadGetRunning  rtx_thread.o
    0x080084c8   0x080084c8   0x0000000c   Code   RO         1406    .text.osRtxThreadGetRunning  rtx_timer.o
    0x080084d4   0x080084d4   0x0000000a   Code   RO         1209    .text.osRtxThreadId  rtx_thread.o
    0x080084de   0x080084de   0x00000002   PAD
    0x080084e0   0x080084e0   0x0000003c   Code   RO         1199    .text.osRtxThreadJoinWakeup  rtx_thread.o
    0x0800851c   0x0800851c   0x00000036   Code   RO         1157    .text.osRtxThreadListGet  rtx_thread.o
    0x08008552   0x08008552   0x00000002   PAD
    0x08008554   0x08008554   0x00000076   Code   RO         1153    .text.osRtxThreadListPut  rtx_thread.o
    0x080085ca   0x080085ca   0x00000002   PAD
    0x080085cc   0x080085cc   0x00000032   Code   RO         1163    .text.osRtxThreadListRemove  rtx_thread.o
    0x080085fe   0x080085fe   0x00000002   PAD
    0x08008600   0x08008600   0x00000022   Code   RO         1171    .text.osRtxThreadListRoot  rtx_thread.o
    0x08008622   0x08008622   0x00000002   PAD
    0x08008624   0x08008624   0x00000058   Code   RO         1159    .text.osRtxThreadListSort  rtx_thread.o
    0x0800867c   0x0800867c   0x0000000a   Code   RO         1122    .text.osRtxThreadObject  rtx_system.o
    0x08008686   0x08008686   0x00000002   PAD
    0x08008688   0x08008688   0x0000000a   Code   RO         1155    .text.osRtxThreadObject  rtx_thread.o
    0x08008692   0x08008692   0x00000002   PAD
    0x08008694   0x08008694   0x00000044   Code   RO         1307    .text.osRtxThreadPostProcess  rtx_thread.o
    0x080086d8   0x080086d8   0x00000020   Code   RO         1165    .text.osRtxThreadReadyPut  rtx_thread.o
    0x080086f8   0x080086f8   0x00000022   Code   RO         1175    .text.osRtxThreadRegPtr  rtx_thread.o
    0x0800871a   0x0800871a   0x00000002   PAD
    0x0800871c   0x0800871c   0x00000014   Code   RO         1343    .text.osRtxThreadSetRunning  rtx_thread.o
    0x08008730   0x08008730   0x00000014   Code   RO         1410    .text.osRtxThreadSetRunning  rtx_timer.o
    0x08008744   0x08008744   0x0000003c   Code   RO         1197    .text.osRtxThreadStackCheck  rtx_thread.o
    0x08008780   0x08008780   0x00000096   Code   RO         1207    .text.osRtxThreadStartup  rtx_thread.o
    0x08008816   0x08008816   0x00000002   PAD
    0x08008818   0x08008818   0x0000002e   Code   RO         1179    .text.osRtxThreadSwitch  rtx_thread.o
    0x08008846   0x08008846   0x00000002   PAD
    0x08008848   0x08008848   0x00000076   Code   RO         1193    .text.osRtxThreadWaitEnter  rtx_thread.o
    0x080088be   0x080088be   0x00000002   PAD
    0x080088c0   0x080088c0   0x00000046   Code   RO         1191    .text.osRtxThreadWaitExit  rtx_thread.o
    0x08008906   0x08008906   0x00000002   PAD
    0x08008908   0x08008908   0x00000110   Code   RO         1114    .text.osRtxTick_Handler  rtx_system.o
    0x08008a18   0x08008a18   0x0000000a   Code   RO         1418    .text.osRtxTimerId  rtx_timer.o
    0x08008a22   0x08008a22   0x00000002   PAD
    0x08008a24   0x08008a24   0x00000030   Code   RO         1382    .text.osRtxTimerSetup  rtx_timer.o
    0x08008a54   0x08008a54   0x00000032   Code   RO         1386    .text.osRtxTimerThread  rtx_timer.o
    0x08008a86   0x08008a86   0x00000002   PAD
    0x08008a88   0x08008a88   0x000000dc   Code   RO         1384    .text.osRtxTimerTick  rtx_timer.o
    0x08008b64   0x08008b64   0x00000010   Code   RO         1303    .text.osThreadEntry  rtx_thread.o
    0x08008b74   0x08008b74   0x00000024   Code   RO         1255    .text.osThreadExit  rtx_thread.o
    0x08008b98   0x08008b98   0x0000003a   Code   RO         1231    .text.osThreadGetId  rtx_thread.o
    0x08008bd2   0x08008bd2   0x00000002   PAD
    0x08008bd4   0x08008bd4   0x00000072   Code   RO         1213    .text.osThreadNew   rtx_thread.o
    0x08008c46   0x08008c46   0x00000002   PAD
    0x08008c48   0x08008c48   0x0000008a   Code   RO         1388    .text.osTimerNew    rtx_timer.o
    0x08008cd2   0x08008cd2   0x00000002   PAD
    0x08008cd4   0x08008cd4   0x00000064   Code   RO         1398    .text.osTimerStart  rtx_timer.o
    0x08008d38   0x08008d38   0x00000036   Code   RO          794    .text.os_kernel_is_active  rtx_lib.o
    0x08008d6e   0x08008d6e   0x00000002   PAD
    0x08008d70   0x08008d70   0x00000050   Code   RO          224    .text.svcRtxDelay   rtx_delay.o
    0x08008dc0   0x08008dc0   0x00000140   Code   RO          263    .text.svcRtxEventFlagsNew  rtx_evflags.o
    0x08008f00   0x08008f00   0x000000d8   Code   RO          283    .text.svcRtxEventFlagsSet  rtx_evflags.o
    0x08008fd8   0x08008fd8   0x000000d6   Code   RO          289    .text.svcRtxEventFlagsWait  rtx_evflags.o
    0x080090ae   0x080090ae   0x00000002   PAD
    0x080090b0   0x080090b0   0x00000016   Code   RO          701    .text.svcRtxKernelGetState  rtx_kernel.o
    0x080090c6   0x080090c6   0x00000002   PAD
    0x080090c8   0x080090c8   0x0000001c   Code   RO          733    .text.svcRtxKernelGetTickCount  rtx_kernel.o
    0x080090e4   0x080090e4   0x00000304   Code   RO          747    .text.svcRtxKernelInitialize  rtx_kernel.o
    0x080093e8   0x080093e8   0x000000a4   Code   RO          751    .text.svcRtxKernelStart  rtx_kernel.o
    0x0800948c   0x0800948c   0x00000168   Code   RO          989    .text.svcRtxMessageQueueGet  rtx_msgqueue.o
    0x080095f4   0x080095f4   0x00000290   Code   RO          927    .text.svcRtxMessageQueueNew  rtx_msgqueue.o
    0x08009884   0x08009884   0x0000015c   Code   RO          979    .text.svcRtxMessageQueuePut  rtx_msgqueue.o
    0x080099e0   0x080099e0   0x00000176   Code   RO         1034    .text.svcRtxMutexAcquire  rtx_mutex.o
    0x08009b56   0x08009b56   0x00000002   PAD
    0x08009b58   0x08009b58   0x00000058   Code   RO         1042    .text.svcRtxMutexDelete  rtx_mutex.o
    0x08009bb0   0x08009bb0   0x00000142   Code   RO         1028    .text.svcRtxMutexNew  rtx_mutex.o
    0x08009cf2   0x08009cf2   0x00000002   PAD
    0x08009cf4   0x08009cf4   0x000001a0   Code   RO         1038    .text.svcRtxMutexRelease  rtx_mutex.o
    0x08009e94   0x08009e94   0x00000084   Code   RO         1341    .text.svcRtxThreadExit  rtx_thread.o
    0x08009f18   0x08009f18   0x00000016   Code   RO         1233    .text.svcRtxThreadGetId  rtx_thread.o
    0x08009f2e   0x08009f2e   0x00000002   PAD
    0x08009f30   0x08009f30   0x0000046a   Code   RO         1211    .text.svcRtxThreadNew  rtx_thread.o
    0x0800a39a   0x0800a39a   0x00000002   PAD
    0x0800a39c   0x0800a39c   0x00000190   Code   RO         1414    .text.svcRtxTimerNew  rtx_timer.o
    0x0800a52c   0x0800a52c   0x0000009e   Code   RO         1420    .text.svcRtxTimerStart  rtx_timer.o
    0x0800a5ca   0x0800a5ca   0x00000002   PAD
    0x0800a5cc   0x0800a5cc   0x00000048   Code   RO          798    .text.user_perthread_libspace_free  rtx_lib.o
    0x0800a614   0x0800a614   0x00000012   Code   RO         1305    .text.xPSR_InitVal  rtx_thread.o
    0x0800a626   0x0800a626   0x0000003e   Code   RO         2595    CL$$btod_d2e        c_w.l(btod.o)
    0x0800a664   0x0800a664   0x00000046   Code   RO         2597    CL$$btod_d2e_denorm_low  c_w.l(btod.o)
    0x0800a6aa   0x0800a6aa   0x00000060   Code   RO         2596    CL$$btod_d2e_norm_op1  c_w.l(btod.o)
    0x0800a70a   0x0800a70a   0x00000002   PAD
    0x0800a70c   0x0800a70c   0x00000338   Code   RO         2605    CL$$btod_div_common  c_w.l(btod.o)
    0x0800aa44   0x0800aa44   0x000000dc   Code   RO         2602    CL$$btod_e2e        c_w.l(btod.o)
    0x0800ab20   0x0800ab20   0x0000002a   Code   RO         2599    CL$$btod_ediv       c_w.l(btod.o)
    0x0800ab4a   0x0800ab4a   0x0000002a   Code   RO         2598    CL$$btod_emul       c_w.l(btod.o)
    0x0800ab74   0x0800ab74   0x00000244   Code   RO         2604    CL$$btod_mult_common  c_w.l(btod.o)
    0x0800adb8   0x0800adb8   0x00000030   Code   RO         2572    i.__ARM_fpclassify  m_wm.l(fpclassify.o)
    0x0800ade8   0x0800ade8   0x000000c8   Code   RO         2348    i.__hardfp_cos      m_wm.l(cos.o)
    0x0800aeb0   0x0800aeb0   0x000000c8   Code   RO         2354    i.__hardfp_sin      m_wm.l(sin.o)
    0x0800af78   0x0800af78   0x00000438   Code   RO         2502    i.__ieee754_rem_pio2  m_wm.l(rred.o)
    0x0800b3b0   0x0800b3b0   0x00000170   Code   RO         2485    i.__kernel_cos      m_wm.l(cos_i.o)
    0x0800b520   0x0800b520   0x000000f8   Code   RO         2574    i.__kernel_poly     m_wm.l(poly.o)
    0x0800b618   0x0800b618   0x00000130   Code   RO         2507    i.__kernel_sin      m_wm.l(sin_i.o)
    0x0800b748   0x0800b748   0x00000014   Code   RO         2489    i.__mathlib_dbl_infnan  m_wm.l(dunder.o)
    0x0800b75c   0x0800b75c   0x00000004   PAD
    0x0800b760   0x0800b760   0x00000020   Code   RO         2491    i.__mathlib_dbl_invalid  m_wm.l(dunder.o)
    0x0800b780   0x0800b780   0x00000020   Code   RO         2494    i.__mathlib_dbl_underflow  m_wm.l(dunder.o)
    0x0800b7a0   0x0800b7a0   0x0000000e   Code   RO         2425    i._is_digit         c_w.l(__printf_wp.o)
    0x0800b7ae   0x0800b7ae   0x00000018   Code   RO         2568    i.fabs              m_wm.l(fabs.o)
    0x0800b7c6   0x0800b7c6   0x00000002   PAD
    0x0800b7c8   0x0800b7c8   0x0000002c   Code   RO         2620    locale$$code        c_w.l(lc_numeric_c.o)
    0x0800b7f4   0x0800b7f4   0x0000002c   Code   RO         2641    locale$$code        c_w.l(lc_ctype_c.o)
    0x0800b820   0x0800b820   0x00000018   Code   RO         2460    x$fpl$basic         fz_wm.l(basic.o)
    0x0800b838   0x0800b838   0x00000062   Code   RO         2324    x$fpl$d2f           fz_wm.l(d2f.o)
    0x0800b89a   0x0800b89a   0x00000002   PAD
    0x0800b89c   0x0800b89c   0x00000150   Code   RO         2326    x$fpl$dadd          fz_wm.l(daddsub_clz.o)
    0x0800b9ec   0x0800b9ec   0x00000018   Code   RO         2554    x$fpl$dcmpinf       fz_wm.l(dcmpi.o)
    0x0800ba04   0x0800ba04   0x000002b4   Code   RO         2335    x$fpl$ddiv          fz_wm.l(ddiv.o)
    0x0800bcb8   0x0800bcb8   0x00000078   Code   RO         2462    x$fpl$deqf          fz_wm.l(deqf.o)
    0x0800bd30   0x0800bd30   0x0000005e   Code   RO         2556    x$fpl$dfix          fz_wm.l(dfix.o)
    0x0800bd8e   0x0800bd8e   0x00000002   PAD
    0x0800bd90   0x0800bd90   0x0000005a   Code   RO         2338    x$fpl$dfixu         fz_wm.l(dfixu.o)
    0x0800bdea   0x0800bdea   0x0000002e   Code   RO         2561    x$fpl$dflt          fz_wm.l(dflt_clz.o)
    0x0800be18   0x0800be18   0x00000026   Code   RO         2560    x$fpl$dfltu         fz_wm.l(dflt_clz.o)
    0x0800be3e   0x0800be3e   0x00000002   PAD
    0x0800be40   0x0800be40   0x00000078   Code   RO         2464    x$fpl$dgeqf         fz_wm.l(dgeqf.o)
    0x0800beb8   0x0800beb8   0x00000078   Code   RO         2466    x$fpl$dleqf         fz_wm.l(dleqf.o)
    0x0800bf30   0x0800bf30   0x00000154   Code   RO         2342    x$fpl$dmul          fz_wm.l(dmul.o)
    0x0800c084   0x0800c084   0x0000009c   Code   RO         2468    x$fpl$dnaninf       fz_wm.l(dnaninf.o)
    0x0800c120   0x0800c120   0x0000000c   Code   RO         2470    x$fpl$dretinf       fz_wm.l(dretinf.o)
    0x0800c12c   0x0800c12c   0x00000016   Code   RO         2327    x$fpl$drsb          fz_wm.l(daddsub_clz.o)
    0x0800c142   0x0800c142   0x00000002   PAD
    0x0800c144   0x0800c144   0x000001dc   Code   RO         2328    x$fpl$dsub          fz_wm.l(daddsub_clz.o)
    0x0800c320   0x0800c320   0x00000056   Code   RO         2344    x$fpl$f2d           fz_wm.l(f2d.o)
    0x0800c376   0x0800c376   0x00000054   Code   RO         2332    x$fpl$fcmp          fz_wm.l(dcmp.o)
    0x0800c3ca   0x0800c3ca   0x0000008c   Code   RO         2472    x$fpl$fnaninf       fz_wm.l(fnaninf.o)
    0x0800c456   0x0800c456   0x0000001a   Code   RO         2346    x$fpl$fpinit        fz_wm.l(fpinit.o)
    0x0800c470   0x0800c470   0x0000000a   Code   RO         2474    x$fpl$fretinf       fz_wm.l(fretinf.o)
    0x0800c47a   0x0800c47a   0x00000004   Code   RO         2476    x$fpl$printf1       fz_wm.l(printf1.o)
    0x0800c47e   0x0800c47e   0x00000004   Code   RO         2478    x$fpl$printf2       fz_wm.l(printf2.o)
    0x0800c482   0x0800c482   0x00000000   Code   RO         2484    x$fpl$usenofp       fz_wm.l(usenofp.o)
    0x0800c482   0x0800c482   0x00000002   PAD
    0x0800c484   0x0800c484   0x00000008   Data   RO         2384    .constdata          c_w.l(_printf_wctomb.o)
    0x0800c48c   0x0800c48c   0x00000028   Data   RO         2413    .constdata          c_w.l(_printf_hex_int_ll_ptr.o)
    0x0800c4b4   0x0800c4b4   0x00000011   Data   RO         2433    .constdata          c_w.l(__printf_flags_ss_wp.o)
    0x0800c4c5   0x0800c4c5   0x00000003   PAD
    0x0800c4c8   0x0800c4c8   0x00000030   Data   RO         2486    .constdata          m_wm.l(cos_i.o)
    0x0800c4f8   0x0800c4f8   0x000000cc   Data   RO         2504    .constdata          m_wm.l(rred.o)
    0x0800c5c4   0x0800c5c4   0x00000004   PAD
    0x0800c5c8   0x0800c5c8   0x00000028   Data   RO         2508    .constdata          m_wm.l(sin_i.o)
    0x0800c5f0   0x0800c5f0   0x00000026   Data   RO         2543    .constdata          c_w.l(_printf_fp_hex.o)
    0x0800c616   0x0800c616   0x00000002   PAD
    0x0800c618   0x0800c618   0x00000094   Data   RO         2593    .constdata          c_w.l(bigflt0.o)
    0x0800c6ac   0x0800c6ac   0x000000a8   Data   RO          812    .rodata             rtx_lib.o
    0x0800c754   0x0800c754   0x00000010   Data   RO         2298    .rodata.AHBPrescTable  system_stm32f4xx.o
    0x0800c764   0x0800c764   0x00000008   Data   RO         2299    .rodata.APBPrescTable  system_stm32f4xx.o
    0x0800c76c   0x0800c76c   0x00000008   Data   RO         1641    .rodata.DMA_CalcBaseAndBitshift.flagBitshiftOffset  stm32f4xx_hal_dma.o
    0x0800c774   0x0800c774   0x00000004   Data   RO          814    .rodata.osRtxUserSVC  rtx_lib.o
    0x0800c778   0x0800c778   0x00000024   Data   RO          809    .rodata.os_idle_thread_attr  rtx_lib.o
    0x0800c79c   0x0800c79c   0x00000018   Data   RO          811    .rodata.os_timer_mq_attr  rtx_lib.o
    0x0800c7b4   0x0800c7b4   0x00000024   Data   RO          810    .rodata.os_timer_thread_attr  rtx_lib.o
    0x0800c7d8   0x0800c7d8   0x00000010   Data   RO          201    .rodata.periodicTimerAttr  encoder.o
    0x0800c7e8   0x0800c7e8   0x00000022   Data   RO          168    .rodata.str1.1      pole_placement.o
    0x0800c80a   0x0800c80a   0x00000017   Data   RO          200    .rodata.str1.1      encoder.o
    0x0800c821   0x0800c821   0x0000000b   Data   RO          779    .rodata.str1.1      rtx_kernel.o
    0x0800c82c   0x0800c82c   0x00000020   Data   RO         2772    Region$$Table       anon$$obj.o
    0x0800c84c   0x0800c84c   0x0000001c   Data   RO         2619    locale$$data        c_w.l(lc_numeric_c.o)
    0x0800c868   0x0800c868   0x00000110   Data   RO         2640    locale$$data        c_w.l(lc_ctype_c.o)


    Execution Region RW_IRAM1 (Exec base: 0x20000000, Load base: 0x0800c978, Size: 0x00009e98, Max: 0x00010000, ABSOLUTE, COMPRESSED[0x000000e0])

    Exec Addr    Load Addr    Size         Type   Attr      Idx    E Section Name        Object

    0x20000000   COMPRESSED   0x00000014   Data   RW          122    .data.DC_Motor      app_main.o
    0x20000014   COMPRESSED   0x00000004   PAD
    0x20000018   COMPRESSED   0x00000068   Data   RW          120    .data.MotorEncoder  app_main.o
    0x20000080   COMPRESSED   0x00000068   Data   RW          121    .data.PendulumEncoder  app_main.o
    0x200000e8   COMPRESSED   0x00000c18   Data   RW          123    .data.PolePlacement  app_main.o
    0x20000d00   COMPRESSED   0x00000004   Data   RW         2297    .data.SystemCoreClock  system_stm32f4xx.o
    0x20000d04   COMPRESSED   0x00000004   Data   RW          176    .data.k1            pole_placement.o
    0x20000d08   COMPRESSED   0x00000004   Data   RW          177    .data.k2            pole_placement.o
    0x20000d0c   COMPRESSED   0x00000004   Data   RW          178    .data.k3            pole_placement.o
    0x20000d10   COMPRESSED   0x00000004   Data   RW          179    .data.k4            pole_placement.o
    0x20000d14   COMPRESSED   0x000000a4   Data   RW          780    .data.os            rtx_kernel.o
    0x20000db8   COMPRESSED   0x00000024   Data   RW          169    .data.polePlacementThreadAttr  pole_placement.o
    0x20000ddc   COMPRESSED   0x00000001   Data   RW         1531    .data.uwTickFreq    stm32f4xx_hal.o
    0x20000ddd   COMPRESSED   0x00000003   PAD
    0x20000de0   COMPRESSED   0x00000004   Data   RW         1530    .data.uwTickPrio    stm32f4xx_hal.o
    0x20000de4   COMPRESSED   0x00000004   PAD
    0x20000de8        -       0x00000060   Zero   RW         2577    .bss                c_w.l(libspace.o)
    0x20000e48        -       0x00000004   Zero   RW          106    .bss.EVT_UART6      usart.o
    0x20000e4c        -       0x00000004   Zero   RW           10    .bss.HAL_GetTick.ticks  main.o
    0x20000e50        -       0x00000004   Zero   RW           11    .bss.TID_AppMain    main.o
    0x20000e54        -       0x000000fa   Zero   RW          186    .bss.UART_TX_Buff   pole_placement.o
    0x20000f4e   COMPRESSED   0x00000002   PAD
    0x20000f50        -       0x00000060   Zero   RW          107    .bss.hdma_usart6_rx  usart.o
    0x20000fb0        -       0x00000060   Zero   RW          108    .bss.hdma_usart6_tx  usart.o
    0x20001010        -       0x00000048   Zero   RW           77    .bss.htim1          tim.o
    0x20001058        -       0x00000048   Zero   RW           78    .bss.htim2          tim.o
    0x200010a0        -       0x00000048   Zero   RW           79    .bss.htim3          tim.o
    0x200010e8        -       0x00000044   Zero   RW          105    .bss.huart6         usart.o
    0x2000112c   COMPRESSED   0x00000004   PAD
    0x20001130        -       0x00008040   Zero   RW          808    .bss.os             rtx_lib.o
    0x20009170        -       0x00000001   Zero   RW         1457    .bss.os             os_systick.o
    0x20009171   COMPRESSED   0x00000003   PAD
    0x20009174        -       0x000001f0   Zero   RW          815    .bss.os.libspace    rtx_lib.o
    0x20009364        -       0x00000034   Zero   RW          819    .bss.os.msgqueue.cb  rtx_lib.o
    0x20009398        -       0x00000050   Zero   RW          820    .bss.os.msgqueue.mem  rtx_lib.o
    0x200093e8        -       0x000000a0   Zero   RW          816    .bss.os.thread.cb   rtx_lib.o
    0x20009488        -       0x00000200   Zero   RW          817    .bss.os.thread.idle.stack  rtx_lib.o
    0x20009688        -       0x00000200   Zero   RW          818    .bss.os.thread.timer.stack  rtx_lib.o
    0x20009888        -       0x00000001   Zero   RW          821    .bss.os_kernel_is_active.os_kernel_active  rtx_lib.o
    0x20009889   COMPRESSED   0x00000007   PAD
    0x20009890        -       0x00000008   Zero   RW          180    .bss.u              pole_placement.o
    0x20009898        -       0x00000200   Zero   RW         2284    HEAP                startup_stm32f401xc.o
    0x20009a98        -       0x00000400   Zero   RW         2283    STACK               startup_stm32f401xc.o


==============================================================================

Image component sizes


      Code (inc. data)   RO Data    RW Data    ZI Data      Debug   Object Name

        66          0          0       3324          0       5793   app_main.o
       342          8          0          0          0       4930   dc_motor.o
       226          8          0          0          0       1217   disc_calc.o
        80          0          0          0          0       2960   dma.o
       364         16         39          0          0       5297   encoder.o
       130          0          0          0          0       2307   gpio.o
       256         16          0          0          0        798   irq_armv7m.o
       378          0          0          0          8       3695   main.o
       204          0          0          0          1       4307   os_systick.o
      2284         88         34         52        258       5676   pole_placement.o
        56          6          0          0          0        736   rtx_config.o
       230          0          0          0          0       2813   rtx_delay.o
      1822          0          0          0          0      11150   rtx_evflags.o
       704          0          0          0          0      26751   rtx_evr.o
      1478          0         11        164          0      17606   rtx_kernel.o
       450          0        268          0      34645       8063   rtx_lib.o
       710          0          0          0          0       2364   rtx_memory.o
       478          0          0          0          0      12663   rtx_mempool.o
      2938          0          0          0          0      15293   rtx_msgqueue.o
      2356          0          0          0          0       9493   rtx_mutex.o
       940         10          0          0          0       6339   rtx_system.o
      4286          0          0          0          0      33609   rtx_thread.o
      1526          0          0          0          0       9407   rtx_timer.o
        64         26        404          0       1536        904   startup_stm32f401xc.o
       166          0          0          5          0       7011   stm32f4xx_hal.o
       482          0          0          0          0       9318   stm32f4xx_hal_cortex.o
      2068          8          8          0          0       8690   stm32f4xx_hal_dma.o
       912          0          0          0          0       5346   stm32f4xx_hal_gpio.o
        74          0          0          0          0       1802   stm32f4xx_hal_msp.o
      2646          0          0          0          0       7896   stm32f4xx_hal_rcc.o
      2640         14          0          0          0      36040   stm32f4xx_hal_tim.o
       254          0          0          0          0      15560   stm32f4xx_hal_tim_ex.o
      2866          0          0          0          0      20452   stm32f4xx_hal_uart.o
        70          0          0          0          0       1150   stm32f4xx_it.o
       320          0         24          4          0       2805   system_stm32f4xx.o
       826          0          0          0        216       7353   tim.o
       656          0          0          0        264       7922   usart.o

    ----------------------------------------------------------------------
     36690        200        820       3556      36948     325516   Object Totals
         0          0         32          0          0          0   (incl. Generated)
       342          0          0          7         20          0   (incl. Padding)

    ----------------------------------------------------------------------

      Code (inc. data)   RO Data    RW Data    ZI Data      Debug   Library Member Name

        58          0          0          0          0          0   __dczerorl.o
         8          0          0          0          0         68   __main.o
       392          4         17          0          0         92   __printf_flags_ss_wp.o
        14          0          0          0          0         68   __printf_wp.o
         0          0          0          0          0          0   __rtentry.o
        20          0          0          0          0          0   __rtentry2.o
         6          0          0          0          0          0   __rtentry4.o
        52          8          0          0          0          0   __scatter.o
        28          0          0          0          0          0   __scatter_zi.o
        72          0          0          0          0         96   _c16rtomb.o
         6          0          0          0          0          0   _printf_a.o
         6          0          0          0          0          0   _printf_c.o
        44          0          0          0          0        108   _printf_char.o
        48          6          0          0          0         96   _printf_char_common.o
        40          0          0          0          0         68   _printf_charcount.o
         6          0          0          0          0          0   _printf_d.o
       120         16          0          0          0         92   _printf_dec.o
         6          0          0          0          0          0   _printf_e.o
         6          0          0          0          0          0   _printf_f.o
      1052          0          0          0          0        148   _printf_fp_dec.o
       764          8         38          0          0        100   _printf_fp_hex.o
       128         16          0          0          0         84   _printf_fp_infnan.o
         6          0          0          0          0          0   _printf_g.o
       148          4         40          0          0        160   _printf_hex_int_ll_ptr.o
         6          0          0          0          0          0   _printf_i.o
       178          0          0          0          0         88   _printf_intcommon.o
        10          0          0          0          0          0   _printf_l.o
         6          0          0          0          0          0   _printf_lc.o
        10          0          0          0          0          0   _printf_ll.o
         6          0          0          0          0          0   _printf_lld.o
         6          0          0          0          0          0   _printf_lli.o
         6          0          0          0          0          0   _printf_llo.o
         6          0          0          0          0          0   _printf_llu.o
         6          0          0          0          0          0   _printf_llx.o
       124         16          0          0          0         92   _printf_longlong_dec.o
         6          0          0          0          0          0   _printf_ls.o
         6          0          0          0          0          0   _printf_n.o
         6          0          0          0          0          0   _printf_o.o
       112          8          0          0          0        124   _printf_oct_int_ll.o
         6          0          0          0          0          0   _printf_p.o
        78          0          0          0          0        108   _printf_pad.o
         0          0          0          0          0          0   _printf_percent.o
         4          0          0          0          0          0   _printf_percent_end.o
         6          0          0          0          0          0   _printf_s.o
        82          0          0          0          0         80   _printf_str.o
        36          0          0          0          0         84   _printf_truncate.o
         6          0          0          0          0          0   _printf_u.o
        44          0          0          0          0        108   _printf_wchar.o
       188          6          8          0          0         92   _printf_wctomb.o
         6          0          0          0          0          0   _printf_x.o
        22          0          0          0          0        100   _rserrno.o
        10          0          0          0          0         68   _sputc.o
       228          4        148          0          0         96   bigflt0.o
      1936        128          0          0          0        668   btod.o
        18          0          0          0          0         80   exit.o
         6          0          0          0          0        152   heapauxi.o
         0          0          0          0          0          0   indicate_semi.o
        44         10        272          0          0         76   lc_ctype_c.o
        44         10         28          0          0         76   lc_numeric_c.o
         2          0          0          0          0          0   libinit.o
        34          0          0          0          0          0   libinit2.o
         2          0          0          0          0          0   libshutdown.o
         2          0          0          0          0          0   libshutdown2.o
         8          4          0          0         96         68   libspace.o
       138          0          0          0          0         80   lludiv10.o
       240          0          0          0          0        100   lludivv7m.o
        16          4          0          0          0         76   rt_ctype_table.o
         4          0          0          0          0         68   rt_errno_addr_twolibspace.o
        10          0          0          0          0         76   rt_locale_twolibspace.o
        68          0          0          0          0         68   rt_memclr.o
        78          0          0          0          0         80   rt_memclr_w.o
       138          0          0          0          0         68   rt_memcpy_v6.o
       100          0          0          0          0         80   rt_memcpy_w.o
         2          0          0          0          0          0   rtexit.o
        10          0          0          0          0          0   rtexit2.o
        44          6          0          0          0         84   sprintf.o
       124          0          0          0          0         88   strcmpv7em.o
        62          0          0          0          0         76   strlen.o
        12          4          0          0          0         68   sys_exit.o
        74          0          0          0          0         80   sys_stackheap_outer.o
         2          0          0          0          0         68   use_no_semi.o
        24          0          0          0          0        164   basic.o
        98          4          0          0          0        140   d2f.o
       834         16          0          0          0        516   daddsub_clz.o
        84          0          0          0          0        244   dcmp.o
        24          0          0          0          0        116   dcmpi.o
       692        140          0          0          0        264   ddiv.o
       120          4          0          0          0        140   deqf.o
        94          4          0          0          0        140   dfix.o
        90          4          0          0          0        140   dfixu.o
        84          0          0          0          0        232   dflt_clz.o
       120          4          0          0          0        140   dgeqf.o
       120          4          0          0          0        140   dleqf.o
       340         12          0          0          0        152   dmul.o
       156          4          0          0          0        140   dnaninf.o
        12          0          0          0          0        116   dretinf.o
        86          4          0          0          0        132   f2d.o
       140          4          0          0          0        132   fnaninf.o
        26          0          0          0          0        116   fpinit.o
        10          0          0          0          0        116   fretinf.o
         4          0          0          0          0        116   printf1.o
         4          0          0          0          0        116   printf2.o
         0          0          0          0          0          0   usenofp.o
       200         20          0          0          0        164   cos.o
       368         46         48          0          0        200   cos_i.o
        84         16          0          0          0        372   dunder.o
        24          0          0          0          0        124   fabs.o
        48          0          0          0          0        124   fpclassify.o
       248          0          0          0          0        152   poly.o
      1080        142        204          0          0        188   rred.o
       200         20          0          0          0        164   sin.o
       304         24         40          0          0        208   sin_i.o

    ----------------------------------------------------------------------
     13214        734        852          0         96       9708   Library Totals
        38          0          9          0          0          0   (incl. Padding)

    ----------------------------------------------------------------------

      Code (inc. data)   RO Data    RW Data    ZI Data      Debug   Library Name

      7458        262        551          0         96       4500   c_w.l
      3162        204          0          0          0       3512   fz_wm.l
      2556        268        292          0          0       1696   m_wm.l

    ----------------------------------------------------------------------
     13214        734        852          0         96       9708   Library Totals

    ----------------------------------------------------------------------

==============================================================================


      Code (inc. data)   RO Data    RW Data    ZI Data      Debug   

     49904        934       1672       3556      37044     328936   Grand Totals
     49904        934       1672        224      37044     328936   ELF Image Totals (compressed)
     49904        934       1672        224          0          0   ROM Totals

==============================================================================

    Total RO  Size (Code + RO Data)                51576 (  50.37kB)
    Total RW  Size (RW Data + ZI Data)             40600 (  39.65kB)
    Total ROM Size (Code + RO Data + RW Data)      51800 (  50.59kB)

==============================================================================

