Component: ARM Compiler 6.16 Tool: armlink [5dfeaa00]

==============================================================================

Section Cross References

    main.o(.text.HAL_GetTick) refers to rtx_kernel.o(.text.osKernelGetState) for osKernelGetState
    main.o(.text.HAL_GetTick) refers to rtx_kernel.o(.text.osKernelGetTickCount) for osKernelGetTickCount
    main.o(.text.HAL_GetTick) refers to system_stm32f4xx.o(.data.SystemCoreClock) for SystemCoreClock
    main.o(.text.HAL_GetTick) refers to main.o(.bss.HAL_GetTick.ticks) for HAL_GetTick.ticks
    main.o(.ARM.exidx.text.HAL_GetTick) refers to main.o(.text.HAL_GetTick) for [Anonymous Symbol]
    main.o(.text.main) refers to stm32f4xx_hal.o(.text.HAL_Init) for HAL_Init
    main.o(.text.main) refers to main.o(.text.SystemClock_Config) for SystemClock_Config
    main.o(.text.main) refers to gpio.o(.text.MX_GPIO_Init) for MX_GPIO_Init
    main.o(.text.main) refers to dma.o(.text.MX_DMA_Init) for MX_DMA_Init
    main.o(.text.main) refers to tim.o(.text.MX_TIM1_Init) for MX_TIM1_Init
    main.o(.text.main) refers to tim.o(.text.MX_TIM2_Init) for MX_TIM2_Init
    main.o(.text.main) refers to tim.o(.text.MX_TIM3_Init) for MX_TIM3_Init
    main.o(.text.main) refers to usart.o(.text.MX_USART6_UART_Init) for MX_USART6_UART_Init
    main.o(.text.main) refers to system_stm32f4xx.o(.text.SystemCoreClockUpdate) for SystemCoreClockUpdate
    main.o(.text.main) refers to rtx_kernel.o(.text.osKernelInitialize) for osKernelInitialize
    main.o(.text.main) refers to app_main.o(.text.APP_Main) for APP_Main
    main.o(.text.main) refers to rtx_thread.o(.text.osThreadNew) for osThreadNew
    main.o(.text.main) refers to main.o(.bss.TID_AppMain) for TID_AppMain
    main.o(.text.main) refers to rtx_kernel.o(.text.osKernelStart) for osKernelStart
    main.o(.ARM.exidx.text.main) refers to main.o(.text.main) for [Anonymous Symbol]
    main.o(.text.SystemClock_Config) refers to rt_memclr_w.o(.text) for __aeabi_memclr4
    main.o(.text.SystemClock_Config) refers to stm32f4xx_hal_rcc.o(.text.HAL_RCC_OscConfig) for HAL_RCC_OscConfig
    main.o(.text.SystemClock_Config) refers to main.o(.text.Error_Handler) for Error_Handler
    main.o(.text.SystemClock_Config) refers to stm32f4xx_hal_rcc.o(.text.HAL_RCC_ClockConfig) for HAL_RCC_ClockConfig
    main.o(.ARM.exidx.text.SystemClock_Config) refers to main.o(.text.SystemClock_Config) for [Anonymous Symbol]
    main.o(.ARM.exidx.text.Error_Handler) refers to main.o(.text.Error_Handler) for [Anonymous Symbol]
    stm32f4xx_it.o(.ARM.exidx.text.NMI_Handler) refers to stm32f4xx_it.o(.text.NMI_Handler) for [Anonymous Symbol]
    stm32f4xx_it.o(.ARM.exidx.text.HardFault_Handler) refers to stm32f4xx_it.o(.text.HardFault_Handler) for [Anonymous Symbol]
    stm32f4xx_it.o(.ARM.exidx.text.MemManage_Handler) refers to stm32f4xx_it.o(.text.MemManage_Handler) for [Anonymous Symbol]
    stm32f4xx_it.o(.ARM.exidx.text.BusFault_Handler) refers to stm32f4xx_it.o(.text.BusFault_Handler) for [Anonymous Symbol]
    stm32f4xx_it.o(.ARM.exidx.text.UsageFault_Handler) refers to stm32f4xx_it.o(.text.UsageFault_Handler) for [Anonymous Symbol]
    stm32f4xx_it.o(.ARM.exidx.text.DebugMon_Handler) refers to stm32f4xx_it.o(.text.DebugMon_Handler) for [Anonymous Symbol]
    stm32f4xx_it.o(.text.DMA2_Stream1_IRQHandler) refers to usart.o(.bss.hdma_usart6_rx) for hdma_usart6_rx
    stm32f4xx_it.o(.text.DMA2_Stream1_IRQHandler) refers to stm32f4xx_hal_dma.o(.text.HAL_DMA_IRQHandler) for HAL_DMA_IRQHandler
    stm32f4xx_it.o(.ARM.exidx.text.DMA2_Stream1_IRQHandler) refers to stm32f4xx_it.o(.text.DMA2_Stream1_IRQHandler) for [Anonymous Symbol]
    stm32f4xx_it.o(.text.DMA2_Stream6_IRQHandler) refers to usart.o(.bss.hdma_usart6_tx) for hdma_usart6_tx
    stm32f4xx_it.o(.text.DMA2_Stream6_IRQHandler) refers to stm32f4xx_hal_dma.o(.text.HAL_DMA_IRQHandler) for HAL_DMA_IRQHandler
    stm32f4xx_it.o(.ARM.exidx.text.DMA2_Stream6_IRQHandler) refers to stm32f4xx_it.o(.text.DMA2_Stream6_IRQHandler) for [Anonymous Symbol]
    stm32f4xx_it.o(.text.USART6_IRQHandler) refers to usart.o(.bss.huart6) for huart6
    stm32f4xx_it.o(.text.USART6_IRQHandler) refers to stm32f4xx_hal_uart.o(.text.HAL_UART_IRQHandler) for HAL_UART_IRQHandler
    stm32f4xx_it.o(.ARM.exidx.text.USART6_IRQHandler) refers to stm32f4xx_it.o(.text.USART6_IRQHandler) for [Anonymous Symbol]
    gpio.o(.text.MX_GPIO_Init) refers to stm32f4xx_hal_gpio.o(.text.HAL_GPIO_WritePin) for HAL_GPIO_WritePin
    gpio.o(.text.MX_GPIO_Init) refers to stm32f4xx_hal_gpio.o(.text.HAL_GPIO_Init) for HAL_GPIO_Init
    gpio.o(.ARM.exidx.text.MX_GPIO_Init) refers to gpio.o(.text.MX_GPIO_Init) for [Anonymous Symbol]
    dma.o(.text.MX_DMA_Init) refers to stm32f4xx_hal_cortex.o(.text.HAL_NVIC_SetPriority) for HAL_NVIC_SetPriority
    dma.o(.text.MX_DMA_Init) refers to stm32f4xx_hal_cortex.o(.text.HAL_NVIC_EnableIRQ) for HAL_NVIC_EnableIRQ
    dma.o(.ARM.exidx.text.MX_DMA_Init) refers to dma.o(.text.MX_DMA_Init) for [Anonymous Symbol]
[...]
    EvrRtxMutexAcquire                       0x08000cb9   Thumb Code    10  rtx_evr.o(.text.EvrRtxMutexAcquire)
    EvrRtxMutexAcquirePending                0x08000cc5   Thumb Code    10  rtx_evr.o(.text.EvrRtxMutexAcquirePending)
    EvrRtxMutexAcquireTimeout                0x08000cd1   Thumb Code     8  rtx_evr.o(.text.EvrRtxMutexAcquireTimeout)
    EvrRtxMutexAcquired                      0x08000cd9   Thumb Code    10  rtx_evr.o(.text.EvrRtxMutexAcquired)
    EvrRtxMutexCreated                       0x08000ce5   Thumb Code    10  rtx_evr.o(.text.EvrRtxMutexCreated)
    EvrRtxMutexDelete                        0x08000cf1   Thumb Code     8  rtx_evr.o(.text.EvrRtxMutexDelete)
    EvrRtxMutexDestroyed                     0x08000cf9   Thumb Code     8  rtx_evr.o(.text.EvrRtxMutexDestroyed)
    EvrRtxMutexError                         0x08000d01   Thumb Code    10  rtx_evr.o(.text.EvrRtxMutexError)
    EvrRtxMutexNew                           0x08000d0d   Thumb Code     8  rtx_evr.o(.text.EvrRtxMutexNew)
    EvrRtxMutexNotAcquired                   0x08000d15   Thumb Code     8  rtx_evr.o(.text.EvrRtxMutexNotAcquired)
    EvrRtxMutexRelease                       0x08000d1d   Thumb Code     8  rtx_evr.o(.text.EvrRtxMutexRelease)
    EvrRtxMutexReleased                      0x08000d25   Thumb Code    10  rtx_evr.o(.text.EvrRtxMutexReleased)
    EvrRtxSemaphoreAcquireTimeout            0x08000d31   Thumb Code     8  rtx_evr.o(.text.EvrRtxSemaphoreAcquireTimeout)
    EvrRtxThreadBlocked                      0x08000d39   Thumb Code    10  rtx_evr.o(.text.EvrRtxThreadBlocked)
    EvrRtxThreadCreated                      0x08000d45   Thumb Code    12  rtx_evr.o(.text.EvrRtxThreadCreated)
    EvrRtxThreadDestroyed                    0x08000d51   Thumb Code     8  rtx_evr.o(.text.EvrRtxThreadDestroyed)
    EvrRtxThreadError                        0x08000d59   Thumb Code    10  rtx_evr.o(.text.EvrRtxThreadError)
    EvrRtxThreadExit                         0x08000d65   Thumb Code     2  rtx_evr.o(.text.EvrRtxThreadExit)
    EvrRtxThreadFlagsWaitCompleted           0x08000d69   Thumb Code    14  rtx_evr.o(.text.EvrRtxThreadFlagsWaitCompleted)
    EvrRtxThreadFlagsWaitTimeout             0x08000d79   Thumb Code     8  rtx_evr.o(.text.EvrRtxThreadFlagsWaitTimeout)
    EvrRtxThreadJoined                       0x08000d81   Thumb Code     8  rtx_evr.o(.text.EvrRtxThreadJoined)
    EvrRtxThreadNew                          0x08000d89   Thumb Code    12  rtx_evr.o(.text.EvrRtxThreadNew)
    EvrRtxThreadPreempted                    0x08000d95   Thumb Code     8  rtx_evr.o(.text.EvrRtxThreadPreempted)
    EvrRtxThreadSwitched                     0x08000d9d   Thumb Code     8  rtx_evr.o(.text.EvrRtxThreadSwitched)
    EvrRtxThreadUnblocked                    0x08000da5   Thumb Code    10  rtx_evr.o(.text.EvrRtxThreadUnblocked)
    EvrRtxTimerCallback                      0x08000db1   Thumb Code    10  rtx_evr.o(.text.EvrRtxTimerCallback)
    EvrRtxTimerCreated                       0x08000dbd   Thumb Code    10  rtx_evr.o(.text.EvrRtxTimerCreated)
    EvrRtxTimerError                         0x08000dc9   Thumb Code    10  rtx_evr.o(.text.EvrRtxTimerError)
    EvrRtxTimerNew                           0x08000dd5   Thumb Code    16  rtx_evr.o(.text.EvrRtxTimerNew)
    EvrRtxTimerStart                         0x08000de5   Thumb Code    10  rtx_evr.o(.text.EvrRtxTimerStart)
    EvrRtxTimerStarted                       0x08000df1   Thumb Code     8  rtx_evr.o(.text.EvrRtxTimerStarted)
    GetDiscreteDerivative                    0x08000df9   Thumb Code    82  disc_calc.o(.text.GetDiscreteDerivative)
    HAL_DMA_Abort                            0x08000e4d   Thumb Code   236  stm32f4xx_hal_dma.o(.text.HAL_DMA_Abort)
    HAL_DMA_Abort_IT                         0x08000f39   Thumb Code    68  stm32f4xx_hal_dma.o(.text.HAL_DMA_Abort_IT)
    HAL_DMA_IRQHandler                       0x08000f7d   Thumb Code   798  stm32f4xx_hal_dma.o(.text.HAL_DMA_IRQHandler)
    HAL_DMA_Init                             0x0800129d   Thumb Code   366  stm32f4xx_hal_dma.o(.text.HAL_DMA_Init)
    HAL_GPIO_Init                            0x0800140d   Thumb Code   866  stm32f4xx_hal_gpio.o(.text.HAL_GPIO_Init)
    HAL_GPIO_WritePin                        0x08001771   Thumb Code    46  stm32f4xx_hal_gpio.o(.text.HAL_GPIO_WritePin)
    HAL_GetTick                              0x080017a1   Thumb Code   102  main.o(.text.HAL_GetTick)
    HAL_Init                                 0x08001809   Thumb Code    54  stm32f4xx_hal.o(.text.HAL_Init)
    HAL_InitTick                             0x08001841   Thumb Code   112  stm32f4xx_hal.o(.text.HAL_InitTick)
    HAL_MspInit                              0x080018b1   Thumb Code    74  stm32f4xx_hal_msp.o(.text.HAL_MspInit)
    HAL_NVIC_EnableIRQ                       0x080018fd   Thumb Code    20  stm32f4xx_hal_cortex.o(.text.HAL_NVIC_EnableIRQ)
    HAL_NVIC_SetPriority                     0x08001911   Thumb Code    50  stm32f4xx_hal_cortex.o(.text.HAL_NVIC_SetPriority)
    HAL_NVIC_SetPriorityGrouping             0x08001945   Thumb Code    16  stm32f4xx_hal_cortex.o(.text.HAL_NVIC_SetPriorityGrouping)
    HAL_RCC_ClockConfig                      0x08001955   Thumb Code   610  stm32f4xx_hal_rcc.o(.text.HAL_RCC_ClockConfig)
    HAL_RCC_GetHCLKFreq                      0x08001bb9   Thumb Code    12  stm32f4xx_hal_rcc.o(.text.HAL_RCC_GetHCLKFreq)
    HAL_RCC_GetPCLK1Freq                     0x08001bc5   Thumb Code    34  stm32f4xx_hal_rcc.o(.text.HAL_RCC_GetPCLK1Freq)
    HAL_RCC_GetPCLK2Freq                     0x08001be9   Thumb Code    34  stm32f4xx_hal_rcc.o(.text.HAL_RCC_GetPCLK2Freq)
    HAL_RCC_GetSysClockFreq                  0x08001c0d   Thumb Code   230  stm32f4xx_hal_rcc.o(.text.HAL_RCC_GetSysClockFreq)
    HAL_RCC_OscConfig                        0x08001cf5   Thumb Code  1726  stm32f4xx_hal_rcc.o(.text.HAL_RCC_OscConfig)
    HAL_SYSTICK_Config                       0x080023b5   Thumb Code    16  stm32f4xx_hal_cortex.o(.text.HAL_SYSTICK_Config)
    HAL_TIMEx_MasterConfigSynchronization    0x080023c5   Thumb Code   254  stm32f4xx_hal_tim_ex.o(.text.HAL_TIMEx_MasterConfigSynchronization)
    HAL_TIM_Encoder_Init                     0x080024c5   Thumb Code   304  stm32f4xx_hal_tim.o(.text.HAL_TIM_Encoder_Init)
    HAL_TIM_Encoder_MspInit                  0x080025f5   Thumb Code   260  tim.o(.text.HAL_TIM_Encoder_MspInit)
    HAL_TIM_Encoder_Start                    0x080026f9   Thumb Code   334  stm32f4xx_hal_tim.o(.text.HAL_TIM_Encoder_Start)
    HAL_TIM_MspPostInit                      0x08002849   Thumb Code    98  tim.o(.text.HAL_TIM_MspPostInit)
    HAL_TIM_PWM_ConfigChannel                0x080028ad   Thumb Code   322  stm32f4xx_hal_tim.o(.text.HAL_TIM_PWM_ConfigChannel)
    HAL_TIM_PWM_Init                         0x080029f1   Thumb Code   156  stm32f4xx_hal_tim.o(.text.HAL_TIM_PWM_Init)
    HAL_TIM_PWM_MspInit                      0x08002a8d   Thumb Code    56  tim.o(.text.HAL_TIM_PWM_MspInit)
    HAL_TIM_PWM_Start                        0x08002ac5   Thumb Code   384  stm32f4xx_hal_tim.o(.text.HAL_TIM_PWM_Start)
    HAL_UARTEx_RxEventCallback               0x08002c45   Thumb Code    12  stm32f4xx_hal_uart.o(.text.HAL_UARTEx_RxEventCallback)
    HAL_UART_ErrorCallback                   0x08002c51   Thumb Code     8  stm32f4xx_hal_uart.o(.text.HAL_UART_ErrorCallback)
    HAL_UART_IRQHandler                      0x08002c59   Thumb Code  1054  stm32f4xx_hal_uart.o(.text.HAL_UART_IRQHandler)
    HAL_UART_Init                            0x08003079   Thumb Code   154  stm32f4xx_hal_uart.o(.text.HAL_UART_Init)
    HAL_UART_MspInit                         0x08003115   Thumb Code   332  usart.o(.text.HAL_UART_MspInit)
    HAL_UART_RxCpltCallback                  0x08003261   Thumb Code    68  usart.o(.text.HAL_UART_RxCpltCallback)
    HAL_UART_TxCpltCallback                  0x080032a5   Thumb Code    68  usart.o(.text.HAL_UART_TxCpltCallback)
    HardFault_Handler                        0x080032e9   Thumb Code     4  stm32f4xx_it.o(.text.HardFault_Handler)
    MTR_Init                                 0x08003591   Thumb Code    44  dc_motor.o(.text.MTR_Init)
    MTR_SetDirection                         0x080035bd   Thumb Code    70  dc_motor.o(.text.MTR_SetDirection)
    MTR_SetSpeed                             0x08003605   Thumb Code   228  dc_motor.o(.text.MTR_SetSpeed)
    MX_DMA_Init                              0x080036e9   Thumb Code    80  dma.o(.text.MX_DMA_Init)
    MX_GPIO_Init                             0x08003739   Thumb Code   130  gpio.o(.text.MX_GPIO_Init)
    MX_TIM1_Init                             0x080037bd   Thumb Code   130  tim.o(.text.MX_TIM1_Init)
    MX_TIM2_Init                             0x08003841   Thumb Code   154  tim.o(.text.MX_TIM2_Init)
    MX_TIM3_Init                             0x080038dd   Thumb Code   128  tim.o(.text.MX_TIM3_Init)
    MX_USART6_UART_Init                      0x0800395d   Thumb Code    80  usart.o(.text.MX_USART6_UART_Init)
    MemManage_Handler                        0x080039d1   Thumb Code     4  stm32f4xx_it.o(.text.MemManage_Handler)
    NMI_Handler                              0x08003b19   Thumb Code     4  stm32f4xx_it.o(.text.NMI_Handler)
    OS_Tick_AcknowledgeIRQ                   0x08003b89   Thumb Code    12  os_systick.o(.text.OS_Tick_AcknowledgeIRQ)
    OS_Tick_Enable                           0x08003b95   Thumb Code    60  os_systick.o(.text.OS_Tick_Enable)
    OS_Tick_GetIRQn                          0x08003bd1   Thumb Code     6  os_systick.o(.text.OS_Tick_GetIRQn)
    OS_Tick_Setup                            0x08003bd9   Thumb Code   126  os_systick.o(.text.OS_Tick_Setup)
    PolePlc_EnableController                 0x08003c59   Thumb Code    52  pole_placement.o(.text.PolePlc_EnableController)
    PolePlc_Init                             0x08003c8d   Thumb Code    82  pole_placement.o(.text.PolePlc_Init)
    PolePlc_IsControllerEnabled              0x08003ce1   Thumb Code    16  pole_placement.o(.text.PolePlc_IsControllerEnabled)
    SystemClock_Config                       0x08004145   Thumb Code   186  main.o(.text.SystemClock_Config)
    SystemCoreClockUpdate                    0x08004201   Thumb Code   302  system_stm32f4xx.o(.text.SystemCoreClockUpdate)
    SystemInit                               0x08004331   Thumb Code    18  system_stm32f4xx.o(.text.SystemInit)
    TIM_Base_SetConfig                       0x08004345   Thumb Code   314  stm32f4xx_hal_tim.o(.text.TIM_Base_SetConfig)
    TIM_CCxChannelCmd                        0x08004481   Thumb Code    54  stm32f4xx_hal_tim.o(.text.TIM_CCxChannelCmd)
    TIM_OC2_SetConfig                        0x08004585   Thumb Code   212  stm32f4xx_hal_tim.o(.text.TIM_OC2_SetConfig)
    USART6_IRQHandler                        0x08004d5d   Thumb Code    16  stm32f4xx_it.o(.text.USART6_IRQHandler)
    UsageFault_Handler                       0x08004d6d   Thumb Code     4  stm32f4xx_it.o(.text.UsageFault_Handler)
    _mutex_acquire                           0x08004e41   Thumb Code    32  rtx_lib.o(.text._mutex_acquire)
    _mutex_free                              0x08004e61   Thumb Code    18  rtx_lib.o(.text._mutex_free)
    _mutex_initialize                        0x08004e75   Thumb Code    50  rtx_lib.o(.text._mutex_initialize)
    _mutex_release                           0x08004ea9   Thumb Code    28  rtx_lib.o(.text._mutex_release)
    _platform_post_stackheap_init            0x08004ec5   Thumb Code     8  rtx_lib.o(.text._platform_post_stackheap_init)
    main                                     0x08005481   Thumb Code    84  main.o(.text.main)
    osDelay                                  0x080054d5   Thumb Code    84  rtx_delay.o(.text.osDelay)
    osEventFlagsNew                          0x08005529   Thumb Code    86  rtx_evflags.o(.text.osEventFlagsNew)
    osEventFlagsSet                          0x08005581   Thumb Code    94  rtx_evflags.o(.text.osEventFlagsSet)
    osEventFlagsWait                         0x080055e1   Thumb Code   126  rtx_evflags.o(.text.osEventFlagsWait)
    osKernelGetState                         0x08005661   Thumb Code    66  rtx_kernel.o(.text.osKernelGetState)
    osKernelGetTickCount                     0x080056a5   Thumb Code    58  rtx_kernel.o(.text.osKernelGetTickCount)
    osKernelInitialize                       0x080056e1   Thumb Code    74  rtx_kernel.o(.text.osKernelInitialize)
    osKernelStart                            0x0800572d   Thumb Code    70  rtx_kernel.o(.text.osKernelStart)
    osMessageQueueGet                        0x08005775   Thumb Code   126  rtx_msgqueue.o(.text.osMessageQueueGet)
    osMessageQueuePut                        0x080057f5   Thumb Code   138  rtx_msgqueue.o(.text.osMessageQueuePut)
    osMutexAcquire                           0x08005881   Thumb Code   100  rtx_mutex.o(.text.osMutexAcquire)
    osMutexDelete                            0x080058e5   Thumb Code    86  rtx_mutex.o(.text.osMutexDelete)
    osMutexNew                               0x0800593d   Thumb Code    86  rtx_mutex.o(.text.osMutexNew)
    osMutexRelease                           0x08005995   Thumb Code    86  rtx_mutex.o(.text.osMutexRelease)
    osRtxErrorNotify                         0x080059ed   Thumb Code    48  rtx_config.o(.text.osRtxErrorNotify)
    osRtxIdleThread                          0x08005a91   Thumb Code     8  rtx_config.o(.text.osRtxIdleThread)
    osRtxKernelBeforeInit                    0x08005a99   Thumb Code     2  rtx_kernel.o(.text.osRtxKernelBeforeInit)
    osRtxKernelErrorNotify                   0x08005a9d   Thumb Code    28  rtx_kernel.o(.text.osRtxKernelErrorNotify)
    osRtxMemoryAlloc                         0x08005add   Thumb Code   332  rtx_memory.o(.text.osRtxMemoryAlloc)
    osRtxMemoryFree                          0x08005c29   Thumb Code   194  rtx_memory.o(.text.osRtxMemoryFree)
    osRtxMemoryInit                          0x08005ced   Thumb Code   150  rtx_memory.o(.text.osRtxMemoryInit)
    osRtxMemoryPoolAlloc                     0x08005d85   Thumb Code    74  rtx_mempool.o(.text.osRtxMemoryPoolAlloc)
    osRtxMemoryPoolFree                      0x08005dd1   Thumb Code   100  rtx_mempool.o(.text.osRtxMemoryPoolFree)
    osRtxMemoryPoolInit                      0x08005e35   Thumb Code   152  rtx_mempool.o(.text.osRtxMemoryPoolInit)
    osRtxMessageQueueTimerSetup              0x08006035   Thumb Code    62  rtx_msgqueue.o(.text.osRtxMessageQueueTimerSetup)
    osRtxMutexOwnerRelease                   0x080060e9   Thumb Code   152  rtx_mutex.o(.text.osRtxMutexOwnerRelease)
    osRtxMutexOwnerRestore                   0x08006181   Thumb Code   172  rtx_mutex.o(.text.osRtxMutexOwnerRestore)
    osRtxPendSV_Handler                      0x08006365   Thumb Code   184  rtx_system.o(.text.osRtxPendSV_Handler)
    osRtxPostProcess                         0x0800641d   Thumb Code    66  rtx_system.o(.text.osRtxPostProcess)
    osRtxThreadBeforeFree                    0x0800646d   Thumb Code    16  rtx_lib.o(.text.osRtxThreadBeforeFree)
    osRtxThreadDelayRemove                   0x08006601   Thumb Code   156  rtx_thread.o(.text.osRtxThreadDelayRemove)
    osRtxThreadDelayTick                     0x0800669d   Thumb Code   336  rtx_thread.o(.text.osRtxThreadDelayTick)
    osRtxThreadDestroy                       0x080067ed   Thumb Code    96  rtx_thread.o(.text.osRtxThreadDestroy)
    osRtxThreadDispatch                      0x0800684d   Thumb Code   150  rtx_thread.o(.text.osRtxThreadDispatch)
    osRtxThreadJoinWakeup                    0x080069d1   Thumb Code    60  rtx_thread.o(.text.osRtxThreadJoinWakeup)
    osRtxThreadListGet                       0x08006a0d   Thumb Code    54  rtx_thread.o(.text.osRtxThreadListGet)
    osRtxThreadListPut                       0x08006a45   Thumb Code   118  rtx_thread.o(.text.osRtxThreadListPut)
    osRtxThreadListRemove                    0x08006abd   Thumb Code    50  rtx_thread.o(.text.osRtxThreadListRemove)
    osRtxThreadListSort                      0x08006b15   Thumb Code    88  rtx_thread.o(.text.osRtxThreadListSort)
    osRtxThreadReadyPut                      0x08006bc9   Thumb Code    32  rtx_thread.o(.text.osRtxThreadReadyPut)
    osRtxThreadRegPtr                        0x08006be9   Thumb Code    34  rtx_thread.o(.text.osRtxThreadRegPtr)
    osRtxThreadStackCheck                    0x08006c35   Thumb Code    60  rtx_thread.o(.text.osRtxThreadStackCheck)
    osRtxThreadStartup                       0x08006c71   Thumb Code   150  rtx_thread.o(.text.osRtxThreadStartup)
    osRtxThreadSwitch                        0x08006d09   Thumb Code    46  rtx_thread.o(.text.osRtxThreadSwitch)
    osRtxThreadWaitEnter                     0x08006d39   Thumb Code   118  rtx_thread.o(.text.osRtxThreadWaitEnter)
    osRtxThreadWaitExit                      0x08006db1   Thumb Code    70  rtx_thread.o(.text.osRtxThreadWaitExit)
    osRtxTick_Handler                        0x08006df9   Thumb Code   272  rtx_system.o(.text.osRtxTick_Handler)
    osRtxTimerSetup                          0x08006f15   Thumb Code    48  rtx_timer.o(.text.osRtxTimerSetup)
    osRtxTimerThread                         0x08006f45   Thumb Code    50  rtx_timer.o(.text.osRtxTimerThread)
    osThreadExit                             0x08007065   Thumb Code    36  rtx_thread.o(.text.osThreadExit)
    osThreadNew                              0x08007089   Thumb Code   114  rtx_thread.o(.text.osThreadNew)
    osTimerNew                               0x080070fd   Thumb Code   138  rtx_timer.o(.text.osTimerNew)
    osTimerStart                             0x08007189   Thumb Code   100  rtx_timer.o(.text.osTimerStart)
    __aeabi_d2f                              0x08008ac5   Thumb Code     0  d2f.o(x$fpl$d2f)
    _d2f                                     0x08008ac5   Thumb Code    98  d2f.o(x$fpl$d2f)
    __aeabi_dadd                             0x08008b29   Thumb Code     0  daddsub_clz.o(x$fpl$dadd)
    _dadd                                    0x08008b29   Thumb Code   332  daddsub_clz.o(x$fpl$dadd)
    __fpl_dcmp_Inf                           0x08008c79   Thumb Code    24  dcmpi.o(x$fpl$dcmpinf)
    __aeabi_ddiv                             0x08008c91   Thumb Code     0  ddiv.o(x$fpl$ddiv)
    _ddiv                                    0x08008c91   Thumb Code   556  ddiv.o(x$fpl$ddiv)
    __aeabi_cdcmpeq                          0x08008f45   Thumb Code     0  deqf.o(x$fpl$deqf)
    _dcmpeq                                  0x08008f45   Thumb Code   120  deqf.o(x$fpl$deqf)
    __aeabi_d2uiz                            0x08008fbd   Thumb Code     0  dfixu.o(x$fpl$dfixu)
    _dfixu                                   0x08008fbd   Thumb Code    90  dfixu.o(x$fpl$dfixu)
    __aeabi_cdcmpge                          0x08009019   Thumb Code     0  dgeqf.o(x$fpl$dgeqf)
    _dcmpge                                  0x08009019   Thumb Code   120  dgeqf.o(x$fpl$dgeqf)
    __aeabi_cdcmple                          0x08009091   Thumb Code     0  dleqf.o(x$fpl$dleqf)
    _dcmple                                  0x08009091   Thumb Code   120  dleqf.o(x$fpl$dleqf)
    __fpl_dcmple_InfNaN                      0x080090f3   Thumb Code     0  dleqf.o(x$fpl$dleqf)
    __aeabi_dmul                             0x08009109   Thumb Code     0  dmul.o(x$fpl$dmul)
    _dmul                                    0x08009109   Thumb Code   332  dmul.o(x$fpl$dmul)
    __fpl_dnaninf                            0x0800925d   Thumb Code   156  dnaninf.o(x$fpl$dnaninf)
    __fpl_dretinf                            0x080092f9   Thumb Code    12  dretinf.o(x$fpl$dretinf)
    __aeabi_dsub                             0x08009305   Thumb Code     0  daddsub_clz.o(x$fpl$dsub)
    _dsub                                    0x08009305   Thumb Code   472  daddsub_clz.o(x$fpl$dsub)
    __aeabi_f2d                              0x080094e1   Thumb Code     0  f2d.o(x$fpl$f2d)
    _f2d                                     0x080094e1   Thumb Code    86  f2d.o(x$fpl$f2d)
    __aeabi_dcmpeq                           0x08009537   Thumb Code     0  dcmp.o(x$fpl$fcmp)
    _deq                                     0x08009537   Thumb Code    14  dcmp.o(x$fpl$fcmp)
    _dneq                                    0x08009545   Thumb Code    14  dcmp.o(x$fpl$fcmp)
    __aeabi_dcmpgt                           0x08009553   Thumb Code     0  dcmp.o(x$fpl$fcmp)
    _dgr                                     0x08009553   Thumb Code    14  dcmp.o(x$fpl$fcmp)
    __aeabi_dcmpge                           0x08009561   Thumb Code     0  dcmp.o(x$fpl$fcmp)
    _dgeq                                    0x08009561   Thumb Code    14  dcmp.o(x$fpl$fcmp)
    __aeabi_dcmple                           0x0800956f   Thumb Code     0  dcmp.o(x$fpl$fcmp)
    _dleq                                    0x0800956f   Thumb Code    14  dcmp.o(x$fpl$fcmp)
    __aeabi_dcmplt                           0x0800957d   Thumb Code     0  dcmp.o(x$fpl$fcmp)
    _dls                                     0x0800957d   Thumb Code    14  dcmp.o(x$fpl$fcmp)
    __fpl_fnaninf                            0x0800958b   Thumb Code   140  fnaninf.o(x$fpl$fnaninf)
    $Super$$_fp_init                         0x08009617   Thumb Code    26  fpinit.o(x$fpl$fpinit)
    __fplib_config_fpu_vfp                   0x0800962f   Thumb Code     0  fpinit.o(x$fpl$fpinit)
    __fplib_config_pureend_doubles           0x0800962f   Thumb Code     0  fpinit.o(x$fpl$fpinit)
    __fpl_fretinf                            0x08009631   Thumb Code    10  fretinf.o(x$fpl$fretinf)
    __I$use$fp                               0x0800963a   Number         0  usenofp.o(x$fpl$usenofp)
    osRtxConfig                              0x0800963c   Data         112  rtx_lib.o(.rodata)
    os_cb_sections                           0x080096ac   Data          56  rtx_lib.o(.rodata)
    AHBPrescTable                            0x080096e4   Data          16  system_stm32f4xx.o(.rodata.AHBPrescTable)
    APBPrescTable                            0x080096f4   Data           8  system_stm32f4xx.o(.rodata.APBPrescTable)
    osRtxUserSVC                             0x08009704   Data           4  rtx_lib.o(.rodata.osRtxUserSVC)
    periodicTimerAttr                        0x08009768   Data          16  encoder.o(.rodata.periodicTimerAttr)
    Region$$Table$$Base                      0x080097b0   Number         0  anon$$obj.o(Region$$Table)
    Region$$Table$$Limit                     0x080097d0   Number         0  anon$$obj.o(Region$$Table)
    DC_Motor                                 0x20000000   Data          20  app_main.o(.data.DC_Motor)
    MotorEncoder                             0x20000018   Data         104  app_main.o(.data.MotorEncoder)
    PendulumEncoder                          0x20000080   Data         104  app_main.o(.data.PendulumEncoder)
    PolePlacement                            0x200000e8   Data        3096  app_main.o(.data.PolePlacement)
    SystemCoreClock                          0x20000d00   Data           4  system_stm32f4xx.o(.data.SystemCoreClock)
    k1                                       0x20000d04   Data           4  pole_placement.o(.data.k1)
    k2                                       0x20000d08   Data           4  pole_placement.o(.data.k2)
    k3                                       0x20000d0c   Data           4  pole_placement.o(.data.k3)
    k4                                       0x20000d10   Data           4  pole_placement.o(.data.k4)
    osRtxInfo                                0x20000d14   Data         164  rtx_kernel.o(.data.os)
    polePlacementThreadAttr                  0x20000db8   Data          36  pole_placement.o(.data.polePlacementThreadAttr)
    uwTickFreq                               0x20000ddc   Data           1  stm32f4xx_hal.o(.data.uwTickFreq)
    uwTickPrio                               0x20000de0   Data           4  stm32f4xx_hal.o(.data.uwTickPrio)
    __libspace_start                         0x20000de8   Data          96  libspace.o(.bss)
    EVT_UART6                                0x20000e48   Data           4  usart.o(.bss.EVT_UART6)
    __temporary_stack_top$libspace           0x20000e48   Data           0  libspace.o(.bss)
    TID_AppMain                              0x20000e50   Data           4  main.o(.bss.TID_AppMain)
    hdma_usart6_rx                           0x20000e54   Data          96  usart.o(.bss.hdma_usart6_rx)
    hdma_usart6_tx                           0x20000eb4   Data          96  usart.o(.bss.hdma_usart6_tx)
    htim1                                    0x20000f14   Data          72  tim.o(.bss.htim1)
    htim2                                    0x20000f5c   Data          72  tim.o(.bss.htim2)
    htim3                                    0x20000fa4   Data          72  tim.o(.bss.htim3)
    huart6                                   0x20000fec   Data          68  usart.o(.bss.huart6)
    .bss.os.msgqueue.cb$$Base                0x20009264   Number         0  rtx_lib.o(.bss.os.msgqueue.cb)
    .bss.os.msgqueue.cb$$Limit               0x20009298   Number         0  rtx_lib.o(.bss.os.msgqueue.cb)
    .bss.os.thread.cb$$Base                  0x200092e8   Number         0  rtx_lib.o(.bss.os.thread.cb)
    .bss.os.thread.cb$$Limit                 0x20009388   Number         0  rtx_lib.o(.bss.os.thread.cb)
    u                                        0x20009790   Data           8  pole_placement.o(.bss.u)
    x1                                       0x20009798   Data           4  pole_placement.o(.bss.x1)
    x2                                       0x2000979c   Data           4  pole_placement.o(.bss.x2)
    x3                                       0x200097a0   Data           4  pole_placement.o(.bss.x3)
    x4                                       0x200097a4   Data           4  pole_placement.o(.bss.x4)



==============================================================================

Memory Map of the image

  Image Entry point : 0x08000195

  Load Region LR_IROM1 (Base: 0x08000000, Size: 0x0000a5b8, Max: 0x00040000, ABSOLUTE, COMPRESSED[0x000098b0])

    Execution Region ER_IROM1 (Exec base: 0x08000000, Load base: 0x08000000, Size: 0x000097d0, Max: 0x00040000, ABSOLUTE)

    Exec Addr    Load Addr    Size         Type   Attr      Idx    E Section Name        Object

    0x08000000   0x08000000   0x00000194   Data   RO         2289    RESET               startup_stm32f401xc.o
    0x08000194   0x08000194   0x00000008   Code   RO         2322  * !!!main             c_w.l(__main.o)
    0x0800019c   0x0800019c   0x00000034   Code   RO         2536    !!!scatter          c_w.l(__scatter.o)
    0x080001d0   0x080001d0   0x0000003a   Code   RO         2534    !!dczerorl          c_w.l(__dczerorl.o)
    0x0800020a   0x0800020a   0x00000002   PAD
    0x0800020c   0x0800020c   0x0000001c   Code   RO         2538    !!handler_zi        c_w.l(__scatter_zi.o)
    0x08000228   0x08000228   0x00000002   Code   RO         2400    .ARM.Collect$$libinit$$00000000  c_w.l(libinit.o)
    0x0800022a   0x0800022a   0x00000004   Code   RO         2412    .ARM.Collect$$libinit$$00000001  c_w.l(libinit2.o)
    0x0800022e   0x0800022e   0x00000000   Code   RO         2415    .ARM.Collect$$libinit$$00000004  c_w.l(libinit2.o)
    0x0800022e   0x0800022e   0x00000000   Code   RO         2418    .ARM.Collect$$libinit$$0000000A  c_w.l(libinit2.o)
    0x0800022e   0x0800022e   0x00000000   Code   RO         2420    .ARM.Collect$$libinit$$0000000C  c_w.l(libinit2.o)
    0x0800022e   0x0800022e   0x00000000   Code   RO         2422    .ARM.Collect$$libinit$$0000000E  c_w.l(libinit2.o)
    0x0800022e   0x0800022e   0x00000000   Code   RO         2425    .ARM.Collect$$libinit$$00000011  c_w.l(libinit2.o)
    0x0800022e   0x0800022e   0x00000000   Code   RO         2427    .ARM.Collect$$libinit$$00000013  c_w.l(libinit2.o)
    0x0800022e   0x0800022e   0x00000000   Code   RO         2429    .ARM.Collect$$libinit$$00000015  c_w.l(libinit2.o)
    0x0800022e   0x0800022e   0x00000000   Code   RO         2431    .ARM.Collect$$libinit$$00000017  c_w.l(libinit2.o)
    0x0800022e   0x0800022e   0x00000000   Code   RO         2433    .ARM.Collect$$libinit$$00000019  c_w.l(libinit2.o)
    0x0800022e   0x0800022e   0x00000000   Code   RO         2435    .ARM.Collect$$libinit$$0000001B  c_w.l(libinit2.o)
    0x0800022e   0x0800022e   0x00000000   Code   RO         2437    .ARM.Collect$$libinit$$0000001D  c_w.l(libinit2.o)
    0x0800022e   0x0800022e   0x00000000   Code   RO         2439    .ARM.Collect$$libinit$$0000001F  c_w.l(libinit2.o)
    0x0800022e   0x0800022e   0x00000000   Code   RO         2441    .ARM.Collect$$libinit$$00000021  c_w.l(libinit2.o)
    0x0800022e   0x0800022e   0x00000000   Code   RO         2443    .ARM.Collect$$libinit$$00000023  c_w.l(libinit2.o)
    0x0800022e   0x0800022e   0x00000000   Code   RO         2445    .ARM.Collect$$libinit$$00000025  c_w.l(libinit2.o)
    0x0800022e   0x0800022e   0x00000000   Code   RO         2449    .ARM.Collect$$libinit$$0000002C  c_w.l(libinit2.o)
    0x0800022e   0x0800022e   0x00000000   Code   RO         2451    .ARM.Collect$$libinit$$0000002E  c_w.l(libinit2.o)
    0x0800022e   0x0800022e   0x00000000   Code   RO         2453    .ARM.Collect$$libinit$$00000030  c_w.l(libinit2.o)
    0x0800022e   0x0800022e   0x00000000   Code   RO         2455    .ARM.Collect$$libinit$$00000032  c_w.l(libinit2.o)
    0x0800022e   0x0800022e   0x00000002   Code   RO         2456    .ARM.Collect$$libinit$$00000033  c_w.l(libinit2.o)
    0x08000230   0x08000230   0x00000002   Code   RO         2489    .ARM.Collect$$libshutdown$$00000000  c_w.l(libshutdown.o)
    0x08000232   0x08000232   0x00000000   Code   RO         2517    .ARM.Collect$$libshutdown$$00000002  c_w.l(libshutdown2.o)
    0x08000232   0x08000232   0x00000000   Code   RO         2519    .ARM.Collect$$libshutdown$$00000004  c_w.l(libshutdown2.o)
    0x08000232   0x08000232   0x00000000   Code   RO         2522    .ARM.Collect$$libshutdown$$00000007  c_w.l(libshutdown2.o)
    0x08000232   0x08000232   0x00000000   Code   RO         2525    .ARM.Collect$$libshutdown$$0000000A  c_w.l(libshutdown2.o)
    0x08000232   0x08000232   0x00000000   Code   RO         2527    .ARM.Collect$$libshutdown$$0000000C  c_w.l(libshutdown2.o)
    0x08000232   0x08000232   0x00000000   Code   RO         2530    .ARM.Collect$$libshutdown$$0000000F  c_w.l(libshutdown2.o)
    0x08000232   0x08000232   0x00000002   Code   RO         2531    .ARM.Collect$$libshutdown$$00000010  c_w.l(libshutdown2.o)
    0x08000234   0x08000234   0x00000000   Code   RO         2348    .ARM.Collect$$rtentry$$00000000  c_w.l(__rtentry.o)
    0x08000234   0x08000234   0x00000000   Code   RO         2371    .ARM.Collect$$rtentry$$00000002  c_w.l(__rtentry2.o)
    0x08000234   0x08000234   0x00000006   Code   RO         2383    .ARM.Collect$$rtentry$$00000004  c_w.l(__rtentry4.o)
    0x0800023a   0x0800023a   0x00000008   Code   RO         2372    .ARM.Collect$$rtentry$$00000008  c_w.l(__rtentry2.o)
    0x08000242   0x08000242   0x00000004   Code   RO         2374    .ARM.Collect$$rtentry$$0000000A  c_w.l(__rtentry2.o)
    0x08000246   0x08000246   0x00000000   Code   RO         2376    .ARM.Collect$$rtentry$$0000000C  c_w.l(__rtentry2.o)
    0x08000246   0x08000246   0x00000008   Code   RO         2377    .ARM.Collect$$rtentry$$0000000D  c_w.l(__rtentry2.o)
    0x0800024e   0x0800024e   0x00000002   Code   RO         2404    .ARM.Collect$$rtexit$$00000000  c_w.l(rtexit.o)
    0x08000250   0x08000250   0x00000000   Code   RO         2462    .ARM.Collect$$rtexit$$00000002  c_w.l(rtexit2.o)
    0x08000250   0x08000250   0x00000004   Code   RO         2463    .ARM.Collect$$rtexit$$00000003  c_w.l(rtexit2.o)
    0x08000254   0x08000254   0x00000006   Code   RO         2464    .ARM.Collect$$rtexit$$00000004  c_w.l(rtexit2.o)
    0x0800025a   0x0800025a   0x00000002   PAD
    0x0800025c   0x0800025c   0x00000100   Code   RO          212    .text               irq_armv7m.o
    0x0800035c   0x0800035c   0x00000040   Code   RO         2290    .text               startup_stm32f401xc.o
    0x0800039c   0x0800039c   0x000000f0   Code   RO         2312    .text               c_w.l(lludivv7m.o)
    0x0800048c   0x0800048c   0x0000008a   Code   RO         2314    .text               c_w.l(rt_memcpy_v6.o)
    0x08000516   0x08000516   0x00000044   Code   RO         2316    .text               c_w.l(rt_memclr.o)
    0x0800055a   0x0800055a   0x0000004e   Code   RO         2318    .text               c_w.l(rt_memclr_w.o)
    0x080005a8   0x080005a8   0x00000006   Code   RO         2320    .text               c_w.l(heapauxi.o)
    0x080005ae   0x080005ae   0x00000064   Code   RO         2353    .text               c_w.l(rt_memcpy_w.o)
    0x08000612   0x08000612   0x0000004a   Code   RO         2389    .text               c_w.l(sys_stackheap_outer.o)
    0x0800065c   0x0800065c   0x00000012   Code   RO         2391    .text               c_w.l(exit.o)
    0x0800066e   0x0800066e   0x00000002   PAD
    0x08000670   0x08000670   0x00000008   Code   RO         2401    .text               c_w.l(libspace.o)
    0x08000678   0x08000678   0x0000000c   Code   RO         2457    .text               c_w.l(sys_exit.o)
    0x08000684   0x08000684   0x00000002   Code   RO         2478    .text               c_w.l(use_no_semi.o)
    0x08000686   0x08000686   0x00000000   Code   RO         2480    .text               c_w.l(indicate_semi.o)
    0x08000686   0x08000686   0x00000002   PAD
    0x08000688   0x08000688   0x00000016   Code   RO          794    .text.$Sub$$_fp_init  rtx_lib.o
    0x0800069e   0x0800069e   0x00000002   PAD
    0x080006a0   0x080006a0   0x00000042   Code   RO          118    .text.APP_Main      app_main.o
    0x080006e2   0x080006e2   0x00000006   PAD
    0x080006e8   0x080006e8   0x00000090   Code   RO          147    .text.ApplyLowpassFilter  disc_calc.o
    0x08000778   0x08000778   0x00000004   Code   RO           26    .text.BusFault_Handler  stm32f4xx_it.o
    0x0800077c   0x0800077c   0x00000010   Code   RO           32    .text.DMA2_Stream1_IRQHandler  stm32f4xx_it.o
    0x0800078c   0x0800078c   0x00000010   Code   RO           34    .text.DMA2_Stream6_IRQHandler  stm32f4xx_it.o
    0x0800079c   0x0800079c   0x00000056   Code   RO         1619    .text.DMA_CalcBaseAndBitshift  stm32f4xx_hal_dma.o
    0x080007f2   0x080007f2   0x00000002   PAD
    0x080007f4   0x080007f4   0x000000f0   Code   RO         1617    .text.DMA_CheckFifoParam  stm32f4xx_hal_dma.o
    0x080008e4   0x080008e4   0x00000002   Code   RO           30    .text.DebugMon_Handler  stm32f4xx_it.o
    0x080008e6   0x080008e6   0x00000002   PAD
    0x080008e8   0x080008e8   0x000000f0   Code   RO          202    .text.ENC_GetAngularData  encoder.o
    0x080009d8   0x080009d8   0x00000068   Code   RO          198    .text.ENC_Init      encoder.o
    0x08000a40   0x08000a40   0x00000014   Code   RO          200    .text.ENC_PeriodicTimerFunc  encoder.o
    0x08000a54   0x08000a54   0x00000006   Code   RO            8    .text.Error_Handler  main.o
    0x08000a5a   0x08000a5a   0x00000002   PAD
    0x08000a5c   0x08000a5c   0x0000007c   Code   RO          273    .text.EventFlagsCheck  rtx_evflags.o
    0x08000ad8   0x08000ad8   0x0000001a   Code   RO          281    .text.EventFlagsSet  rtx_evflags.o
    0x08000af2   0x08000af2   0x00000002   PAD
    0x08000af4   0x08000af4   0x00000008   Code   RO          476    .text.EvrRtxDelay   rtx_evr.o
    0x08000afc   0x08000afc   0x00000008   Code   RO          484    .text.EvrRtxDelayCompleted  rtx_evr.o
    0x08000b04   0x08000b04   0x00000008   Code   RO          474    .text.EvrRtxDelayError  rtx_evr.o
    0x08000b0c   0x08000b0c   0x00000008   Code   RO          480    .text.EvrRtxDelayStarted  rtx_evr.o
    0x08000b14   0x08000b14   0x0000000a   Code   RO          514    .text.EvrRtxEventFlagsCreated  rtx_evr.o
    0x08000b1e   0x08000b1e   0x00000002   PAD
    0x08000b20   0x08000b20   0x0000000a   Code   RO          510    .text.EvrRtxEventFlagsError  rtx_evr.o
    0x08000b2a   0x08000b2a   0x00000002   PAD
    0x08000b2c   0x08000b2c   0x00000008   Code   RO          512    .text.EvrRtxEventFlagsNew  rtx_evr.o
    0x08000b34   0x08000b34   0x0000000a   Code   RO          518    .text.EvrRtxEventFlagsSet  rtx_evr.o
    0x08000b3e   0x08000b3e   0x00000002   PAD
    0x08000b40   0x08000b40   0x0000000a   Code   RO          520    .text.EvrRtxEventFlagsSetDone  rtx_evr.o
    0x08000b4a   0x08000b4a   0x00000002   PAD
    0x08000b4c   0x08000b4c   0x0000000e   Code   RO          528    .text.EvrRtxEventFlagsWait  rtx_evr.o
    0x08000b5a   0x08000b5a   0x00000002   PAD
    0x08000b5c   0x08000b5c   0x0000000e   Code   RO          534    .text.EvrRtxEventFlagsWaitCompleted  rtx_evr.o
    0x08000b6a   0x08000b6a   0x00000002   PAD
    0x08000b6c   0x08000b6c   0x0000000c   Code   RO          536    .text.EvrRtxEventFlagsWaitNotCompleted  rtx_evr.o
    0x08000b78   0x08000b78   0x0000000e   Code   RO          530    .text.EvrRtxEventFlagsWaitPending  rtx_evr.o
    0x08000b86   0x08000b86   0x00000002   PAD
    0x08000b88   0x08000b88   0x00000008   Code   RO          532    .text.EvrRtxEventFlagsWaitTimeout  rtx_evr.o
    0x08000b90   0x08000b90   0x00000008   Code   RO          320    .text.EvrRtxKernelError  rtx_evr.o
    0x08000b98   0x08000b98   0x0000000a   Code   RO          368    .text.EvrRtxKernelErrorNotify  rtx_evr.o
    0x08000ba2   0x08000ba2   0x00000002   PAD
    0x08000ba4   0x08000ba4   0x00000008   Code   RO          330    .text.EvrRtxKernelGetState  rtx_evr.o
    0x08000bac   0x08000bac   0x00000008   Code   RO          360    .text.EvrRtxKernelGetTickCount  rtx_evr.o
    0x08000bb4   0x08000bb4   0x00000002   Code   RO          322    .text.EvrRtxKernelInitialize  rtx_evr.o
    0x08000bb6   0x08000bb6   0x00000002   PAD
    0x08000bb8   0x08000bb8   0x00000002   Code   RO          324    .text.EvrRtxKernelInitialized  rtx_evr.o
    0x08000bba   0x08000bba   0x00000002   PAD
    0x08000bbc   0x08000bbc   0x00000002   Code   RO          332    .text.EvrRtxKernelStart  rtx_evr.o
    0x08000bbe   0x08000bbe   0x00000002   PAD
    0x08000bc0   0x08000bc0   0x00000002   Code   RO          334    .text.EvrRtxKernelStarted  rtx_evr.o
    0x08000bc2   0x08000bc2   0x00000002   PAD
    0x08000bc4   0x08000bc4   0x0000000e   Code   RO          310    .text.EvrRtxMemoryAlloc  rtx_evr.o
    0x08000bd2   0x08000bd2   0x00000002   PAD
    0x08000bd4   0x08000bd4   0x0000000a   Code   RO          316    .text.EvrRtxMemoryBlockAlloc  rtx_evr.o
    0x08000bde   0x08000bde   0x00000002   PAD
    0x08000be0   0x08000be0   0x0000000c   Code   RO          318    .text.EvrRtxMemoryBlockFree  rtx_evr.o
    0x08000bec   0x08000bec   0x0000000e   Code   RO          314    .text.EvrRtxMemoryBlockInit  rtx_evr.o
    0x08000bfa   0x08000bfa   0x00000002   PAD
    0x08000bfc   0x08000bfc   0x0000000c   Code   RO          312    .text.EvrRtxMemoryFree  rtx_evr.o
    0x08000c08   0x08000c08   0x0000000c   Code   RO          308    .text.EvrRtxMemoryInit  rtx_evr.o
    0x08000c14   0x08000c14   0x00000008   Code   RO          610    .text.EvrRtxMemoryPoolAllocTimeout  rtx_evr.o
    0x08000c1c   0x08000c1c   0x0000000a   Code   RO          638    .text.EvrRtxMessageQueueCreated  rtx_evr.o
    0x08000c26   0x08000c26   0x00000002   PAD
    0x08000c28   0x08000c28   0x0000000a   Code   RO          634    .text.EvrRtxMessageQueueError  rtx_evr.o
    0x08000c32   0x08000c32   0x00000002   PAD
    0x08000c34   0x08000c34   0x0000000e   Code   RO          654    .text.EvrRtxMessageQueueGet  rtx_evr.o
    0x08000c42   0x08000c42   0x00000002   PAD
    0x08000c44   0x08000c44   0x0000000c   Code   RO          656    .text.EvrRtxMessageQueueGetPending  rtx_evr.o
    0x08000c50   0x08000c50   0x00000008   Code   RO          658    .text.EvrRtxMessageQueueGetTimeout  rtx_evr.o
    0x08000c58   0x08000c58   0x0000000a   Code   RO          648    .text.EvrRtxMessageQueueInsertPending  rtx_evr.o
    0x08000c62   0x08000c62   0x00000002   PAD
    0x08000c64   0x08000c64   0x0000000a   Code   RO          650    .text.EvrRtxMessageQueueInserted  rtx_evr.o
    0x08000c6e   0x08000c6e   0x00000002   PAD
    0x08000c70   0x08000c70   0x0000000a   Code   RO          652    .text.EvrRtxMessageQueueNotInserted  rtx_evr.o
    0x08000c7a   0x08000c7a   0x00000002   PAD
    0x08000c7c   0x08000c7c   0x0000000a   Code   RO          662    .text.EvrRtxMessageQueueNotRetrieved  rtx_evr.o
    0x08000c86   0x08000c86   0x00000002   PAD
    0x08000c88   0x08000c88   0x00000010   Code   RO          642    .text.EvrRtxMessageQueuePut  rtx_evr.o
    0x08000c98   0x08000c98   0x0000000c   Code   RO          644    .text.EvrRtxMessageQueuePutPending  rtx_evr.o
    0x08000ca4   0x08000ca4   0x00000008   Code   RO          646    .text.EvrRtxMessageQueuePutTimeout  rtx_evr.o
    0x08000cac   0x08000cac   0x0000000a   Code   RO          660    .text.EvrRtxMessageQueueRetrieved  rtx_evr.o
    0x08000cb6   0x08000cb6   0x00000002   PAD
    0x08000cb8   0x08000cb8   0x0000000a   Code   RO          550    .text.EvrRtxMutexAcquire  rtx_evr.o
    0x08000cc2   0x08000cc2   0x00000002   PAD
    0x08000cc4   0x08000cc4   0x0000000a   Code   RO          552    .text.EvrRtxMutexAcquirePending  rtx_evr.o
    0x08000cce   0x08000cce   0x00000002   PAD
    0x08000cd0   0x08000cd0   0x00000008   Code   RO          554    .text.EvrRtxMutexAcquireTimeout  rtx_evr.o
    0x08000cd8   0x08000cd8   0x0000000a   Code   RO          556    .text.EvrRtxMutexAcquired  rtx_evr.o
    0x08000ce2   0x08000ce2   0x00000002   PAD
    0x08000ce4   0x08000ce4   0x0000000a   Code   RO          546    .text.EvrRtxMutexCreated  rtx_evr.o
    0x08000cee   0x08000cee   0x00000002   PAD
    0x08000cf0   0x08000cf0   0x00000008   Code   RO          566    .text.EvrRtxMutexDelete  rtx_evr.o
    0x08000cf8   0x08000cf8   0x00000008   Code   RO          568    .text.EvrRtxMutexDestroyed  rtx_evr.o
    0x08000d00   0x08000d00   0x0000000a   Code   RO          542    .text.EvrRtxMutexError  rtx_evr.o
    0x08000d0a   0x08000d0a   0x00000002   PAD
    0x08000d0c   0x08000d0c   0x00000008   Code   RO          544    .text.EvrRtxMutexNew  rtx_evr.o
    0x08000d14   0x08000d14   0x00000008   Code   RO          558    .text.EvrRtxMutexNotAcquired  rtx_evr.o
    0x08000d1c   0x08000d1c   0x00000008   Code   RO          560    .text.EvrRtxMutexRelease  rtx_evr.o
    0x08000d24   0x08000d24   0x0000000a   Code   RO          562    .text.EvrRtxMutexReleased  rtx_evr.o
    0x08000d2e   0x08000d2e   0x00000002   PAD
    0x08000d30   0x08000d30   0x00000008   Code   RO          582    .text.EvrRtxSemaphoreAcquireTimeout  rtx_evr.o
    0x08000d38   0x08000d38   0x0000000a   Code   RO          418    .text.EvrRtxThreadBlocked  rtx_evr.o
    0x08000d42   0x08000d42   0x00000002   PAD
    0x08000d44   0x08000d44   0x0000000c   Code   RO          376    .text.EvrRtxThreadCreated  rtx_evr.o
    0x08000d50   0x08000d50   0x00000008   Code   RO          430    .text.EvrRtxThreadDestroyed  rtx_evr.o
    0x08000d58   0x08000d58   0x0000000a   Code   RO          372    .text.EvrRtxThreadError  rtx_evr.o
    0x08000d62   0x08000d62   0x00000002   PAD
    0x08000d64   0x08000d64   0x00000002   Code   RO          426    .text.EvrRtxThreadExit  rtx_evr.o
    0x08000d66   0x08000d66   0x00000002   PAD
    0x08000d68   0x08000d68   0x0000000e   Code   RO          470    .text.EvrRtxThreadFlagsWaitCompleted  rtx_evr.o
    0x08000d76   0x08000d76   0x00000002   PAD
    0x08000d78   0x08000d78   0x00000008   Code   RO          468    .text.EvrRtxThreadFlagsWaitTimeout  rtx_evr.o
    0x08000d80   0x08000d80   0x00000008   Code   RO          416    .text.EvrRtxThreadJoined  rtx_evr.o
    0x08000d88   0x08000d88   0x0000000c   Code   RO          374    .text.EvrRtxThreadNew  rtx_evr.o
    0x08000d94   0x08000d94   0x00000008   Code   RO          422    .text.EvrRtxThreadPreempted  rtx_evr.o
    0x08000d9c   0x08000d9c   0x00000008   Code   RO          424    .text.EvrRtxThreadSwitched  rtx_evr.o
    0x08000da4   0x08000da4   0x0000000a   Code   RO          420    .text.EvrRtxThreadUnblocked  rtx_evr.o
    0x08000dae   0x08000dae   0x00000002   PAD
    0x08000db0   0x08000db0   0x0000000a   Code   RO          488    .text.EvrRtxTimerCallback  rtx_evr.o
    0x08000dba   0x08000dba   0x00000002   PAD
    0x08000dbc   0x08000dbc   0x0000000a   Code   RO          492    .text.EvrRtxTimerCreated  rtx_evr.o
    0x08000dc6   0x08000dc6   0x00000002   PAD
    0x08000dc8   0x08000dc8   0x0000000a   Code   RO          486    .text.EvrRtxTimerError  rtx_evr.o
    0x08000dd2   0x08000dd2   0x00000002   PAD
    0x08000dd4   0x08000dd4   0x00000010   Code   RO          490    .text.EvrRtxTimerNew  rtx_evr.o
    0x08000de4   0x08000de4   0x0000000a   Code   RO          496    .text.EvrRtxTimerStart  rtx_evr.o
    0x08000dee   0x08000dee   0x00000002   PAD
    0x08000df0   0x08000df0   0x00000008   Code   RO          498    .text.EvrRtxTimerStarted  rtx_evr.o
    0x08000df8   0x08000df8   0x00000052   Code   RO          143    .text.GetDiscreteDerivative  disc_calc.o
    0x08000e4a   0x08000e4a   0x00000002   PAD
    0x08000e4c   0x08000e4c   0x000000ec   Code   RO         1629    .text.HAL_DMA_Abort  stm32f4xx_hal_dma.o
    0x08000f38   0x08000f38   0x00000044   Code   RO         1631    .text.HAL_DMA_Abort_IT  stm32f4xx_hal_dma.o
    0x08000f7c   0x08000f7c   0x0000031e   Code   RO         1635    .text.HAL_DMA_IRQHandler  stm32f4xx_hal_dma.o
    0x0800129a   0x0800129a   0x00000002   PAD
    0x0800129c   0x0800129c   0x0000016e   Code   RO         1615    .text.HAL_DMA_Init  stm32f4xx_hal_dma.o
    0x0800140a   0x0800140a   0x00000002   PAD
    0x0800140c   0x0800140c   0x00000362   Code   RO         1668    .text.HAL_GPIO_Init  stm32f4xx_hal_gpio.o
    0x0800176e   0x0800176e   0x00000002   PAD
    0x08001770   0x08001770   0x0000002e   Code   RO         1674    .text.HAL_GPIO_WritePin  stm32f4xx_hal_gpio.o
    0x0800179e   0x0800179e   0x00000002   PAD
    0x080017a0   0x080017a0   0x00000066   Code   RO            2    .text.HAL_GetTick   main.o
    0x08001806   0x08001806   0x00000002   PAD
    0x08001808   0x08001808   0x00000036   Code   RO         1480    .text.HAL_Init      stm32f4xx_hal.o
    0x0800183e   0x0800183e   0x00000002   PAD
    0x08001840   0x08001840   0x00000070   Code   RO         1482    .text.HAL_InitTick  stm32f4xx_hal.o
    0x080018b0   0x080018b0   0x0000004a   Code   RO         2280    .text.HAL_MspInit   stm32f4xx_hal_msp.o
    0x080018fa   0x080018fa   0x00000002   PAD
    0x080018fc   0x080018fc   0x00000014   Code   RO         1556    .text.HAL_NVIC_EnableIRQ  stm32f4xx_hal_cortex.o
    0x08001910   0x08001910   0x00000032   Code   RO         1548    .text.HAL_NVIC_SetPriority  stm32f4xx_hal_cortex.o
    0x08001942   0x08001942   0x00000002   PAD
    0x08001944   0x08001944   0x00000010   Code   RO         1544    .text.HAL_NVIC_SetPriorityGrouping  stm32f4xx_hal_cortex.o
    0x08001954   0x08001954   0x00000262   Code   RO         1765    .text.HAL_RCC_ClockConfig  stm32f4xx_hal_rcc.o
    0x08001bb6   0x08001bb6   0x00000002   PAD
    0x08001bb8   0x08001bb8   0x0000000c   Code   RO         1775    .text.HAL_RCC_GetHCLKFreq  stm32f4xx_hal_rcc.o
    0x08001bc4   0x08001bc4   0x00000022   Code   RO         1777    .text.HAL_RCC_GetPCLK1Freq  stm32f4xx_hal_rcc.o
    0x08001be6   0x08001be6   0x00000002   PAD
    0x08001be8   0x08001be8   0x00000022   Code   RO         1779    .text.HAL_RCC_GetPCLK2Freq  stm32f4xx_hal_rcc.o
    0x08001c0a   0x08001c0a   0x00000002   PAD
    0x08001c0c   0x08001c0c   0x000000e6   Code   RO         1767    .text.HAL_RCC_GetSysClockFreq  stm32f4xx_hal_rcc.o
    0x08001cf2   0x08001cf2   0x00000002   PAD
    0x08001cf4   0x08001cf4   0x000006be   Code   RO         1763    .text.HAL_RCC_OscConfig  stm32f4xx_hal_rcc.o
    0x080023b2   0x080023b2   0x00000002   PAD
    0x080023b4   0x080023b4   0x00000010   Code   RO         1568    .text.HAL_SYSTICK_Config  stm32f4xx_hal_cortex.o
    0x080023c4   0x080023c4   0x000000fe   Code   RO         2128    .text.HAL_TIMEx_MasterConfigSynchronization  stm32f4xx_hal_tim_ex.o
    0x080024c2   0x080024c2   0x00000002   PAD
    0x080024c4   0x080024c4   0x00000130   Code   RO         1929    .text.HAL_TIM_Encoder_Init  stm32f4xx_hal_tim.o
    0x080025f4   0x080025f4   0x00000104   Code   RO           69    .text.HAL_TIM_Encoder_MspInit  tim.o
    0x080026f8   0x080026f8   0x0000014e   Code   RO         1937    .text.HAL_TIM_Encoder_Start  stm32f4xx_hal_tim.o
    0x08002846   0x08002846   0x00000002   PAD
    0x08002848   0x08002848   0x00000062   Code   RO           65    .text.HAL_TIM_MspPostInit  tim.o
    0x080028aa   0x080028aa   0x00000002   PAD
    0x080028ac   0x080028ac   0x00000142   Code   RO         1981    .text.HAL_TIM_PWM_ConfigChannel  stm32f4xx_hal_tim.o
    0x080029ee   0x080029ee   0x00000002   PAD
    0x080029f0   0x080029f0   0x0000009c   Code   RO         1869    .text.HAL_TIM_PWM_Init  stm32f4xx_hal_tim.o
    0x08002a8c   0x08002a8c   0x00000038   Code   RO           71    .text.HAL_TIM_PWM_MspInit  tim.o
    0x08002ac4   0x08002ac4   0x00000180   Code   RO         1877    .text.HAL_TIM_PWM_Start  stm32f4xx_hal_tim.o
    0x08002c44   0x08002c44   0x0000000c   Code   RO         2241    .text.HAL_UARTEx_RxEventCallback  stm32f4xx_hal_uart.o
    0x08002c50   0x08002c50   0x00000008   Code   RO         2239    .text.HAL_UART_ErrorCallback  stm32f4xx_hal_uart.o
    0x08002c58   0x08002c58   0x0000041e   Code   RO         2233    .text.HAL_UART_IRQHandler  stm32f4xx_hal_uart.o
    0x08003076   0x08003076   0x00000002   PAD
    0x08003078   0x08003078   0x0000009a   Code   RO         2151    .text.HAL_UART_Init  stm32f4xx_hal_uart.o
    0x08003112   0x08003112   0x00000002   PAD
    0x08003114   0x08003114   0x0000014c   Code   RO           89    .text.HAL_UART_MspInit  usart.o
    0x08003260   0x08003260   0x00000044   Code   RO           95    .text.HAL_UART_RxCpltCallback  usart.o
    0x080032a4   0x080032a4   0x00000044   Code   RO           93    .text.HAL_UART_TxCpltCallback  usart.o
    0x080032e8   0x080032e8   0x00000004   Code   RO           22    .text.HardFault_Handler  stm32f4xx_it.o
    0x080032ec   0x080032ec   0x00000022   Code   RO          269    .text.IsEventFlagsPtrValid  rtx_evflags.o
    0x0800330e   0x0800330e   0x00000002   PAD
    0x08003310   0x08003310   0x00000014   Code   RO          222    .text.IsException   rtx_delay.o
    0x08003324   0x08003324   0x00000014   Code   RO          241    .text.IsException   rtx_evflags.o
    0x08003338   0x08003338   0x00000014   Code   RO          693    .text.IsException   rtx_kernel.o
    0x0800334c   0x0800334c   0x00000014   Code   RO          935    .text.IsException   rtx_msgqueue.o
    0x08003360   0x08003360   0x00000014   Code   RO         1016    .text.IsException   rtx_mutex.o
    0x08003374   0x08003374   0x00000014   Code   RO         1219    .text.IsException   rtx_thread.o
    0x08003388   0x08003388   0x00000014   Code   RO         1394    .text.IsException   rtx_timer.o
    0x0800339c   0x0800339c   0x0000002e   Code   RO          224    .text.IsIrqMasked   rtx_delay.o
    0x080033ca   0x080033ca   0x00000002   PAD
    0x080033cc   0x080033cc   0x0000002e   Code   RO          243    .text.IsIrqMasked   rtx_evflags.o
    0x080033fa   0x080033fa   0x00000002   PAD
    0x080033fc   0x080033fc   0x0000002e   Code   RO          695    .text.IsIrqMasked   rtx_kernel.o
    0x0800342a   0x0800342a   0x00000002   PAD
    0x0800342c   0x0800342c   0x0000002e   Code   RO          937    .text.IsIrqMasked   rtx_msgqueue.o
    0x0800345a   0x0800345a   0x00000002   PAD
    0x0800345c   0x0800345c   0x0000002e   Code   RO         1018    .text.IsIrqMasked   rtx_mutex.o
    0x0800348a   0x0800348a   0x00000002   PAD
    0x0800348c   0x0800348c   0x0000002e   Code   RO         1221    .text.IsIrqMasked   rtx_thread.o
    0x080034ba   0x080034ba   0x00000002   PAD
    0x080034bc   0x080034bc   0x0000002e   Code   RO         1396    .text.IsIrqMasked   rtx_timer.o
    0x080034ea   0x080034ea   0x00000002   PAD
    0x080034ec   0x080034ec   0x00000022   Code   RO          971    .text.IsMessageQueuePtrValid  rtx_msgqueue.o
    0x0800350e   0x0800350e   0x00000002   PAD
    0x08003510   0x08003510   0x00000022   Code   RO         1034    .text.IsMutexPtrValid  rtx_mutex.o
    0x08003532   0x08003532   0x00000002   PAD
    0x08003534   0x08003534   0x00000014   Code   RO          699    .text.IsPrivileged  rtx_kernel.o
    0x08003548   0x08003548   0x00000022   Code   RO         1305    .text.IsThreadPtrValid  rtx_thread.o
    0x0800356a   0x0800356a   0x00000002   PAD
    0x0800356c   0x0800356c   0x00000022   Code   RO         1420    .text.IsTimerPtrValid  rtx_timer.o
    0x0800358e   0x0800358e   0x00000002   PAD
    0x08003590   0x08003590   0x0000002c   Code   RO          130    .text.MTR_Init      dc_motor.o
    0x080035bc   0x080035bc   0x00000046   Code   RO          134    .text.MTR_SetDirection  dc_motor.o
    0x08003602   0x08003602   0x00000002   PAD
    0x08003604   0x08003604   0x000000e4   Code   RO          132    .text.MTR_SetSpeed  dc_motor.o
    0x080036e8   0x080036e8   0x00000050   Code   RO           53    .text.MX_DMA_Init   dma.o
    0x08003738   0x08003738   0x00000082   Code   RO           45    .text.MX_GPIO_Init  gpio.o
    0x080037ba   0x080037ba   0x00000002   PAD
    0x080037bc   0x080037bc   0x00000082   Code   RO           61    .text.MX_TIM1_Init  tim.o
    0x0800383e   0x0800383e   0x00000002   PAD
    0x08003840   0x08003840   0x0000009a   Code   RO           63    .text.MX_TIM2_Init  tim.o
    0x080038da   0x080038da   0x00000002   PAD
    0x080038dc   0x080038dc   0x00000080   Code   RO           67    .text.MX_TIM3_Init  tim.o
    0x0800395c   0x0800395c   0x00000050   Code   RO           87    .text.MX_USART6_UART_Init  usart.o
    0x080039ac   0x080039ac   0x00000018   Code   RO          837    .text.MemBlockPtr   rtx_memory.o
    0x080039c4   0x080039c4   0x0000000a   Code   RO          835    .text.MemHeadPtr    rtx_memory.o
    0x080039ce   0x080039ce   0x00000002   PAD
    0x080039d0   0x080039d0   0x00000004   Code   RO           24    .text.MemManage_Handler  stm32f4xx_it.o
    0x080039d4   0x080039d4   0x00000052   Code   RO          987    .text.MessageQueueGet  rtx_msgqueue.o
    0x08003a26   0x08003a26   0x00000002   PAD
    0x08003a28   0x08003a28   0x000000ac   Code   RO          979    .text.MessageQueuePut  rtx_msgqueue.o
    0x08003ad4   0x08003ad4   0x00000042   Code   RO          975    .text.MessageQueueRemove  rtx_msgqueue.o
    0x08003b16   0x08003b16   0x00000002   PAD
    0x08003b18   0x08003b18   0x00000004   Code   RO           20    .text.NMI_Handler   stm32f4xx_it.o
    0x08003b1c   0x08003b1c   0x0000006c   Code   RO         1554    .text.NVIC_EncodePriority  stm32f4xx_hal_cortex.o
    0x08003b88   0x08003b88   0x0000000c   Code   RO         1449    .text.OS_Tick_AcknowledgeIRQ  os_systick.o
    0x08003b94   0x08003b94   0x0000003c   Code   RO         1445    .text.OS_Tick_Enable  os_systick.o
    0x08003bd0   0x08003bd0   0x00000006   Code   RO         1451    .text.OS_Tick_GetIRQn  os_systick.o
    0x08003bd6   0x08003bd6   0x00000002   PAD
    0x08003bd8   0x08003bd8   0x0000007e   Code   RO         1443    .text.OS_Tick_Setup  os_systick.o
    0x08003c56   0x08003c56   0x00000002   PAD
    0x08003c58   0x08003c58   0x00000034   Code   RO          162    .text.PolePlc_EnableController  pole_placement.o
    0x08003c8c   0x08003c8c   0x00000052   Code   RO          156    .text.PolePlc_Init  pole_placement.o
    0x08003cde   0x08003cde   0x00000002   PAD
    0x08003ce0   0x08003ce0   0x00000010   Code   RO          166    .text.PolePlc_IsControllerEnabled  pole_placement.o
    0x08003cf0   0x08003cf0   0x0000001a   Code   RO          158    .text.PolePlc_PeriodicTimerFunc  pole_placement.o
    0x08003d0a   0x08003d0a   0x00000006   PAD
    0x08003d10   0x08003d10   0x00000334   Code   RO          160    .text.PolePlc_ThreadFunc  pole_placement.o
    0x08004044   0x08004044   0x00000050   Code   RO          757    .text.SVC_Setup     rtx_kernel.o
    0x08004094   0x08004094   0x00000010   Code   RO         1140    .text.SetPendSV     rtx_system.o
    0x080040a4   0x080040a4   0x00000034   Code   RO         1185    .text.SetPrivileged  rtx_thread.o
    0x080040d8   0x080040d8   0x00000018   Code   RO         1181    .text.StackOffsetR0  rtx_thread.o
    0x080040f0   0x080040f0   0x00000052   Code   RO         1570    .text.SysTick_Config  stm32f4xx_hal_cortex.o
    0x08004142   0x08004142   0x00000002   PAD
    0x08004144   0x08004144   0x000000ba   Code   RO            6    .text.SystemClock_Config  main.o
    0x080041fe   0x080041fe   0x00000002   PAD
    0x08004200   0x08004200   0x0000012e   Code   RO         2299    .text.SystemCoreClockUpdate  system_stm32f4xx.o
    0x0800432e   0x0800432e   0x00000002   PAD
    0x08004330   0x08004330   0x00000012   Code   RO         2297    .text.SystemInit    system_stm32f4xx.o
    0x08004342   0x08004342   0x00000002   PAD
    0x08004344   0x08004344   0x0000013a   Code   RO         1819    .text.TIM_Base_SetConfig  stm32f4xx_hal_tim.o
    0x0800447e   0x0800447e   0x00000002   PAD
    0x08004480   0x08004480   0x00000036   Code   RO         1853    .text.TIM_CCxChannelCmd  stm32f4xx_hal_tim.o
    0x080044b6   0x080044b6   0x00000002   PAD
    0x080044b8   0x080044b8   0x000000ca   Code   RO         1963    .text.TIM_OC1_SetConfig  stm32f4xx_hal_tim.o
    0x08004582   0x08004582   0x00000002   PAD
    0x08004584   0x08004584   0x000000d4   Code   RO         1965    .text.TIM_OC2_SetConfig  stm32f4xx_hal_tim.o
    0x08004658   0x08004658   0x000000d2   Code   RO         1967    .text.TIM_OC3_SetConfig  stm32f4xx_hal_tim.o
    0x0800472a   0x0800472a   0x00000002   PAD
    0x0800472c   0x0800472c   0x00000094   Code   RO         1969    .text.TIM_OC4_SetConfig  stm32f4xx_hal_tim.o
    0x080047c0   0x080047c0   0x0000007c   Code   RO         1313    .text.ThreadFlagsCheck  rtx_thread.o
    0x0800483c   0x0800483c   0x0000009e   Code   RO         1416    .text.TimerInsert   rtx_timer.o
    0x080048da   0x080048da   0x00000002   PAD
    0x080048dc   0x080048dc   0x00000048   Code   RO         1426    .text.TimerRemove   rtx_timer.o
    0x08004924   0x08004924   0x00000028   Code   RO         1412    .text.TimerUnlink   rtx_timer.o
    0x0800494c   0x0800494c   0x00000020   Code   RO         2237    .text.UART_DMAAbortOnError  stm32f4xx_hal_uart.o
    0x0800496c   0x0800496c   0x00000094   Code   RO         2199    .text.UART_EndRxTransfer  stm32f4xx_hal_uart.o
    0x08004a00   0x08004a00   0x00000026   Code   RO         2245    .text.UART_EndTransmit_IT  stm32f4xx_hal_uart.o
    0x08004a26   0x08004a26   0x00000002   PAD
    0x08004a28   0x08004a28   0x00000164   Code   RO         2235    .text.UART_Receive_IT  stm32f4xx_hal_uart.o
    0x08004b8c   0x08004b8c   0x0000013a   Code   RO         2155    .text.UART_SetConfig  stm32f4xx_hal_uart.o
    0x08004cc6   0x08004cc6   0x00000002   PAD
    0x08004cc8   0x08004cc8   0x00000094   Code   RO         2243    .text.UART_Transmit_IT  stm32f4xx_hal_uart.o
    0x08004d5c   0x08004d5c   0x00000010   Code   RO           36    .text.USART6_IRQHandler  stm32f4xx_it.o
    0x08004d6c   0x08004d6c   0x00000004   Code   RO           28    .text.UsageFault_Handler  stm32f4xx_it.o
    0x08004d70   0x08004d70   0x00000030   Code   RO         1558    .text.__NVIC_EnableIRQ  stm32f4xx_hal_cortex.o
    0x08004da0   0x08004da0   0x00000010   Code   RO          759    .text.__NVIC_GetPriorityGrouping  rtx_kernel.o
    0x08004db0   0x08004db0   0x00000010   Code   RO         1550    .text.__NVIC_GetPriorityGrouping  stm32f4xx_hal_cortex.o
    0x08004dc0   0x08004dc0   0x00000042   Code   RO         1552    .text.__NVIC_SetPriority  stm32f4xx_hal_cortex.o
    0x08004e02   0x08004e02   0x00000002   PAD
    0x08004e04   0x08004e04   0x0000003c   Code   RO         1546    .text.__NVIC_SetPriorityGrouping  stm32f4xx_hal_cortex.o
    0x08004e40   0x08004e40   0x00000020   Code   RO          806    .text._mutex_acquire  rtx_lib.o
    0x08004e60   0x08004e60   0x00000012   Code   RO          810    .text._mutex_free   rtx_lib.o
    0x08004e72   0x08004e72   0x00000002   PAD
    0x08004e74   0x08004e74   0x00000032   Code   RO          804    .text._mutex_initialize  rtx_lib.o
    0x08004ea6   0x08004ea6   0x00000002   PAD
    0x08004ea8   0x08004ea8   0x0000001c   Code   RO          808    .text._mutex_release  rtx_lib.o
    0x08004ec4   0x08004ec4   0x00000008   Code   RO          792    .text._platform_post_stackheap_init  rtx_lib.o
    0x08004ecc   0x08004ecc   0x00000038   Code   RO          275    .text.atomic_chk32_all  rtx_evflags.o
    0x08004f04   0x08004f04   0x00000038   Code   RO         1315    .text.atomic_chk32_all  rtx_thread.o
    0x08004f3c   0x08004f3c   0x00000034   Code   RO          277    .text.atomic_chk32_any  rtx_evflags.o
    0x08004f70   0x08004f70   0x00000034   Code   RO         1317    .text.atomic_chk32_any  rtx_thread.o
    0x08004fa4   0x08004fa4   0x0000002c   Code   RO         1142    .text.atomic_dec16_nz  rtx_system.o
    0x08004fd0   0x08004fd0   0x00000020   Code   RO          862    .text.atomic_dec32  rtx_mempool.o
    0x08004ff0   0x08004ff0   0x00000028   Code   RO          989    .text.atomic_dec32_nz  rtx_msgqueue.o
    0x08005018   0x08005018   0x00000034   Code   RO         1144    .text.atomic_inc16_lim  rtx_system.o
    0x0800504c   0x0800504c   0x00000038   Code   RO         1148    .text.atomic_inc16_lt  rtx_system.o
    0x08005084   0x08005084   0x00000020   Code   RO          856    .text.atomic_inc32  rtx_mempool.o
    0x080050a4   0x080050a4   0x00000020   Code   RO          981    .text.atomic_inc32  rtx_msgqueue.o
    0x080050c4   0x080050c4   0x00000028   Code   RO          854    .text.atomic_link_get  rtx_mempool.o
    0x080050ec   0x080050ec   0x00000030   Code   RO          860    .text.atomic_link_put  rtx_mempool.o
    0x0800511c   0x0800511c   0x00000028   Code   RO          285    .text.atomic_set32  rtx_evflags.o
    0x08005144   0x08005144   0x00000028   Code   RO          991    .text.atomic_wr8    rtx_msgqueue.o
    0x0800516c   0x0800516c   0x0000006a   Code   RO          251    .text.isrRtxEventFlagsSet  rtx_evflags.o
    0x080051d6   0x080051d6   0x00000002   PAD
    0x080051d8   0x080051d8   0x0000008a   Code   RO          263    .text.isrRtxEventFlagsWait  rtx_evflags.o
    0x08005262   0x08005262   0x00000002   PAD
    0x08005264   0x08005264   0x000000ac   Code   RO          949    .text.isrRtxMessageQueueGet  rtx_msgqueue.o
    0x08005310   0x08005310   0x000000bc   Code   RO          945    .text.isrRtxMessageQueuePut  rtx_msgqueue.o
    0x080053cc   0x080053cc   0x00000054   Code   RO         1124    .text.isr_queue_get  rtx_system.o
    0x08005420   0x08005420   0x0000005e   Code   RO         1138    .text.isr_queue_put  rtx_system.o
    0x0800547e   0x0800547e   0x00000002   PAD
    0x08005480   0x08005480   0x00000054   Code   RO            4    .text.main          main.o
    0x080054d4   0x080054d4   0x00000054   Code   RO          220    .text.osDelay       rtx_delay.o
    0x08005528   0x08005528   0x00000056   Code   RO          239    .text.osEventFlagsNew  rtx_evflags.o
    0x0800557e   0x0800557e   0x00000002   PAD
    0x08005580   0x08005580   0x0000005e   Code   RO          249    .text.osEventFlagsSet  rtx_evflags.o
    0x080055de   0x080055de   0x00000002   PAD
    0x080055e0   0x080055e0   0x0000007e   Code   RO          261    .text.osEventFlagsWait  rtx_evflags.o
    0x0800565e   0x0800565e   0x00000002   PAD
    0x08005660   0x08005660   0x00000042   Code   RO          703    .text.osKernelGetState  rtx_kernel.o
    0x080056a2   0x080056a2   0x00000002   PAD
    0x080056a4   0x080056a4   0x0000003a   Code   RO          735    .text.osKernelGetTickCount  rtx_kernel.o
    0x080056de   0x080056de   0x00000002   PAD
    0x080056e0   0x080056e0   0x0000004a   Code   RO          691    .text.osKernelInitialize  rtx_kernel.o
    0x0800572a   0x0800572a   0x00000002   PAD
    0x0800572c   0x0800572c   0x00000046   Code   RO          707    .text.osKernelStart  rtx_kernel.o
    0x08005772   0x08005772   0x00000002   PAD
    0x08005774   0x08005774   0x0000007e   Code   RO          947    .text.osMessageQueueGet  rtx_msgqueue.o
    0x080057f2   0x080057f2   0x00000002   PAD
    0x080057f4   0x080057f4   0x0000008a   Code   RO          943    .text.osMessageQueuePut  rtx_msgqueue.o
    0x0800587e   0x0800587e   0x00000002   PAD
    0x08005880   0x08005880   0x00000064   Code   RO         1024    .text.osMutexAcquire  rtx_mutex.o
    0x080058e4   0x080058e4   0x00000056   Code   RO         1030    .text.osMutexDelete  rtx_mutex.o
    0x0800593a   0x0800593a   0x00000002   PAD
    0x0800593c   0x0800593c   0x00000056   Code   RO         1014    .text.osMutexNew    rtx_mutex.o
    0x08005992   0x08005992   0x00000002   PAD
    0x08005994   0x08005994   0x00000056   Code   RO         1026    .text.osMutexRelease  rtx_mutex.o
    0x080059ea   0x080059ea   0x00000002   PAD
    0x080059ec   0x080059ec   0x00000030   Code   RO         1471    .text.osRtxErrorNotify  rtx_config.o
    0x08005a1c   0x08005a1c   0x0000000a   Code   RO          279    .text.osRtxEventFlagsId  rtx_evflags.o
    0x08005a26   0x08005a26   0x00000002   PAD
    0x08005a28   0x08005a28   0x0000000a   Code   RO         1128    .text.osRtxEventFlagsObject  rtx_system.o
    0x08005a32   0x08005a32   0x00000002   PAD
    0x08005a34   0x08005a34   0x0000005c   Code   RO          271    .text.osRtxEventFlagsPostProcess  rtx_evflags.o
    0x08005a90   0x08005a90   0x00000008   Code   RO         1469    .text.osRtxIdleThread  rtx_config.o
    0x08005a98   0x08005a98   0x00000002   Code   RO          687    .text.osRtxKernelBeforeInit  rtx_kernel.o
    0x08005a9a   0x08005a9a   0x00000002   PAD
    0x08005a9c   0x08005a9c   0x0000001c   Code   RO          689    .text.osRtxKernelErrorNotify  rtx_kernel.o
    0x08005ab8   0x08005ab8   0x0000000c   Code   RO         1120    .text.osRtxKernelGetState  rtx_system.o
    0x08005ac4   0x08005ac4   0x0000000c   Code   RO         1189    .text.osRtxKernelGetState  rtx_thread.o
    0x08005ad0   0x08005ad0   0x0000000c   Code   RO          753    .text.osRtxKernelState  rtx_kernel.o
    0x08005adc   0x08005adc   0x0000014c   Code   RO          839    .text.osRtxMemoryAlloc  rtx_memory.o
    0x08005c28   0x08005c28   0x000000c2   Code   RO          841    .text.osRtxMemoryFree  rtx_memory.o
    0x08005cea   0x08005cea   0x00000002   PAD
    0x08005cec   0x08005cec   0x00000096   Code   RO          833    .text.osRtxMemoryInit  rtx_memory.o
    0x08005d82   0x08005d82   0x00000002   PAD
    0x08005d84   0x08005d84   0x0000004a   Code   RO          852    .text.osRtxMemoryPoolAlloc  rtx_mempool.o
    0x08005dce   0x08005dce   0x00000002   PAD
    0x08005dd0   0x08005dd0   0x00000064   Code   RO          858    .text.osRtxMemoryPoolFree  rtx_mempool.o
    0x08005e34   0x08005e34   0x00000098   Code   RO          850    .text.osRtxMemoryPoolInit  rtx_mempool.o
    0x08005ecc   0x08005ecc   0x0000000a   Code   RO         1132    .text.osRtxMemoryPoolObject  rtx_system.o
    0x08005ed6   0x08005ed6   0x00000002   PAD
    0x08005ed8   0x08005ed8   0x0000000a   Code   RO         1134    .text.osRtxMessageObject  rtx_system.o
    0x08005ee2   0x08005ee2   0x00000002   PAD
    0x08005ee4   0x08005ee4   0x0000000a   Code   RO          929    .text.osRtxMessageQueueId  rtx_msgqueue.o
    0x08005eee   0x08005eee   0x00000002   PAD
    0x08005ef0   0x08005ef0   0x00000144   Code   RO          973    .text.osRtxMessageQueuePostProcess  rtx_msgqueue.o
    0x08006034   0x08006034   0x0000003e   Code   RO          927    .text.osRtxMessageQueueTimerSetup  rtx_msgqueue.o
    0x08006072   0x08006072   0x00000002   PAD
    0x08006074   0x08006074   0x0000005a   Code   RO         1050    .text.osRtxMutexDestroy  rtx_mutex.o
    0x080060ce   0x080060ce   0x00000002   PAD
    0x080060d0   0x080060d0   0x0000000a   Code   RO         1036    .text.osRtxMutexId  rtx_mutex.o
    0x080060da   0x080060da   0x00000002   PAD
    0x080060dc   0x080060dc   0x0000000a   Code   RO         1177    .text.osRtxMutexObject  rtx_thread.o
    0x080060e6   0x080060e6   0x00000002   PAD
    0x080060e8   0x080060e8   0x00000098   Code   RO         1008    .text.osRtxMutexOwnerRelease  rtx_mutex.o
    0x08006180   0x08006180   0x000000ac   Code   RO         1012    .text.osRtxMutexOwnerRestore  rtx_mutex.o
    0x0800622c   0x0800622c   0x000000fc   Code   RO         1048    .text.osRtxMutexOwnerUnlock  rtx_mutex.o
    0x08006328   0x08006328   0x0000000a   Code   RO          283    .text.osRtxObject   rtx_evflags.o
    0x08006332   0x08006332   0x00000002   PAD
    0x08006334   0x08006334   0x0000000a   Code   RO          977    .text.osRtxObject   rtx_msgqueue.o
    0x0800633e   0x0800633e   0x00000002   PAD
    0x08006340   0x08006340   0x0000000a   Code   RO         1010    .text.osRtxObject   rtx_mutex.o
    0x0800634a   0x0800634a   0x00000002   PAD
    0x0800634c   0x0800634c   0x0000000a   Code   RO         1146    .text.osRtxObject   rtx_system.o
    0x08006356   0x08006356   0x00000002   PAD
    0x08006358   0x08006358   0x0000000a   Code   RO         1165    .text.osRtxObject   rtx_thread.o
    0x08006362   0x08006362   0x00000002   PAD
    0x08006364   0x08006364   0x000000b8   Code   RO         1122    .text.osRtxPendSV_Handler  rtx_system.o
    0x0800641c   0x0800641c   0x00000042   Code   RO         1136    .text.osRtxPostProcess  rtx_system.o
    0x0800645e   0x0800645e   0x00000002   PAD
    0x08006460   0x08006460   0x0000000a   Code   RO         1130    .text.osRtxSemaphoreObject  rtx_system.o
    0x0800646a   0x0800646a   0x00000002   PAD
    0x0800646c   0x0800646c   0x00000010   Code   RO          800    .text.osRtxThreadBeforeFree  rtx_lib.o
    0x0800647c   0x0800647c   0x00000088   Code   RO         1193    .text.osRtxThreadBlock  rtx_thread.o
    0x08006504   0x08006504   0x000000fa   Code   RO         1199    .text.osRtxThreadDelayInsert  rtx_thread.o
    0x080065fe   0x080065fe   0x00000002   PAD
    0x08006600   0x08006600   0x0000009c   Code   RO         1171    .text.osRtxThreadDelayRemove  rtx_thread.o
    0x0800669c   0x0800669c   0x00000150   Code   RO         1173    .text.osRtxThreadDelayTick  rtx_thread.o
    0x080067ec   0x080067ec   0x00000060   Code   RO         1205    .text.osRtxThreadDestroy  rtx_thread.o
    0x0800684c   0x0800684c   0x00000096   Code   RO         1187    .text.osRtxThreadDispatch  rtx_thread.o
    0x080068e2   0x080068e2   0x00000002   PAD
    0x080068e4   0x080068e4   0x000000a2   Code   RO         1207    .text.osRtxThreadFree  rtx_thread.o
    0x08006986   0x08006986   0x00000002   PAD
    0x08006988   0x08006988   0x0000000c   Code   RO          295    .text.osRtxThreadGetRunning  rtx_evflags.o
    0x08006994   0x08006994   0x0000000c   Code   RO          985    .text.osRtxThreadGetRunning  rtx_msgqueue.o
    0x080069a0   0x080069a0   0x0000000c   Code   RO         1040    .text.osRtxThreadGetRunning  rtx_mutex.o
    0x080069ac   0x080069ac   0x0000000c   Code   RO         1191    .text.osRtxThreadGetRunning  rtx_thread.o
    0x080069b8   0x080069b8   0x0000000c   Code   RO         1410    .text.osRtxThreadGetRunning  rtx_timer.o
    0x080069c4   0x080069c4   0x0000000a   Code   RO         1213    .text.osRtxThreadId  rtx_thread.o
    0x080069ce   0x080069ce   0x00000002   PAD
    0x080069d0   0x080069d0   0x0000003c   Code   RO         1203    .text.osRtxThreadJoinWakeup  rtx_thread.o
    0x08006a0c   0x08006a0c   0x00000036   Code   RO         1161    .text.osRtxThreadListGet  rtx_thread.o
    0x08006a42   0x08006a42   0x00000002   PAD
    0x08006a44   0x08006a44   0x00000076   Code   RO         1157    .text.osRtxThreadListPut  rtx_thread.o
    0x08006aba   0x08006aba   0x00000002   PAD
    0x08006abc   0x08006abc   0x00000032   Code   RO         1167    .text.osRtxThreadListRemove  rtx_thread.o
    0x08006aee   0x08006aee   0x00000002   PAD
    0x08006af0   0x08006af0   0x00000022   Code   RO         1175    .text.osRtxThreadListRoot  rtx_thread.o
    0x08006b12   0x08006b12   0x00000002   PAD
    0x08006b14   0x08006b14   0x00000058   Code   RO         1163    .text.osRtxThreadListSort  rtx_thread.o
    0x08006b6c   0x08006b6c   0x0000000a   Code   RO         1126    .text.osRtxThreadObject  rtx_system.o
    0x08006b76   0x08006b76   0x00000002   PAD
    0x08006b78   0x08006b78   0x0000000a   Code   RO         1159    .text.osRtxThreadObject  rtx_thread.o
    0x08006b82   0x08006b82   0x00000002   PAD
    0x08006b84   0x08006b84   0x00000044   Code   RO         1311    .text.osRtxThreadPostProcess  rtx_thread.o
    0x08006bc8   0x08006bc8   0x00000020   Code   RO         1169    .text.osRtxThreadReadyPut  rtx_thread.o
    0x08006be8   0x08006be8   0x00000022   Code   RO         1179    .text.osRtxThreadRegPtr  rtx_thread.o
    0x08006c0a   0x08006c0a   0x00000002   PAD
    0x08006c0c   0x08006c0c   0x00000014   Code   RO         1347    .text.osRtxThreadSetRunning  rtx_thread.o
    0x08006c20   0x08006c20   0x00000014   Code   RO         1414    .text.osRtxThreadSetRunning  rtx_timer.o
    0x08006c34   0x08006c34   0x0000003c   Code   RO         1201    .text.osRtxThreadStackCheck  rtx_thread.o
    0x08006c70   0x08006c70   0x00000096   Code   RO         1211    .text.osRtxThreadStartup  rtx_thread.o
    0x08006d06   0x08006d06   0x00000002   PAD
    0x08006d08   0x08006d08   0x0000002e   Code   RO         1183    .text.osRtxThreadSwitch  rtx_thread.o
    0x08006d36   0x08006d36   0x00000002   PAD
    0x08006d38   0x08006d38   0x00000076   Code   RO         1197    .text.osRtxThreadWaitEnter  rtx_thread.o
    0x08006dae   0x08006dae   0x00000002   PAD
    0x08006db0   0x08006db0   0x00000046   Code   RO         1195    .text.osRtxThreadWaitExit  rtx_thread.o
    0x08006df6   0x08006df6   0x00000002   PAD
    0x08006df8   0x08006df8   0x00000110   Code   RO         1118    .text.osRtxTick_Handler  rtx_system.o
    0x08006f08   0x08006f08   0x0000000a   Code   RO         1422    .text.osRtxTimerId  rtx_timer.o
    0x08006f12   0x08006f12   0x00000002   PAD
    0x08006f14   0x08006f14   0x00000030   Code   RO         1386    .text.osRtxTimerSetup  rtx_timer.o
    0x08006f44   0x08006f44   0x00000032   Code   RO         1390    .text.osRtxTimerThread  rtx_timer.o
    0x08006f76   0x08006f76   0x00000002   PAD
    0x08006f78   0x08006f78   0x000000dc   Code   RO         1388    .text.osRtxTimerTick  rtx_timer.o
    0x08007054   0x08007054   0x00000010   Code   RO         1307    .text.osThreadEntry  rtx_thread.o
    0x08007064   0x08007064   0x00000024   Code   RO         1259    .text.osThreadExit  rtx_thread.o
    0x08007088   0x08007088   0x00000072   Code   RO         1217    .text.osThreadNew   rtx_thread.o
    0x080070fa   0x080070fa   0x00000002   PAD
    0x080070fc   0x080070fc   0x0000008a   Code   RO         1392    .text.osTimerNew    rtx_timer.o
    0x08007186   0x08007186   0x00000002   PAD
    0x08007188   0x08007188   0x00000064   Code   RO         1402    .text.osTimerStart  rtx_timer.o
    0x080071ec   0x080071ec   0x00000036   Code   RO          798    .text.os_kernel_is_active  rtx_lib.o
    0x08007222   0x08007222   0x00000002   PAD
    0x08007224   0x08007224   0x00000050   Code   RO          228    .text.svcRtxDelay   rtx_delay.o
    0x08007274   0x08007274   0x00000140   Code   RO          267    .text.svcRtxEventFlagsNew  rtx_evflags.o
    0x080073b4   0x080073b4   0x000000d8   Code   RO          287    .text.svcRtxEventFlagsSet  rtx_evflags.o
    0x0800748c   0x0800748c   0x000000d6   Code   RO          293    .text.svcRtxEventFlagsWait  rtx_evflags.o
    0x08007562   0x08007562   0x00000002   PAD
    0x08007564   0x08007564   0x00000016   Code   RO          705    .text.svcRtxKernelGetState  rtx_kernel.o
    0x0800757a   0x0800757a   0x00000002   PAD
    0x0800757c   0x0800757c   0x0000001c   Code   RO          737    .text.svcRtxKernelGetTickCount  rtx_kernel.o
    0x08007598   0x08007598   0x00000304   Code   RO          751    .text.svcRtxKernelInitialize  rtx_kernel.o
    0x0800789c   0x0800789c   0x000000a4   Code   RO          755    .text.svcRtxKernelStart  rtx_kernel.o
    0x08007940   0x08007940   0x00000168   Code   RO          993    .text.svcRtxMessageQueueGet  rtx_msgqueue.o
    0x08007aa8   0x08007aa8   0x00000290   Code   RO          931    .text.svcRtxMessageQueueNew  rtx_msgqueue.o
    0x08007d38   0x08007d38   0x0000015c   Code   RO          983    .text.svcRtxMessageQueuePut  rtx_msgqueue.o
    0x08007e94   0x08007e94   0x00000176   Code   RO         1038    .text.svcRtxMutexAcquire  rtx_mutex.o
    0x0800800a   0x0800800a   0x00000002   PAD
    0x0800800c   0x0800800c   0x00000058   Code   RO         1046    .text.svcRtxMutexDelete  rtx_mutex.o
    0x08008064   0x08008064   0x00000142   Code   RO         1032    .text.svcRtxMutexNew  rtx_mutex.o
    0x080081a6   0x080081a6   0x00000002   PAD
    0x080081a8   0x080081a8   0x000001a0   Code   RO         1042    .text.svcRtxMutexRelease  rtx_mutex.o
    0x08008348   0x08008348   0x00000084   Code   RO         1345    .text.svcRtxThreadExit  rtx_thread.o
    0x080083cc   0x080083cc   0x0000046a   Code   RO         1215    .text.svcRtxThreadNew  rtx_thread.o
    0x08008836   0x08008836   0x00000002   PAD
    0x08008838   0x08008838   0x00000190   Code   RO         1418    .text.svcRtxTimerNew  rtx_timer.o
    0x080089c8   0x080089c8   0x0000009e   Code   RO         1424    .text.svcRtxTimerStart  rtx_timer.o
    0x08008a66   0x08008a66   0x00000002   PAD
    0x08008a68   0x08008a68   0x00000048   Code   RO          802    .text.user_perthread_libspace_free  rtx_lib.o
    0x08008ab0   0x08008ab0   0x00000012   Code   RO         1309    .text.xPSR_InitVal  rtx_thread.o
    0x08008ac2   0x08008ac2   0x00000002   PAD
    0x08008ac4   0x08008ac4   0x00000062   Code   RO         2324    x$fpl$d2f           fz_wm.l(d2f.o)
    0x08008b26   0x08008b26   0x00000002   PAD
    0x08008b28   0x08008b28   0x00000150   Code   RO         2326    x$fpl$dadd          fz_wm.l(daddsub_clz.o)
    0x08008c78   0x08008c78   0x00000018   Code   RO         2387    x$fpl$dcmpinf       fz_wm.l(dcmpi.o)
    0x08008c90   0x08008c90   0x000002b4   Code   RO         2335    x$fpl$ddiv          fz_wm.l(ddiv.o)
    0x08008f44   0x08008f44   0x00000078   Code   RO         2355    x$fpl$deqf          fz_wm.l(deqf.o)
    0x08008fbc   0x08008fbc   0x0000005a   Code   RO         2338    x$fpl$dfixu         fz_wm.l(dfixu.o)
    0x08009016   0x08009016   0x00000002   PAD
    0x08009018   0x08009018   0x00000078   Code   RO         2357    x$fpl$dgeqf         fz_wm.l(dgeqf.o)
    0x08009090   0x08009090   0x00000078   Code   RO         2359    x$fpl$dleqf         fz_wm.l(dleqf.o)
    0x08009108   0x08009108   0x00000154   Code   RO         2342    x$fpl$dmul          fz_wm.l(dmul.o)
    0x0800925c   0x0800925c   0x0000009c   Code   RO         2361    x$fpl$dnaninf       fz_wm.l(dnaninf.o)
    0x080092f8   0x080092f8   0x0000000c   Code   RO         2363    x$fpl$dretinf       fz_wm.l(dretinf.o)
    0x08009304   0x08009304   0x000001dc   Code   RO         2328    x$fpl$dsub          fz_wm.l(daddsub_clz.o)
    0x080094e0   0x080094e0   0x00000056   Code   RO         2344    x$fpl$f2d           fz_wm.l(f2d.o)
    0x08009536   0x08009536   0x00000054   Code   RO         2332    x$fpl$fcmp          fz_wm.l(dcmp.o)
    0x0800958a   0x0800958a   0x0000008c   Code   RO         2365    x$fpl$fnaninf       fz_wm.l(fnaninf.o)
    0x08009616   0x08009616   0x0000001a   Code   RO         2346    x$fpl$fpinit        fz_wm.l(fpinit.o)
    0x08009630   0x08009630   0x0000000a   Code   RO         2367    x$fpl$fretinf       fz_wm.l(fretinf.o)
    0x0800963a   0x0800963a   0x00000000   Code   RO         2369    x$fpl$usenofp       fz_wm.l(usenofp.o)
    0x0800963a   0x0800963a   0x00000002   PAD
    0x0800963c   0x0800963c   0x000000a8   Data   RO          816    .rodata             rtx_lib.o
    0x080096e4   0x080096e4   0x00000010   Data   RO         2302    .rodata.AHBPrescTable  system_stm32f4xx.o
    0x080096f4   0x080096f4   0x00000008   Data   RO         2303    .rodata.APBPrescTable  system_stm32f4xx.o
    0x080096fc   0x080096fc   0x00000008   Data   RO         1645    .rodata.DMA_CalcBaseAndBitshift.flagBitshiftOffset  stm32f4xx_hal_dma.o
    0x08009704   0x08009704   0x00000004   Data   RO          818    .rodata.osRtxUserSVC  rtx_lib.o
    0x08009708   0x08009708   0x00000024   Data   RO          813    .rodata.os_idle_thread_attr  rtx_lib.o
    0x0800972c   0x0800972c   0x00000018   Data   RO          815    .rodata.os_timer_mq_attr  rtx_lib.o
    0x08009744   0x08009744   0x00000024   Data   RO          814    .rodata.os_timer_thread_attr  rtx_lib.o
    0x08009768   0x08009768   0x00000010   Data   RO          205    .rodata.periodicTimerAttr  encoder.o
    0x08009778   0x08009778   0x00000016   Data   RO          168    .rodata.str1.1      pole_placement.o
    0x0800978e   0x0800978e   0x00000017   Data   RO          204    .rodata.str1.1      encoder.o
    0x080097a5   0x080097a5   0x0000000b   Data   RO          783    .rodata.str1.1      rtx_kernel.o
    0x080097b0   0x080097b0   0x00000020   Data   RO         2533    Region$$Table       anon$$obj.o


    Execution Region RW_IRAM1 (Exec base: 0x20000000, Load base: 0x080097d0, Size: 0x00009da8, Max: 0x00010000, ABSOLUTE, COMPRESSED[0x000000e0])

    Exec Addr    Load Addr    Size         Type   Attr      Idx    E Section Name        Object

    0x20000000   COMPRESSED   0x00000014   Data   RW          122    .data.DC_Motor      app_main.o
    0x20000014   COMPRESSED   0x00000004   PAD
    0x20000018   COMPRESSED   0x00000068   Data   RW          120    .data.MotorEncoder  app_main.o
    0x20000080   COMPRESSED   0x00000068   Data   RW          121    .data.PendulumEncoder  app_main.o
    0x200000e8   COMPRESSED   0x00000c18   Data   RW          123    .data.PolePlacement  app_main.o
    0x20000d00   COMPRESSED   0x00000004   Data   RW         2301    .data.SystemCoreClock  system_stm32f4xx.o
    0x20000d04   COMPRESSED   0x00000004   Data   RW          176    .data.k1            pole_placement.o
    0x20000d08   COMPRESSED   0x00000004   Data   RW          177    .data.k2            pole_placement.o
    0x20000d0c   COMPRESSED   0x00000004   Data   RW          178    .data.k3            pole_placement.o
    0x20000d10   COMPRESSED   0x00000004   Data   RW          179    .data.k4            pole_placement.o
    0x20000d14   COMPRESSED   0x000000a4   Data   RW          784    .data.os            rtx_kernel.o
    0x20000db8   COMPRESSED   0x00000024   Data   RW          169    .data.polePlacementThreadAttr  pole_placement.o
    0x20000ddc   COMPRESSED   0x00000001   Data   RW         1535    .data.uwTickFreq    stm32f4xx_hal.o
    0x20000ddd   COMPRESSED   0x00000003   PAD
    0x20000de0   COMPRESSED   0x00000004   Data   RW         1534    .data.uwTickPrio    stm32f4xx_hal.o
    0x20000de4   COMPRESSED   0x00000004   PAD
    0x20000de8        -       0x00000060   Zero   RW         2402    .bss                c_w.l(libspace.o)
    0x20000e48        -       0x00000004   Zero   RW          106    .bss.EVT_UART6      usart.o
    0x20000e4c        -       0x00000004   Zero   RW           10    .bss.HAL_GetTick.ticks  main.o
    0x20000e50        -       0x00000004   Zero   RW           11    .bss.TID_AppMain    main.o
    0x20000e54        -       0x00000060   Zero   RW          107    .bss.hdma_usart6_rx  usart.o
    0x20000eb4        -       0x00000060   Zero   RW          108    .bss.hdma_usart6_tx  usart.o
    0x20000f14        -       0x00000048   Zero   RW           77    .bss.htim1          tim.o
    0x20000f5c        -       0x00000048   Zero   RW           78    .bss.htim2          tim.o
    0x20000fa4        -       0x00000048   Zero   RW           79    .bss.htim3          tim.o
    0x20000fec        -       0x00000044   Zero   RW          105    .bss.huart6         usart.o
    0x20001030        -       0x00008040   Zero   RW          812    .bss.os             rtx_lib.o
    0x20009070        -       0x00000001   Zero   RW         1461    .bss.os             os_systick.o
    0x20009071   COMPRESSED   0x00000003   PAD
    0x20009074        -       0x000001f0   Zero   RW          819    .bss.os.libspace    rtx_lib.o
    0x20009264        -       0x00000034   Zero   RW          823    .bss.os.msgqueue.cb  rtx_lib.o
    0x20009298        -       0x00000050   Zero   RW          824    .bss.os.msgqueue.mem  rtx_lib.o
    0x200092e8        -       0x000000a0   Zero   RW          820    .bss.os.thread.cb   rtx_lib.o
    0x20009388        -       0x00000200   Zero   RW          821    .bss.os.thread.idle.stack  rtx_lib.o
    0x20009588        -       0x00000200   Zero   RW          822    .bss.os.thread.timer.stack  rtx_lib.o
    0x20009788        -       0x00000001   Zero   RW          825    .bss.os_kernel_is_active.os_kernel_active  rtx_lib.o
    0x20009789   COMPRESSED   0x00000007   PAD
    0x20009790        -       0x00000008   Zero   RW          180    .bss.u              pole_placement.o
    0x20009798        -       0x00000004   Zero   RW          187    .bss.x1             pole_placement.o
    0x2000979c        -       0x00000004   Zero   RW          188    .bss.x2             pole_placement.o
    0x200097a0        -       0x00000004   Zero   RW          189    .bss.x3             pole_placement.o
    0x200097a4        -       0x00000004   Zero   RW          190    .bss.x4             pole_placement.o
    0x200097a8        -       0x00000200   Zero   RW         2288    HEAP                startup_stm32f401xc.o
    0x200099a8        -       0x00000400   Zero   RW         2287    STACK               startup_stm32f401xc.o


==============================================================================

Image component sizes


      Code (inc. data)   RO Data    RW Data    ZI Data      Debug   Object Name

        66          0          0       3324          0       5793   app_main.o
       342          8          0          0          0       4930   dc_motor.o
       226          8          0          0          0       1217   disc_calc.o
        80          0          0          0          0       2960   dma.o
       364         16         39          0          0       5297   encoder.o
       130          0          0          0          0       2307   gpio.o
       256         16          0          0          0        798   irq_armv7m.o
       378          0          0          0          8       3695   main.o
       204          0          0          0          1       4307   os_systick.o
       996         56         22         52         24       5317   pole_placement.o
        56          6          0          0          0        736   rtx_config.o
       230          0          0          0          0       2813   rtx_delay.o
      1822          0          0          0          0      11150   rtx_evflags.o
       696          0          0          0          0      26751   rtx_evr.o
      1478          0         11        164          0      17606   rtx_kernel.o
       300          0        268          0      34645       8063   rtx_lib.o
       710          0          0          0          0       2364   rtx_memory.o
       478          0          0          0          0      12663   rtx_mempool.o
      2938          0          0          0          0      15293   rtx_msgqueue.o
      2356          0          0          0          0       9493   rtx_mutex.o
       940         10          0          0          0       6339   rtx_system.o
      4206          0          0          0          0      33609   rtx_thread.o
      1526          0          0          0          0       9407   rtx_timer.o
        64         26        404          0       1536        904   startup_stm32f401xc.o
       166          0          0          5          0       7011   stm32f4xx_hal.o
       482          0          0          0          0       9318   stm32f4xx_hal_cortex.o
      1794          8          8          0          0       8690   stm32f4xx_hal_dma.o
       912          0          0          0          0       5346   stm32f4xx_hal_gpio.o
        74          0          0          0          0       1802   stm32f4xx_hal_msp.o
      2646          0          0          0          0       7896   stm32f4xx_hal_rcc.o
      2640         14          0          0          0      36040   stm32f4xx_hal_tim.o
       254          0          0          0          0      15560   stm32f4xx_hal_tim_ex.o
      2264          0          0          0          0      20452   stm32f4xx_hal_uart.o
        70          0          0          0          0       1150   stm32f4xx_it.o
       320          0         24          4          0       2805   system_stm32f4xx.o
       826          0          0          0        216       7353   tim.o
       548          0          0          0        264       7922   usart.o

    ----------------------------------------------------------------------
     34172        168        808       3556      36708     325157   Object Totals
         0          0         32          0          0          0   (incl. Generated)
       334          0          0          7         14          0   (incl. Padding)

    ----------------------------------------------------------------------

      Code (inc. data)   RO Data    RW Data    ZI Data      Debug   Library Member Name

        58          0          0          0          0          0   __dczerorl.o
         8          0          0          0          0         68   __main.o
         0          0          0          0          0          0   __rtentry.o
        20          0          0          0          0          0   __rtentry2.o
         6          0          0          0          0          0   __rtentry4.o
        52          8          0          0          0          0   __scatter.o
        28          0          0          0          0          0   __scatter_zi.o
        18          0          0          0          0         80   exit.o
         6          0          0          0          0        152   heapauxi.o
         0          0          0          0          0          0   indicate_semi.o
         2          0          0          0          0          0   libinit.o
         6          0          0          0          0          0   libinit2.o
         2          0          0          0          0          0   libshutdown.o
         2          0          0          0          0          0   libshutdown2.o
         8          4          0          0         96         68   libspace.o
       240          0          0          0          0        100   lludivv7m.o
        68          0          0          0          0         68   rt_memclr.o
        78          0          0          0          0         80   rt_memclr_w.o
       138          0          0          0          0         68   rt_memcpy_v6.o
       100          0          0          0          0         80   rt_memcpy_w.o
         2          0          0          0          0          0   rtexit.o
        10          0          0          0          0          0   rtexit2.o
        12          4          0          0          0         68   sys_exit.o
        74          0          0          0          0         80   sys_stackheap_outer.o
         2          0          0          0          0         68   use_no_semi.o
        98          4          0          0          0        140   d2f.o
       812         16          0          0          0        392   daddsub_clz.o
        84          0          0          0          0        244   dcmp.o
        24          0          0          0          0        116   dcmpi.o
       692        140          0          0          0        264   ddiv.o
       120          4          0          0          0        140   deqf.o
        90          4          0          0          0        140   dfixu.o
       120          4          0          0          0        140   dgeqf.o
       120          4          0          0          0        140   dleqf.o
       340         12          0          0          0        152   dmul.o
       156          4          0          0          0        140   dnaninf.o
        12          0          0          0          0        116   dretinf.o
        86          4          0          0          0        132   f2d.o
       140          4          0          0          0        132   fnaninf.o
        26          0          0          0          0        116   fpinit.o
        10          0          0          0          0        116   fretinf.o
         0          0          0          0          0          0   usenofp.o

    ----------------------------------------------------------------------
      3884        216          0          0         96       3600   Library Totals
        14          0          0          0          0          0   (incl. Padding)

    ----------------------------------------------------------------------

      Code (inc. data)   RO Data    RW Data    ZI Data      Debug   Library Name

       940         16          0          0         96        980   c_w.l
      2930        200          0          0          0       2620   fz_wm.l

    ----------------------------------------------------------------------
      3884        216          0          0         96       3600   Library Totals

    ----------------------------------------------------------------------

==============================================================================


      Code (inc. data)   RO Data    RW Data    ZI Data      Debug   

     38056        384        808       3556      36804     326197   Grand Totals
     38056        384        808        224      36804     326197   ELF Image Totals (compressed)
     38056        384        808        224          0          0   ROM Totals

==============================================================================

    Total RO  Size (Code + RO Data)                38864 (  37.95kB)
    Total RW  Size (RW Data + ZI Data)             40360 (  39.41kB)
    Total ROM Size (Code + RO Data + RW Data)      39088 (  38.17kB)

==============================================================================

