<html>
<body>
<pre>
<h1>µVision Build Log</h1>
<h2>Tool Versions:</h2>
IDE-Version: µVision V5.34.0.0
Copyright (C) 2021 ARM Ltd and ARM Germany GmbH. All rights reserved.
License Information: Me You, Me&You, LIC=3UURY-I1GTU-INVA7-E20ZS-U3XTC-4VMJ1
 
Tool Versions:
Toolchain:       MDK-ARM Professional  Version: 5.34.0.0
Toolchain Path:  C:\Keil_v5\ARM\ARMCLANG\Bin
C Compiler:      ArmClang.exe V6.16
Assembler:       Armasm.exe V6.16
Linker/Locator:  ArmLink.exe V6.16
Library Manager: ArmAr.exe V6.16
Hex Converter:   FromElf.exe V6.16
CPU DLL:         SARMCM3.DLL V5.34.0.0
Dialog DLL:      DCM.DLL V1.17.3.0
Target DLL:      STLink\ST-LINKIII-KEIL_SWO.dll V3.0.8.0
Dialog DLL:      TCM.DLL V1.48.0.0
 
<h2>Project:</h2>
C:\Users\3060\Documents\MEGA\Projects\Linear Inverted Pendulum\Firmware\prj.uvprojx
Project File Date:  12/11/2024

<h2>Output:</h2>
*** Using Compiler 'V6.16', folder: 'C:\Keil_v5\ARM\ARMCLANG\Bin'
Build target 'Debug'
compiling pole_placement.c...
linking...
Program Size: Code=49904 RO-data=1672 RW-data=3556 ZI-data=37044  
".\Objects\prj.axf" - 0 Error(s), 0 Warning(s).

<h2>Software Packages used:</h2>

Package Vendor: ARM
                https://www.keil.com/pack/ARM.CMSIS.6.1.0.pack
                ARM.CMSIS.6.1.0
                CMSIS (Common Microcontroller Software Interface Standard)
   * Component: OS Tick Version: 1.0.1
   * Component: RTOS2 Version: 2.3.0
   * Component: CORE Version: 6.1.0
   * Component: SysTick Version: 1.0.5

Package Vendor: ARM
                https://www.keil.com/pack/ARM.CMSIS-RTX.5.9.0.pack
                ARM.CMSIS-RTX.5.9.0
                RTX RTOS implementation of CMSIS-RTOS2 API
   * Component: Keil RTX5 Variant: Source Version: 5.9.0

Package Vendor: Keil
                project-path/Keil.FrameworkCubeMX.1.0.0.pack
                Keil.FrameworkCubeMX.1.0.0
                STM32CubeMX generated pack description
   * Component: STM32CubeMX Version: 1.1.0

Package Vendor: Keil
                https://www.keil.com/pack/Keil.STM32F4xx_DFP.2.17.1.pack
                Keil.STM32F4xx_DFP.2.17.1
                STMicroelectronics STM32F4 Series Device Support, Drivers and Examples
   * Component: Common Version: 1.8.1
   * Component: Cortex Version: 1.8.1
   * Component: DMA Version: 1.8.1
   * Component: GPIO Version: 1.8.1
   * Component: I2C Version: 1.8.1
   * Component: PWR Version: 1.8.1
   * Component: RCC Version: 1.8.1
   * Component: TIM Version: 1.8.1
   * Component: UART Version: 1.8.1
   * Component: Startup Version: 2.6.3

Package Vendor: Keil
                http://www.keil.com/pack/Keil.STM32G0xx_DFP.1.4.0.pack
                Keil.STM32G0xx_DFP.1.4.0
                STMicroelectronics STM32G0 Series Device Support
   * Component: STM32Cube Framework Version: 1.1.0

<h2>Collection of Component include folders:</h2>
  .\RTE\CMSIS
  .\RTE\Device\STM32F401CCUx
  .\RTE\Device\STM32F401CCUx\STCubeGenerated
  .\RTE\Device\STM32F401CCUx\STCubeGenerated\Inc
  .\RTE\_Debug
  C:\Users\3060\AppData\Local\Arm\Packs\ARM\CMSIS-RTX\5.9.0\Include
  C:\Users\3060\AppData\Local\Arm\Packs\ARM\CMSIS\6.1.0\CMSIS\Core\Include
  C:\Users\3060\AppData\Local\Arm\Packs\ARM\CMSIS\6.1.0\CMSIS\RTOS2\Include
  C:\Users\3060\AppData\Local\Arm\Packs\Keil\STM32F4xx_DFP\2.17.1\Drivers\CMSIS\Device\ST\STM32F4xx\Include
  C:\Users\3060\AppData\Local\Arm\Packs\Keil\STM32F4xx_DFP\2.17.1\Drivers\STM32F4xx_HAL_Driver\Inc

<h2>Collection of Component Files used:</h2>

   * Component: ::CMSIS:OS Tick:1.0.1 (API)
      Include file:  CMSIS\RTOS2\Include\os_tick.h

   * Component: ::CMSIS:RTOS2:2.3.0 (API)
      Include file:  CMSIS\RTOS2\Include\cmsis_os2.h

   * Component: ::Device:STM32Cube Framework:1.1.0 (API)

   * Component: ARM::CMSIS:CORE:6.1.0

   * Component: ARM::CMSIS:OS Tick:SysTick:1.0.5
      Source file:   CMSIS\RTOS2\Source\os_systick.c

   * Component: ARM::CMSIS:RTOS2:Keil RTX5:Source:5.9.0
      Source file:   Source\GCC\irq_armv7m.S
      Source file:   Config\RTX_Config.c
      Source file:   Template\MsgQueue.c
      Source file:   Source\rtx_kernel.c
      Source file:   Template\svc_user.c
      Source file:   Source\rtx_thread.c
      Source file:   Template\main.c
      Source file:   Template\MemPool.c
      Source file:   Template\Thread.c
      Source file:   Template\Mutex.c
      Source file:   Source\rtx_delay.c
      Source file:   Source\rtx_evflags.c
      Source file:   Template\Semaphore.c
      Source file:   Source\rtx_mutex.c
      Source file:   Template\Timer.c
      Source file:   Source\rtx_semaphore.c
      Source file:   Source\rtx_memory.c
      Source file:   Source\rtx_mempool.c
      Source file:   Source\rtx_msgqueue.c
      Include file:  Config\RTX_Config.h
      Source file:   Source\rtx_system.c
      Include file:  Include\rtx_os.h
      Source file:   Source\rtx_timer.c
      Source file:   Source\rtx_evr.c
      Source file:   Source\rtx_lib.c
      Source file:   Template\Events.c

   * Component: Keil::Device:STM32Cube Framework:STM32CubeMX:1.1.0
      Include file:  MX_Device.h
      Source file:   STCubeGenerated\Src\stm32f4xx_hal_msp.c
      Include file:  STCubeGenerated\Inc\stm32f4xx_hal_conf.h

   * Component: Keil::Device:STM32Cube HAL:Common:1.8.1
      Source file:   Drivers\STM32F4xx_HAL_Driver\Src\stm32f4xx_hal.c
      Include file:  Drivers\STM32F4xx_HAL_Driver\Inc\stm32f4xx_hal.h

   * Component: Keil::Device:STM32Cube HAL:Cortex:1.8.1
      Source file:   Drivers\STM32F4xx_HAL_Driver\Src\stm32f4xx_hal_cortex.c

   * Component: Keil::Device:STM32Cube HAL:DMA:1.8.1
      Source file:   Drivers\STM32F4xx_HAL_Driver\Src\stm32f4xx_hal_dma_ex.c
      Source file:   Drivers\STM32F4xx_HAL_Driver\Src\stm32f4xx_hal_dma.c

   * Component: Keil::Device:STM32Cube HAL:GPIO:1.8.1
      Source file:   Drivers\STM32F4xx_HAL_Driver\Src\stm32f4xx_hal_gpio.c

   * Component: Keil::Device:STM32Cube HAL:I2C:1.8.1
      Source file:   Drivers\STM32F4xx_HAL_Driver\Src\stm32f4xx_hal_i2c.c
      Source file:   Drivers\STM32F4xx_HAL_Driver\Src\stm32f4xx_hal_i2c_ex.c

   * Component: Keil::Device:STM32Cube HAL:PWR:1.8.1
      Source file:   Drivers\STM32F4xx_HAL_Driver\Src\stm32f4xx_hal_pwr_ex.c
      Source file:   Drivers\STM32F4xx_HAL_Driver\Src\stm32f4xx_hal_pwr.c

   * Component: Keil::Device:STM32Cube HAL:RCC:1.8.1
      Source file:   Drivers\STM32F4xx_HAL_Driver\Src\stm32f4xx_hal_rcc_ex.c
      Source file:   Drivers\STM32F4xx_HAL_Driver\Src\stm32f4xx_hal_rcc.c

   * Component: Keil::Device:STM32Cube HAL:TIM:1.8.1
      Source file:   Drivers\STM32F4xx_HAL_Driver\Src\stm32f4xx_hal_tim.c
      Source file:   Drivers\STM32F4xx_HAL_Driver\Src\stm32f4xx_hal_tim_ex.c

   * Component: Keil::Device:STM32Cube HAL:UART:1.8.1
      Source file:   Drivers\STM32F4xx_HAL_Driver\Src\stm32f4xx_hal_uart.c

   * Component: Keil::Device:Startup:2.6.3
      Include file:  Drivers\CMSIS\Device\ST\STM32F4xx\Include\stm32f4xx.h
      Source file:   MDK\Device\Source\ARM\STM32F401xx_OPT.s
      Source file:   MDK\Device\Source\ARM\STM32F4xx_OTP.s
      Source file:   Drivers\CMSIS\Device\ST\STM32F4xx\Source\Templates\arm\startup_stm32f401xc.s
      Source file:   Drivers\CMSIS\Device\ST\STM32F4xx\Source\Templates\system_stm32f4xx.c
Build Time Elapsed:  00:00:01
</pre>
</body>
</html>
